 ref_gl

 Timestamp is 53d971a8 (Thu Jul 31 00:28:56 2014)

 Preferred load address is 10000000

 Start         Length     Name                   Class
 0001:00000000 0003b5deH .text                   CODE
 0002:00000000 000001b8H .idata$5                DATA
 0002:000001c0 00006120H .rdata                  DATA
 0002:000062e0 00000050H .idata$2                DATA
 0002:00006330 00000014H .idata$3                DATA
 0002:00006344 000001b8H .idata$4                DATA
 0002:000064fc 0000078cH .idata$6                DATA
 0002:00006c90 00000047H .edata                  DATA
 0003:00000000 00000004H .CRT$XCA                DATA
 0003:00000004 00000004H .CRT$XCZ                DATA
 0003:00000008 00000004H .CRT$XIA                DATA
 0003:0000000c 00000008H .CRT$XIC                DATA
 0003:00000014 00000004H .CRT$XIZ                DATA
 0003:00000018 00000004H .CRT$XPA                DATA
 0003:0000001c 00000004H .CRT$XPX                DATA
 0003:00000020 00000004H .CRT$XPZ                DATA
 0003:00000024 00000004H .CRT$XTA                DATA
 0003:00000028 00000004H .CRT$XTZ                DATA
 0003:00000030 0000690cH .data                   DATA
 0003:00006940 000b1e48H .bss                    DATA

  Address         Publics by Value              Rva+Base     Lib:Object

 0001:00000000       _Draw_InitLocal            10001000 f   gl_draw.obj
 0001:00000060       _Draw_Char                 10001060 f   gl_draw.obj
 0001:000001b0       _Draw_FindPic              100011b0 f   gl_draw.obj
 0001:00000220       _Draw_GetPicSize           10001220 f   gl_draw.obj
 0001:00000270       _Draw_StretchPic           10001270 f   gl_draw.obj
 0001:00000400       _Draw_Pic                  10001400 f   gl_draw.obj
 0001:000005a0       _Draw_TileClear            100015a0 f   gl_draw.obj
 0001:00000790       _Draw_Fill                 10001790 f   gl_draw.obj
 0001:000008d0       _Draw_FadeScreen           100018d0 f   gl_draw.obj
 0001:000009c0       _Draw_StretchRaw           100019c0 f   gl_draw.obj
 0001:00000e00       _GL_SetTexturePalette      10001e00 f   gl_image.obj
 0001:00000ee0       _GL_EnableMultitexture     10001ee0 f   gl_image.obj
 0001:00000f80       _GL_SelectTexture          10001f80 f   gl_image.obj
 0001:00001010       _GL_TexEnv                 10002010 f   gl_image.obj
 0001:00001070       _GL_Bind                   10002070 f   gl_image.obj
 0001:000010e0       _GL_MBind                  100020e0 f   gl_image.obj
 0001:00001130       _GL_TextureMode            10002130 f   gl_image.obj
 0001:00001240       _GL_TextureAlphaMode       10002240 f   gl_image.obj
 0001:000012b0       _GL_TextureSolidMode       100022b0 f   gl_image.obj
 0001:00001320       _GL_ImageList_f            10002320 f   gl_image.obj
 0001:00001470       _Scrap_AllocBlock          10002470 f   gl_image.obj
 0001:000015b0       _Scrap_Upload              100025b0 f   gl_image.obj
 0001:00001600       _LoadPCX                   10002600 f   gl_image.obj
 0001:00001930       _LoadTGA                   10002930 f   gl_image.obj
 0001:00002080       _R_FloodFillSkin           10003080 f   gl_image.obj
 0001:00002490       _GL_ResampleTexture        10003490 f   gl_image.obj
 0001:00002720       _GL_LightScaleTexture      10003720 f   gl_image.obj
 0001:00002840       _GL_MipMap                 10003840 f   gl_image.obj
 0001:000029a0       _GL_BuildPalettedTexture   100039a0 f   gl_image.obj
 0001:00002a40       _GL_Upload32               10003a40 f   gl_image.obj
 0001:000030c0       _GL_Upload8                100040c0 f   gl_image.obj
 0001:00003360       _GL_LoadPic                10004360 f   gl_image.obj
 0001:000036f0       _GL_LoadWal                100046f0 f   gl_image.obj
 0001:000037a0       _GL_FindImage              100047a0 f   gl_image.obj
 0001:00003970       _R_RegisterSkin            10004970 f   gl_image.obj
 0001:00003990       _GL_FreeUnusedImages       10004990 f   gl_image.obj
 0001:00003a30       _Draw_GetPalette           10004a30 f   gl_image.obj
 0001:00003b30       _GL_InitImages             10004b30 f   gl_image.obj
 0001:00003d00       _GL_ShutdownImages         10004d00 f   gl_image.obj
 0001:00003d70       _R_RenderDlight            10004d70 f   gl_light.obj
 0001:00003f20       _R_RenderDlights           10004f20 f   gl_light.obj
 0001:00004010       _R_MarkLights              10005010 f   gl_light.obj
 0001:00004180       _R_PushDlights             10005180 f   gl_light.obj
 0001:00004210       _RecursiveLightPoint       10005210 f   gl_light.obj
 0001:000046a0       _R_LightPoint              100056a0 f   gl_light.obj
 0001:00004850       _R_AddDynamicLights        10005850 f   gl_light.obj
 0001:00004b40       _R_SetCacheState           10005b40 f   gl_light.obj
 0001:00004ba0       _R_BuildLightMap           10005ba0 f   gl_light.obj
 0001:00005440       _GL_LerpVerts              10006440 f   gl_mesh.obj
 0001:00005660       _GL_DrawAliasFrameLerp     10006660 f   gl_mesh.obj
 0001:00005c50       _GL_DrawAliasShadow        10006c50 f   gl_mesh.obj
 0001:00005d80       _R_DrawAliasModel          10006d80 f   gl_mesh.obj
 0001:00006b90       _Mod_PointInLeaf           10007b90 f   gl_model.obj
 0001:00006c50       _Mod_DecompressVis         10007c50 f   gl_model.obj
 0001:00006d20       _Mod_ClusterPVS            10007d20 f   gl_model.obj
 0001:00006d70       _Mod_Modellist_f           10007d70 f   gl_model.obj
 0001:00006e20       _Mod_Init                  10007e20 f   gl_model.obj
 0001:00006e50       _Mod_ForName               10007e50 f   gl_model.obj
 0001:00007100       _Mod_LoadLighting          10008100 f   gl_model.obj
 0001:00007170       _Mod_LoadVisibility        10008170 f   gl_model.obj
 0001:00007290       _Mod_LoadVertexes          10008290 f   gl_model.obj
 0001:00007390       _RadiusFromBounds          10008390 f   gl_model.obj
 0001:00007450       _Mod_LoadSubmodels         10008450 f   gl_model.obj
 0001:000075f0       _Mod_LoadEdges             100085f0 f   gl_model.obj
 0001:000076e0       _Mod_LoadTexinfo           100086e0 f   gl_model.obj
 0001:000078f0       _CalcSurfaceExtents        100088f0 f   gl_model.obj
 0001:00007b10       _Mod_LoadFaces             10008b10 f   gl_model.obj
 0001:00007df0       _Mod_SetParent             10008df0 f   gl_model.obj
 0001:00007e40       _Mod_LoadNodes             10008e40 f   gl_model.obj
 0001:00008060       _Mod_LoadLeafs             10009060 f   gl_model.obj
 0001:00008220       _Mod_LoadMarksurfaces      10009220 f   gl_model.obj
 0001:00008320       _Mod_LoadSurfedges         10009320 f   gl_model.obj
 0001:00008410       _Mod_LoadPlanes            10009410 f   gl_model.obj
 0001:00008570       _Mod_LoadBrushModel        10009570 f   gl_model.obj
 0001:00008810       _Mod_LoadAliasModel        10009810 f   gl_model.obj
 0001:00008c70       _Mod_LoadSpriteModel       10009c70 f   gl_model.obj
 0001:00008e30       _R_BeginRegistration       10009e30 f   gl_model.obj
 0001:00008ee0       _R_RegisterModel           10009ee0 f   gl_model.obj
 0001:00009030       _R_EndRegistration         1000a030 f   gl_model.obj
 0001:000090a0       _Mod_Free                  1000a0a0 f   gl_model.obj
 0001:000090e0       _Mod_FreeAll               1000a0e0 f   gl_model.obj
 0001:00009140       _R_CullBox                 1000a140 f   gl_rmain.obj
 0001:00009250       _R_RotateForEntity         1000a250 f   gl_rmain.obj
 0001:000092d0       _R_DrawSpriteModel         1000a2d0 f   gl_rmain.obj
 0001:000095c0       _R_DrawNullModel           1000a5c0 f   gl_rmain.obj
 0001:00009780       _R_DrawEntitiesOnList      1000a780 f   gl_rmain.obj
 0001:000099a0       _GL_DrawParticles          1000a9a0 f   gl_rmain.obj
 0001:00009bc0       _R_DrawParticles           1000abc0 f   gl_rmain.obj
 0001:00009cf0       _R_PolyBlend               1000acf0 f   gl_rmain.obj
 0001:00009e40       _SignbitsForPlane          1000ae40 f   gl_rmain.obj
 0001:00009ea0       _R_SetFrustum              1000aea0 f   gl_rmain.obj
 0001:0000a000       _R_SetupFrame              1000b000 f   gl_rmain.obj
 0001:0000a250       _MYgluPerspective          1000b250 f   gl_rmain.obj
 0001:0000a300       _R_SetupGL                 1000b300 f   gl_rmain.obj
 0001:0000a5a0       _R_Clear                   1000b5a0 f   gl_rmain.obj
 0001:0000a6b0       _R_Flash                   1000b6b0 f   gl_rmain.obj
 0001:0000a6d0       _R_RenderView              1000b6d0 f   gl_rmain.obj
 0001:0000a7f0       _R_SetGL2D                 1000b7f0 f   gl_rmain.obj
 0001:0000a8d0       _R_SetLightLevel           1000b8d0 f   gl_rmain.obj
 0001:0000a980       _R_RenderFrame             1000b980 f   gl_rmain.obj
 0001:0000a9b0       _R_Register                1000b9b0 f   gl_rmain.obj
 0001:0000afc0       _R_SetMode                 1000bfc0 f   gl_rmain.obj
 0001:0000b190       _R_Init                    1000c190 f   gl_rmain.obj
 0001:0000b990       _R_Shutdown                1000c990 f   gl_rmain.obj
 0001:0000b9f0       _R_BeginFrame              1000c9f0 f   gl_rmain.obj
 0001:0000bd20       _R_SetPalette              1000cd20 f   gl_rmain.obj
 0001:0000be70       _R_DrawBeam                1000ce70 f   gl_rmain.obj
 0001:0000c1f0       _GetRefAPI                 1000d1f0 f   gl_rmain.obj
 0001:0000c2d0       _Sys_Error                 1000d2d0 f   gl_rmain.obj
 0001:0000c320       _Com_Printf                1000d320 f   gl_rmain.obj
 0001:0000c370       _R_InitParticleTexture     1000d370 f   gl_rmisc.obj
 0001:0000c510       _GL_ScreenShot_f           1000d510 f   gl_rmisc.obj
 0001:0000c7c0       _GL_Strings_f              1000d7c0 f   gl_rmisc.obj
 0001:0000c830       _GL_SetDefaultState        1000d830 f   gl_rmisc.obj
 0001:0000ca40       _GL_UpdateSwapInterval     1000da40 f   gl_rmisc.obj
 0001:0000cad0       _R_TextureAnimation        1000dad0 f   gl_rsurf.obj
 0001:0000cb30       _DrawGLPoly                1000db30 f   gl_rsurf.obj
 0001:0000cba0       _DrawGLFlowingPoly         1000dba0 f   gl_rsurf.obj
 0001:0000cc60       _R_DrawTriangleOutlines    1000dc60 f   gl_rsurf.obj
 0001:0000cdb0       _DrawGLPolyChain           1000ddb0 f   gl_rsurf.obj
 0001:0000cee0       _R_BlendLightmaps          1000dee0 f   gl_rsurf.obj
 0001:0000d320       _R_RenderBrushPoly         1000e320 f   gl_rsurf.obj
 0001:0000d5e0       _R_DrawAlphaSurfaces       1000e5e0 f   gl_rsurf.obj
 0001:0000d750       _DrawTextureChains         1000e750 f   gl_rsurf.obj
 0001:0000d930       _R_DrawInlineBModel        1000e930 f   gl_rsurf.obj
 0001:0000e1c0       _R_DrawBrushModel          1000f1c0 f   gl_rsurf.obj
 0001:0000e4c0       _R_RecursiveWorldNode      1000f4c0 f   gl_rsurf.obj
 0001:0000e780       _R_DrawWorld               1000f780 f   gl_rsurf.obj
 0001:0000e920       _R_MarkLeaves              1000f920 f   gl_rsurf.obj
 0001:0000eeb0       _GL_BuildPolygonFromSurface 1000feb0 f   gl_rsurf.obj
 0001:0000f200       _GL_CreateSurfaceLightmap  10010200 f   gl_rsurf.obj
 0001:0000f300       _GL_BeginBuildingLightmaps 10010300 f   gl_rsurf.obj
 0001:0000f4f0       _GL_EndBuildingLightmaps   100104f0 f   gl_rsurf.obj
 0001:0000f520       _BoundPoly                 10010520 f   gl_warp.obj
 0001:0000f600       _SubdividePolygon          10010600 f   gl_warp.obj
 0001:0000fc70       _GL_SubdivideSurface       10010c70 f   gl_warp.obj
 0001:0000fdd0       _EmitWaterPolys            10010dd0 f   gl_warp.obj
 0001:0000ff50       _DrawSkyPolygon            10010f50 f   gl_warp.obj
 0001:00010220       _ClipSkyPolygon            10011220 f   gl_warp.obj
 0001:00010710       _R_AddSkySurface           10011710 f   gl_warp.obj
 0001:00010800       _R_ClearSkyBox             10011800 f   gl_warp.obj
 0001:00010870       _MakeSkyVec                10011870 f   gl_warp.obj
 0001:000109b0       _R_DrawSkyBox              100119b0 f   gl_warp.obj
 0001:00010be0       _R_SetSky                  10011be0 f   gl_warp.obj
 0001:00010da0       _VID_CreateWindow          10011da0 f   glw_imp.obj
 0001:00010fb0       _GLimp_SetMode             10011fb0 f   glw_imp.obj
 0001:00011340       _GLimp_Shutdown            10012340 f   glw_imp.obj
 0001:00011460       _GLimp_Init                10012460 f   glw_imp.obj
 0001:00011520       _GLimp_InitGL              10012520 f   glw_imp.obj
 0001:00011960       _GLimp_BeginFrame          10012960 f   glw_imp.obj
 0001:00011a20       _GLimp_EndFrame            10012a20 f   glw_imp.obj
 0001:00011aa0       _GLimp_AppActivate         10012aa0 f   glw_imp.obj
 0001:00011b00       _RotatePointAroundVector   10012b00 f   q_shared.obj
 0001:00011d40       _AngleVectors              10012d40 f   q_shared.obj
 0001:00011f30       _ProjectPointOnPlane       10012f30 f   q_shared.obj
 0001:00012000       _PerpendicularVector       10013000 f   q_shared.obj
 0001:000120c0       _R_ConcatRotations         100130c0 f   q_shared.obj
 0001:00012270       _R_ConcatTransforms        10013270 f   q_shared.obj
 0001:000124c0       _Q_fabs                    100134c0 f   q_shared.obj
 0001:000124f0       _Q_ftol                    100134f0 f   q_shared.obj
 0001:00012500       _LerpAngle                 10013500 f   q_shared.obj
 0001:00012560       _anglemod                  10013560 f   q_shared.obj
 0001:000125a0       _BoxOnPlaneSide2           100135a0 f   q_shared.obj
 0001:000126b0       _BoxOnPlaneSide            100136b0 f   q_shared.obj
 0001:00012930       _ClearBounds               10013930 f   q_shared.obj
 0001:00012980       _AddPointToBounds          10013980 f   q_shared.obj
 0001:00012a00       _VectorCompare             10013a00 f   q_shared.obj
 0001:00012a50       _VectorNormalize           10013a50 f   q_shared.obj
 0001:00012af0       _VectorNormalize2          10013af0 f   q_shared.obj
 0001:00012b90       _VectorMA                  10013b90 f   q_shared.obj
 0001:00012be0       __DotProduct               10013be0 f   q_shared.obj
 0001:00012c20       __VectorSubtract           10013c20 f   q_shared.obj
 0001:00012c70       __VectorAdd                10013c70 f   q_shared.obj
 0001:00012cc0       __VectorCopy               10013cc0 f   q_shared.obj
 0001:00012d00       _CrossProduct              10013d00 f   q_shared.obj
 0001:00012d70       _VectorLength              10013d70 f   q_shared.obj
 0001:00012dd0       _VectorInverse             10013dd0 f   q_shared.obj
 0001:00012e10       _VectorScale               10013e10 f   q_shared.obj
 0001:00012e50       _Q_log2                    10013e50 f   q_shared.obj
 0001:00012e90       _COM_SkipPath              10013e90 f   q_shared.obj
 0001:00012ee0       _COM_StripExtension        10013ee0 f   q_shared.obj
 0001:00012f30       _COM_FileExtension         10013f30 f   q_shared.obj
 0001:00012fd0       _COM_FileBase              10013fd0 f   q_shared.obj
 0001:00013080       _COM_FilePath              10014080 f   q_shared.obj
 0001:000130f0       _COM_DefaultExtension      100140f0 f   q_shared.obj
 0001:00013160       _BigShort                  10014160 f   q_shared.obj
 0001:00013180       _LittleShort               10014180 f   q_shared.obj
 0001:000131a0       _BigLong                   100141a0 f   q_shared.obj
 0001:000131c0       _LittleLong                100141c0 f   q_shared.obj
 0001:000131e0       _BigFloat                  100141e0 f   q_shared.obj
 0001:00013200       _LittleFloat               10014200 f   q_shared.obj
 0001:00013220       _ShortSwap                 10014220 f   q_shared.obj
 0001:00013270       _ShortNoSwap               10014270 f   q_shared.obj
 0001:00013290       _LongSwap                  10014290 f   q_shared.obj
 0001:00013310       _LongNoSwap                10014310 f   q_shared.obj
 0001:00013330       _FloatSwap                 10014330 f   q_shared.obj
 0001:00013370       _FloatNoSwap               10014370 f   q_shared.obj
 0001:00013390       _Swap_Init                 10014390 f   q_shared.obj
 0001:00013440       _va                        10014440 f   q_shared.obj
 0001:00013480       _COM_Parse                 10014480 f   q_shared.obj
 0001:00013600       _Com_PageInMemory          10014600 f   q_shared.obj
 0001:00013650       _Q_stricmp                 10014650 f   q_shared.obj
 0001:00013670       _Q_strncasecmp             10014670 f   q_shared.obj
 0001:00013700       _Q_strcasecmp              10014700 f   q_shared.obj
 0001:00013730       _Com_sprintf               10014730 f   q_shared.obj
 0001:000137b0       _Info_ValueForKey          100147b0 f   q_shared.obj
 0001:00013910       _Info_RemoveKey            10014910 f   q_shared.obj
 0001:00013a60       _Info_Validate             10014a60 f   q_shared.obj
 0001:00013ab0       _Info_SetValueForKey       10014ab0 f   q_shared.obj
 0001:00013cb0       _Hunk_Begin                10014cb0 f   q_shwin.obj
 0001:00013d10       _Hunk_Alloc                10014d10 f   q_shwin.obj
 0001:00013dc0       _Hunk_End                  10014dc0 f   q_shwin.obj
 0001:00013df0       _Hunk_Free                 10014df0 f   q_shwin.obj
 0001:00013e30       _Sys_Milliseconds          10014e30 f   q_shwin.obj
 0001:00013e80       _Sys_Mkdir                 10014e80 f   q_shwin.obj
 0001:00013ea0       _Sys_FindFirst             10014ea0 f   q_shwin.obj
 0001:00014070       _Sys_FindNext              10015070 f   q_shwin.obj
 0001:00014100       _Sys_FindClose             10015100 f   q_shwin.obj
 0001:00014140       _QGL_Shutdown              10015140 f   qgl_win.obj
 0001:00014f90       _QGL_Init                  10015f90 f   qgl_win.obj
 0001:00017f60       _GLimp_EnableLogging       10018f60 f   qgl_win.obj
 0001:0001eae0       _GLimp_LogNewFrame         1001fae0 f   qgl_win.obj
 0001:0001eb04       _GetVersionExA@4           1001fb04 f   kernel32:KERNEL32.dll
 0001:0001eb0a       _VirtualAlloc@16           1001fb0a f   kernel32:KERNEL32.dll
 0001:0001eb10       _FormatMessageA@28         1001fb10 f   kernel32:KERNEL32.dll
 0001:0001eb16       _GetLastError@0            1001fb16 f   kernel32:KERNEL32.dll
 0001:0001eb1c       _VirtualFree@12            1001fb1c f   kernel32:KERNEL32.dll
 0001:0001eb22       _FreeLibrary@4             1001fb22 f   kernel32:KERNEL32.dll
 0001:0001eb28       _GetProcAddress@8          1001fb28 f   kernel32:KERNEL32.dll
 0001:0001eb2e       _LoadLibraryA@4            1001fb2e f   kernel32:KERNEL32.dll
 0001:0001eb34       _SetFocus@4                1001fb34 f   user32:USER32.dll
 0001:0001eb3a       _SetForegroundWindow@4     1001fb3a f   user32:USER32.dll
 0001:0001eb40       _UpdateWindow@4            1001fb40 f   user32:USER32.dll
 0001:0001eb46       _ShowWindow@8              1001fb46 f   user32:USER32.dll
 0001:0001eb4c       _CreateWindowExA@48        1001fb4c f   user32:USER32.dll
 0001:0001eb52       _AdjustWindowRect@12       1001fb52 f   user32:USER32.dll
 0001:0001eb58       _RegisterClassA@4          1001fb58 f   user32:USER32.dll
 0001:0001eb5e       _LoadCursorA@8             1001fb5e f   user32:USER32.dll
 0001:0001eb64       _ChangeDisplaySettingsA@8  1001fb64 f   user32:USER32.dll
 0001:0001eb6a       _ReleaseDC@8               1001fb6a f   user32:USER32.dll
 0001:0001eb70       _GetDC@4                   1001fb70 f   user32:USER32.dll
 0001:0001eb76       _UnregisterClassA@8        1001fb76 f   user32:USER32.dll
 0001:0001eb7c       _DestroyWindow@4           1001fb7c f   user32:USER32.dll
 0001:0001eb82       _GetDeviceCaps@8           1001fb82 f   gdi32:GDI32.dll
 0001:0001eb88       _DescribePixelFormat@16    1001fb88 f   gdi32:GDI32.dll
 0001:0001eb8e       _SetPixelFormat@12         1001fb8e f   gdi32:GDI32.dll
 0001:0001eb94       _ChoosePixelFormat@8       1001fb94 f   gdi32:GDI32.dll
 0001:0001eb9a       _timeGetTime@0             1001fb9a f   winmm:WINMM.dll
 0001:0001eba0       __fpmath                   1001fba0 f   LIBCMTD:fpinit.obj
 0001:0001ebd0       __fpclear                  1001fbd0 f   LIBCMTD:fpinit.obj
 0001:0001ebe0       __cfltcvt_init             1001fbe0 f   LIBCMTD:fpinit.obj
 0001:0001ec30       ___setfflag                1001fc30 f   LIBCMTD:fpinit.obj
 0001:0001ec50       __alloca_probe             1001fc50 f   LIBCMTD:chkstk.obj
 0001:0001ec50       __chkstk                   1001fc50 f   LIBCMTD:chkstk.obj
 0001:0001ec80       __ftol                     1001fc80 f   LIBCMTD:ftol.obj
 0001:0001ecb0       _malloc                    1001fcb0 f   LIBCMTD:dbgheap.obj
 0001:0001ecd0       __malloc_dbg               1001fcd0 f   LIBCMTD:dbgheap.obj
 0001:0001ed00       __nh_malloc                1001fd00 f   LIBCMTD:dbgheap.obj
 0001:0001ed20       __nh_malloc_dbg            1001fd20 f   LIBCMTD:dbgheap.obj
 0001:0001ed80       __heap_alloc               1001fd80 f   LIBCMTD:dbgheap.obj
 0001:0001eda0       __heap_alloc_dbg           1001fda0 f   LIBCMTD:dbgheap.obj
 0001:0001f0c0       _calloc                    100200c0 f   LIBCMTD:dbgheap.obj
 0001:0001f0e0       __calloc_dbg               100200e0 f   LIBCMTD:dbgheap.obj
 0001:0001f140       _realloc                   10020140 f   LIBCMTD:dbgheap.obj
 0001:0001f160       __realloc_dbg              10020160 f   LIBCMTD:dbgheap.obj
 0001:0001f6c0       __expand                   100206c0 f   LIBCMTD:dbgheap.obj
 0001:0001f6e0       __expand_dbg               100206e0 f   LIBCMTD:dbgheap.obj
 0001:0001f720       _free                      10020720 f   LIBCMTD:dbgheap.obj
 0001:0001f740       __free_lk                  10020740 f   LIBCMTD:dbgheap.obj
 0001:0001f760       __free_dbg                 10020760 f   LIBCMTD:dbgheap.obj
 0001:0001f790       __free_dbg_lk              10020790 f   LIBCMTD:dbgheap.obj
 0001:0001fb80       __msize                    10020b80 f   LIBCMTD:dbgheap.obj
 0001:0001fba0       __msize_dbg                10020ba0 f   LIBCMTD:dbgheap.obj
 0001:0001fd00       __CrtSetBreakAlloc         10020d00 f   LIBCMTD:dbgheap.obj
 0001:0001fd20       __CrtSetDbgBlockType       10020d20 f   LIBCMTD:dbgheap.obj
 0001:0001fdc0       __CrtSetAllocHook          10020dc0 f   LIBCMTD:dbgheap.obj
 0001:0001fe70       __CrtCheckMemory           10020e70 f   LIBCMTD:dbgheap.obj
 0001:000201e0       __CrtSetDbgFlag            100211e0 f   LIBCMTD:dbgheap.obj
 0001:00020210       __CrtDoForAllClientObjects 10021210 f   LIBCMTD:dbgheap.obj
 0001:00020280       __CrtIsValidPointer        10021280 f   LIBCMTD:dbgheap.obj
 0001:000202d0       __CrtIsValidHeapPointer    100212d0 f   LIBCMTD:dbgheap.obj
 0001:00020360       __CrtIsMemoryBlock         10021360 f   LIBCMTD:dbgheap.obj
 0001:00020450       __CrtSetDumpClient         10021450 f   LIBCMTD:dbgheap.obj
 0001:00020470       __CrtMemCheckpoint         10021470 f   LIBCMTD:dbgheap.obj
 0001:000205e0       __CrtMemDifference         100215e0 f   LIBCMTD:dbgheap.obj
 0001:00020710       __CrtMemDumpAllObjectsSince 10021710 f   LIBCMTD:dbgheap.obj
 0001:00020af0       __CrtDumpMemoryLeaks       10021af0 f   LIBCMTD:dbgheap.obj
 0001:00020b70       __CrtMemDumpStatistics     10021b70 f   LIBCMTD:dbgheap.obj
 0001:00020c40       _memcpy                    10021c40 f   LIBCMTD:memcpy.obj
 0001:00020f80       _strcpy                    10021f80 f   LIBCMTD:strcat.obj
 0001:00020f90       _strcat                    10021f90 f   LIBCMTD:strcat.obj
 0001:00021070       _strlen                    10022070 f   LIBCMTD:strlen.obj
 0001:000210f0       _strcmp                    100220f0 f   LIBCMTD:strcmp.obj
 0001:00021180       _memset                    10022180 f   LIBCMTD:memset.obj
 0001:000211e0       __CIpow                    100221e0 f   LIBCMTD:pow.obj
 0001:000211f9       _pow                       100221f9 f   LIBCMTD:pow.obj
 0001:00021400       __CIsin                    10022400 f   LIBCMTD:sin.obj
 0001:00021414       _sin                       10022414 f   LIBCMTD:sin.obj
 0001:000214b0       __CIcos                    100224b0 f   LIBCMTD:cos.obj
 0001:000214c4       _cos                       100224c4 f   LIBCMTD:cos.obj
 0001:00021560       _fabs                      10022560 f   LIBCMTD:fabs.obj
 0001:00021660       _atol                      10022660 f   LIBCMTD:atox.obj
 0001:00021760       _atoi                      10022760 f   LIBCMTD:atox.obj
 0001:00021780       __atoi64                   10022780 f   LIBCMTD:atox.obj
 0001:000218b0       _ceil                      100228b0 f   LIBCMTD:ceil.obj
 0001:000219f0       _floor                     100229f0 f   LIBCMTD:floor.obj
 0001:00021b30       __CItan                    10022b30 f   LIBCMTD:tan.obj
 0001:00021b44       _tan                       10022b44 f   LIBCMTD:tan.obj
 0001:00021bf0       __toupper                  10022bf0 f   LIBCMTD:toupper.obj
 0001:00021c00       _toupper                   10022c00 f   LIBCMTD:toupper.obj
 0001:00021ca0       __toupper_lk               10022ca0 f   LIBCMTD:toupper.obj
 0001:00021dd0       _strstr                    10022dd0 f   LIBCMTD:strstr.obj
 0001:00021e50       _vsprintf                  10022e50 f   LIBCMTD:vsprintf.obj
 0001:00021f50       _fwrite                    10022f50 f   LIBCMTD:fwrite.obj
 0001:00021f90       __fwrite_lk                10022f90 f   LIBCMTD:fwrite.obj
 0001:000221b0       _fclose                    100231b0 f   LIBCMTD:fclose.obj
 0001:00022240       __fclose_lk                10023240 f   LIBCMTD:fclose.obj
 0001:00022300       __fsopen                   10023300 f   LIBCMTD:fopen.obj
 0001:00022400       _fopen                     10023400 f   LIBCMTD:fopen.obj
 0001:00022420       _strncpy                   10023420 f   LIBCMTD:strncpy.obj
 0001:00022520       __assert                   10023520 f   LIBCMTD:assert.obj
 0001:000228a0       __CIsqrt                   100238a0 f   LIBCMTD:sqrt.obj
 0001:000228b4       _sqrt                      100238b4 f   LIBCMTD:sqrt.obj
 0001:00022960       __strcmpi                  10023960 f   LIBCMTD:stricmp.obj
 0001:00022960       __stricmp                  10023960 f   LIBCMTD:stricmp.obj
 0001:00022960       _stricmp                   10023960 f   LIBCMTD:stricmp.obj
 0001:00022a30       __mkdir                    10023a30 f   LIBCMTD:mkdir.obj
 0001:00022a80       __findfirst                10023a80 f   LIBCMTD:findfile.obj
 0001:00022bc0       __findnext                 10023bc0 f   LIBCMTD:findfile.obj
 0001:00022cf0       __findclose                10023cf0 f   LIBCMTD:findfile.obj
 0001:00022d20       ___timet_from_ft           10023d20 f   LIBCMTD:findfile.obj
 0001:00022db0       _fprintf                   10023db0 f   LIBCMTD:fprintf.obj
 0001:00022e80       _asctime                   10023e80 f   LIBCMTD:asctime.obj
 0001:00023080       _localtime                 10024080 f   LIBCMTD:localtim.obj
 0001:000232e0       _time                      100242e0 f   LIBCMTD:time.obj
 0001:00023470       __CRT_INIT@12              10024470 f   LIBCMTD:dllcrt0.obj
 0001:000235b0       __DllMainCRTStartup@12     100245b0 f   LIBCMTD:dllcrt0.obj
 0001:000236b0       __amsg_exit                100246b0 f   LIBCMTD:dllcrt0.obj
 0001:000236f0       __setdefaultprecision      100246f0 f   LIBCMTD:fp8.obj
 0001:00023710       __ms_p5_test_fdiv          10024710 f   LIBCMTD:testfdiv.obj
 0001:00023770       __ms_p5_mp_test_fdiv       10024770 f   LIBCMTD:testfdiv.obj
 0001:000237c0       __forcdecpt                100247c0 f   LIBCMTD:cvt.obj
 0001:00023870       __cropzeros                10024870 f   LIBCMTD:cvt.obj
 0001:00023950       __positive                 10024950 f   LIBCMTD:cvt.obj
 0001:00023980       __fassign                  10024980 f   LIBCMTD:cvt.obj
 0001:000239d0       __cftoe                    100249d0 f   LIBCMTD:cvt.obj
 0001:00023bc0       __cftof                    10024bc0 f   LIBCMTD:cvt.obj
 0001:00023d70       __cftog                    10024d70 f   LIBCMTD:cvt.obj
 0001:00023e60       __cfltcvt                  10024e60 f   LIBCMTD:cvt.obj
 0001:00023ef0       ?_set_new_handler@@YAP6AHI@ZP6AHI@Z@Z 10024ef0 f   LIBCMTD:handler.obj
 0001:00023f20       ?_query_new_handler@@YAP6AHI@ZXZ 10024f20 f   LIBCMTD:handler.obj
 0001:00023f30       __callnewh                 10024f30 f   LIBCMTD:handler.obj
 0001:00023f60       __mtinitlocks              10024f60 f   LIBCMTD:mlock.obj
 0001:00023fa0       __mtdeletelocks            10024fa0 f   LIBCMTD:mlock.obj
 0001:00024040       __lock                     10025040 f   LIBCMTD:mlock.obj
 0001:000240e0       __unlock                   100250e0 f   LIBCMTD:mlock.obj
 0001:00024100       __lockerr_exit             10025100 f   LIBCMTD:mlock.obj
 0001:00024120       __malloc_base              10025120 f   LIBCMTD:malloc.obj
 0001:00024140       __nh_malloc_base           10025140 f   LIBCMTD:malloc.obj
 0001:000241a0       __heap_alloc_base          100251a0 f   LIBCMTD:malloc.obj
 0001:00024210       __CrtDefaultAllocHook      10025210 f   LIBCMTD:dbghook.obj
 0001:00024220       __CrtDbgBreak              10025220 f   LIBCMTD:dbgrpt.obj
 0001:00024230       __CrtSetReportMode         10025230 f   LIBCMTD:dbgrpt.obj
 0001:00024290       __CrtSetReportFile         10025290 f   LIBCMTD:dbgrpt.obj
 0001:00024310       __CrtSetReportHook         10025310 f   LIBCMTD:dbgrpt.obj
 0001:00024330       __CrtDbgReport             10025330 f   LIBCMTD:dbgrpt.obj
 0001:000249d0       __expand_base              100259d0 f   LIBCMTD:expand.obj
 0001:00024a80       __realloc_base             10025a80 f   LIBCMTD:realloc.obj
 0001:00024c70       __free_base                10025c70 f   LIBCMTD:free.obj
 0001:00024ce0       __heapchk                  10025ce0 f   LIBCMTD:heapchk.obj
 0001:00024d60       __heapset                  10025d60 f   LIBCMTD:heapchk.obj
 0001:00024d70       __heap_init                10025d70 f   LIBCMTD:heapinit.obj
 0001:00024dc0       __heap_term                10025dc0 f   LIBCMTD:heapinit.obj
 0001:00024e60       __cinit                    10025e60 f   LIBCMTD:crt0dat.obj
 0001:00024ea0       _exit                      10025ea0 f   LIBCMTD:crt0dat.obj
 0001:00024ec0       __exit                     10025ec0 f   LIBCMTD:crt0dat.obj
 0001:00024ee0       __cexit                    10025ee0 f   LIBCMTD:crt0dat.obj
 0001:00024f00       __c_exit                   10025f00 f   LIBCMTD:crt0dat.obj
 0001:00025010       __lockexit                 10026010 f   LIBCMTD:crt0dat.obj
 0001:00025020       __unlockexit               10026020 f   LIBCMTD:crt0dat.obj
 0001:00025060       __get_sbh_threshold        10026060 f   LIBCMTD:sbheap.obj
 0001:00025070       __set_sbh_threshold        10026070 f   LIBCMTD:sbheap.obj
 0001:00025090       ___sbh_heap_init           10026090 f   LIBCMTD:sbheap.obj
 0001:000250f0       ___sbh_find_block          100260f0 f   LIBCMTD:sbheap.obj
 0001:00025150       ___sbh_verify_block        10026150 f   LIBCMTD:sbheap.obj
 0001:000251b0       ___sbh_free_block          100261b0 f   LIBCMTD:sbheap.obj
 0001:00025780       ___sbh_alloc_block         10026780 f   LIBCMTD:sbheap.obj
 0001:00025cc0       ___sbh_alloc_new_region    10026cc0 f   LIBCMTD:sbheap.obj
 0001:00025dd0       ___sbh_alloc_new_group     10026dd0 f   LIBCMTD:sbheap.obj
 0001:00025fc0       ___sbh_resize_block        10026fc0 f   LIBCMTD:sbheap.obj
 0001:000265b0       ___sbh_heapmin             100275b0 f   LIBCMTD:sbheap.obj
 0001:000266e0       ___sbh_heap_check          100276e0 f   LIBCMTD:sbheap.obj
 0001:00026d00       _sprintf                   10027d00 f   LIBCMTD:sprintf.obj
 0001:00026e00       __isctype                  10027e00 f   LIBCMTD:isctype.obj
 0001:00026ed1       __fFEXP                    10027ed1 f   LIBCMTD:87tran.obj
 0001:00026f38       __rtinfpopse               10027f38 f   LIBCMTD:87tran.obj
 0001:00026f3a       __rtinfnpopse              10027f3a f   LIBCMTD:87tran.obj
 0001:00026f4a       __fFLN                     10027f4a f   LIBCMTD:87tran.obj
 0001:00026fff       __rtinfpop                 10027fff f   LIBCMTD:87tran.obj
 0001:00027001       __rtinfnpop                10028001 f   LIBCMTD:87tran.obj
 0001:0002701e       __ffexpm1                  1002801e f   LIBCMTD:87tran.obj
 0001:000270d0       __trandisp1                100280d0 f   LIBCMTD:87disp.obj
 0001:00027137       __trandisp2                10028137 f   LIBCMTD:87disp.obj
 0001:000271c3       __rttospopde               100281c3 f   LIBCMTD:87disp.obj
 0001:000271c8       __rttospop                 100281c8 f   LIBCMTD:87disp.obj
 0001:000271ca       __rtnospop                 100281ca f   LIBCMTD:87disp.obj
 0001:000271cc       __rttosnpop                100281cc f   LIBCMTD:87disp.obj
 0001:000271cd       __rtnospopde               100281cd f   LIBCMTD:87disp.obj
 0001:000271d4       __rtzeropop                100281d4 f   LIBCMTD:87disp.obj
 0001:000271d6       __rtzeronpop               100281d6 f   LIBCMTD:87disp.obj
 0001:000271db       __rtonepop                 100281db f   LIBCMTD:87disp.obj
 0001:000271dd       __rtonenpop                100281dd f   LIBCMTD:87disp.obj
 0001:000271e2       __tosnan1                  100281e2 f   LIBCMTD:87disp.obj
 0001:0002720d       __nosnan2                  1002820d f   LIBCMTD:87disp.obj
 0001:0002720f       __tosnan2                  1002820f f   LIBCMTD:87disp.obj
 0001:00027237       __nan2                     10028237 f   LIBCMTD:87disp.obj
 0001:00027276       __rtindfpop                10028276 f   LIBCMTD:87disp.obj
 0001:00027278       __rtindfnpop               10028278 f   LIBCMTD:87disp.obj
 0001:00027289       __rttosnpopde              10028289 f   LIBCMTD:87disp.obj
 0001:00027293       __rtchsifneg               10028293 f   LIBCMTD:87disp.obj
 0001:000272a0       __startTwoArgErrorHandling 100282a0 f   LIBCMTD:genexcep.obj
 0001:000272b7       __startOneArgErrorHandling 100282b7 f   LIBCMTD:genexcep.obj
 0001:00027300       __twoToTOS                 10028300 f   LIBCMTD:common.obj
 0001:00027315       __load_CW                  10028315 f   LIBCMTD:common.obj
 0001:0002732c       __convertTOStoQNaN         1002832c f   LIBCMTD:common.obj
 0001:00027345       __fload_withFB             10028345 f   LIBCMTD:common.obj
 0001:00027388       __checkTOS_withFB          10028388 f   LIBCMTD:common.obj
 0001:0002739e       __fast_exit                1002839e f   LIBCMTD:common.obj
 0001:000273ab       __math_exit                100283ab f   LIBCMTD:common.obj
 0001:000273d5       __check_overflow_exit      100283d5 f   LIBCMTD:common.obj
 0001:000273e9       __check_range_exit         100283e9 f   LIBCMTD:common.obj
 0001:00027490       __powhlp                   10028490 f   LIBCMTD:powhlp.obj
 0001:00027700       __d_inttype                10028700 f   LIBCMTD:powhlp.obj
 0001:00027780       __handle_qnan1             10028780 f   LIBCMTD:fpexcept.obj
 0001:000277e0       __handle_qnan2             100287e0 f   LIBCMTD:fpexcept.obj
 0001:00027850       __except1                  10028850 f   LIBCMTD:fpexcept.obj
 0001:00027910       __except2                  10028910 f   LIBCMTD:fpexcept.obj
 0001:000279e0       __raise_exc                100289e0 f   LIBCMTD:fpexcept.obj
 0001:00027eb0       __handle_exc               10028eb0 f   LIBCMTD:fpexcept.obj
 0001:00028230       __umatherr                 10029230 f   LIBCMTD:fpexcept.obj
 0001:000282d0       __set_errno                100292d0 f   LIBCMTD:fpexcept.obj
 0001:00028350       __errcode                  10029350 f   LIBCMTD:fpexcept.obj
 0001:000283d0       __set_exp                  100293d0 f   LIBCMTD:util.obj
 0001:00028410       __get_exp                  10029410 f   LIBCMTD:util.obj
 0001:00028440       __add_exp                  10029440 f   LIBCMTD:util.obj
 0001:00028480       __set_bexp                 10029480 f   LIBCMTD:util.obj
 0001:000284c0       __sptype                   100294c0 f   LIBCMTD:util.obj
 0001:00028540       __decomp                   10029540 f   LIBCMTD:util.obj
 0001:00028680       __statfp                   10029680 f   LIBCMTD:fpctrl.obj
 0001:000286a0       __clrfp                    100296a0 f   LIBCMTD:fpctrl.obj
 0001:000286c0       __ctrlfp                   100296c0 f   LIBCMTD:fpctrl.obj
 0001:00028700       __set_statfp               10029700 f   LIBCMTD:fpctrl.obj
 0001:00028780       __allmul                   10029780 f   LIBCMTD:llmul.obj
 0001:000287c0       __frnd                     100297c0 f   LIBCMTD:frnd.obj
 0001:000287e0       _setlocale                 100297e0 f   LIBCMTD:setlocal.obj
 0001:00028e70       __expandlocale             10029e70 f   LIBCMTD:setlocal.obj
 0001:00029000       ___init_dummy              1002a000 f   LIBCMTD:setlocal.obj
 0001:00029010       __strcats                  1002a010 f   LIBCMTD:setlocal.obj
 0001:00029060       ___lc_strtolc              1002a060 f   LIBCMTD:setlocal.obj
 0001:000291c0       ___lc_lctostr              1002a1c0 f   LIBCMTD:setlocal.obj
 0001:00029230       ___crtLCMapStringA         1002a230 f   LIBCMTD:a_map.obj
 0001:000295a0       _strchr                    1002a5a0 f   LIBCMTD:strchr.obj
 0001:000295a6       ___from_strstr_to_strchr   1002a5a6 f   LIBCMTD:strchr.obj
 0001:00029660       __flsbuf                   1002a660 f   LIBCMTD:_flsbuf.obj
 0001:000298e0       __output                   1002a8e0 f   LIBCMTD:output.obj
 0001:0002a780       ___initstdio               1002b780 f   LIBCMTD:_file.obj
 0001:0002a8b0       ___endstdio                1002b8b0 f   LIBCMTD:_file.obj
 0001:0002a8d0       __lock_file                1002b8d0 f   LIBCMTD:_file.obj
 0001:0002a910       __lock_file2               1002b910 f   LIBCMTD:_file.obj
 0001:0002a940       __unlock_file              1002b940 f   LIBCMTD:_file.obj
 0001:0002a980       __unlock_file2             1002b980 f   LIBCMTD:_file.obj
 0001:0002a9b0       __write                    1002b9b0 f   LIBCMTD:write.obj
 0001:0002aa40       __write_lk                 1002ba40 f   LIBCMTD:write.obj
 0001:0002acc0       _fflush                    1002bcc0 f   LIBCMTD:fflush.obj
 0001:0002ad10       __fflush_lk                1002bd10 f   LIBCMTD:fflush.obj
 0001:0002ad60       __flush                    1002bd60 f   LIBCMTD:fflush.obj
 0001:0002ae20       __flushall                 1002be20 f   LIBCMTD:fflush.obj
 0001:0002af70       __close                    1002bf70 f   LIBCMTD:close.obj
 0001:0002aff0       __close_lk                 1002bff0 f   LIBCMTD:close.obj
 0001:0002b0a0       __freebuf                  1002c0a0 f   LIBCMTD:_freebuf.obj
 0001:0002b140       __openfile                 1002c140 f   LIBCMTD:_open.obj
 0001:0002b4d0       __getstream                1002c4d0 f   LIBCMTD:stream.obj
 0001:0002b650       _abort                     1002c650 f   LIBCMTD:abort.obj
 0001:0002b670       _signal                    1002c670 f   LIBCMTD:winsig.obj
 0001:0002b940       _raise                     1002c940 f   LIBCMTD:winsig.obj
 0001:0002bbe0       ___fpecode                 1002cbe0 f   LIBCMTD:winsig.obj
 0001:0002bbf0       ___pxcptinfoptrs           1002cbf0 f   LIBCMTD:winsig.obj
 0001:0002bc00       ___crtMessageBoxA          1002cc00 f   LIBCMTD:crtmbox.obj
 0001:0002bcc0       __itoa                     1002ccc0 f   LIBCMTD:xtoa.obj
 0001:0002bde0       __ltoa                     1002cde0 f   LIBCMTD:xtoa.obj
 0001:0002be20       __ultoa                    1002ce20 f   LIBCMTD:xtoa.obj
 0001:0002be40       __i64toa                   1002ce40 f   LIBCMTD:xtoa.obj
 0001:0002bf90       __ui64toa                  1002cf90 f   LIBCMTD:xtoa.obj
 0001:0002bfb0       _strncat                   1002cfb0 f   LIBCMTD:strncat.obj
 0001:0002c0e0       _setvbuf                   1002d0e0 f   LIBCMTD:setvbuf.obj
 0001:0002c250       __tolower                  1002d250 f   LIBCMTD:tolower.obj
 0001:0002c260       _tolower                   1002d260 f   LIBCMTD:tolower.obj
 0001:0002c300       __tolower_lk               1002d300 f   LIBCMTD:tolower.obj
 0001:0002c430       __dosmaperr                1002d430 f   LIBCMTD:dosmap.obj
 0001:0002c4d0       __errno                    1002d4d0 f   LIBCMTD:dosmap.obj
 0001:0002c4e0       ___doserrno                1002d4e0 f   LIBCMTD:dosmap.obj
 0001:0002c4f0       ___loctotime_t             1002d4f0 f   LIBCMTD:dtoxtime.obj
 0001:0002c5e0       __stbuf                    1002d5e0 f   LIBCMTD:_sftbuf.obj
 0001:0002c740       __ftbuf                    1002d740 f   LIBCMTD:_sftbuf.obj
 0001:0002c7e0       __mtinit                   1002d7e0 f   LIBCMTD:tidtable.obj
 0001:0002c870       __mtterm                   1002d870 f   LIBCMTD:tidtable.obj
 0001:0002c8a0       __initptd                  1002d8a0 f   LIBCMTD:tidtable.obj
 0001:0002c8c0       __getptd                   1002d8c0 f   LIBCMTD:tidtable.obj
 0001:0002c960       __freeptd                  1002d960 f   LIBCMTD:tidtable.obj
 0001:0002ca70       ___threadid                1002da70 f   LIBCMTD:tidtable.obj
 0001:0002ca80       ___threadhandle            1002da80 f   LIBCMTD:tidtable.obj
 0001:0002ca90       ___tzset                   1002da90 f   LIBCMTD:tzset.obj
 0001:0002cad0       __tzset                    1002dad0 f   LIBCMTD:tzset.obj
 0001:0002cea0       __isindst                  1002dea0 f   LIBCMTD:tzset.obj
 0001:0002d3d0       _gmtime                    1002e3d0 f   LIBCMTD:gmtime.obj
 0001:0002d5d0       __ioinit                   1002e5d0 f   LIBCMTD:ioinit.obj
 0001:0002d900       __ioterm                   1002e900 f   LIBCMTD:ioinit.obj
 0001:0002d9a0       __setenvp                  1002e9a0 f   LIBCMTD:stdenvp.obj
 0001:0002daf0       __setargv                  1002eaf0 f   LIBCMTD:stdargv.obj
 0001:0002e000       ___crtGetEnvironmentStringsA 1002f000 f   LIBCMTD:a_env.obj
 0001:0002e220       _DllMain@12                1002f220 f   LIBCMTD:dllmain.obj
 0001:0002e230       __FF_MSGBANNER             1002f230 f   LIBCMTD:crt0msg.obj
 0001:0002e280       __NMSG_WRITE               1002f280 f   LIBCMTD:crt0msg.obj
 0001:0002e440       __GET_RTERRMSG             1002f440 f   LIBCMTD:crt0msg.obj
 0001:0002e490       __statusfp                 1002f490 f   LIBCMTD:ieee87.obj
 0001:0002e4b0       __clearfp                  1002f4b0 f   LIBCMTD:ieee87.obj
 0001:0002e4d0       __control87                1002f4d0 f   LIBCMTD:ieee87.obj
 0001:0002e520       __controlfp                1002f520 f   LIBCMTD:ieee87.obj
 0001:0002e540       __fpreset                  1002f540 f   LIBCMTD:ieee87.obj
 0001:0002e930       __ZeroTail                 1002f930 f   LIBCMTD:intrncvt.obj
 0001:0002e9c0       __IncMan                   1002f9c0 f   LIBCMTD:intrncvt.obj
 0001:0002ea70       __RoundMan                 1002fa70 f   LIBCMTD:intrncvt.obj
 0001:0002eb50       __CopyMan                  1002fb50 f   LIBCMTD:intrncvt.obj
 0001:0002eba0       __FillZeroMan              1002fba0 f   LIBCMTD:intrncvt.obj
 0001:0002ebd0       __IsZeroMan                1002fbd0 f   LIBCMTD:intrncvt.obj
 0001:0002ec10       __ShrMan                   1002fc10 f   LIBCMTD:intrncvt.obj
 0001:0002ed00       __ld12cvt                  1002fd00 f   LIBCMTD:intrncvt.obj
 0001:0002ef50       __ld12tod                  1002ff50 f   LIBCMTD:intrncvt.obj
 0001:0002ef70       __ld12tof                  1002ff70 f   LIBCMTD:intrncvt.obj
 0001:0002ef90       __ld12told                 1002ff90 f   LIBCMTD:intrncvt.obj
 0001:0002f050       __atodbl                   10030050 f   LIBCMTD:intrncvt.obj
 0001:0002f090       __atoldbl                  10030090 f   LIBCMTD:intrncvt.obj
 0001:0002f0d0       __atoflt                   100300d0 f   LIBCMTD:intrncvt.obj
 0001:0002f110       __fptostr                  10030110 f   LIBCMTD:_fptostr.obj
 0001:0002f210       __fltout2                  10030210 f   LIBCMTD:cfout.obj
 0001:0002f290       ___dtold                   10030290 f   LIBCMTD:cfout.obj
 0001:0002f400       _memmove                   10030400 f   LIBCMTD:memmove.obj
 0001:0002f740       __fptrap                   10030740 f   LIBCMTD:crt0fp.obj
 0001:0002f750       __snprintf                 10030750 f   LIBCMTD:snprintf.obj
 0001:0002f850       __vsnprintf                10030850 f   LIBCMTD:vsnprint.obj
 0001:0002f950       ___crtGetStringTypeA       10030950 f   LIBCMTD:a_str.obj
 0001:0002fb10       _fdiv_main_routine         10030b10 f   LIBCMTD:adj_fdiv.obj
 0001:0002fc27       __adj_fdiv_r               10030c27 f   LIBCMTD:adj_fdiv.obj
 0001:000300c6       __fdivp_sti_st             100310c6 f   LIBCMTD:adj_fdiv.obj
 0001:000300d9       __fdivrp_sti_st            100310d9 f   LIBCMTD:adj_fdiv.obj
 0001:000300ec       __adj_fdiv_m32             100310ec f   LIBCMTD:adj_fdiv.obj
 0001:00030138       __adj_fdiv_m64             10031138 f   LIBCMTD:adj_fdiv.obj
 0001:00030184       __adj_fdiv_m16i            10031184 f   LIBCMTD:adj_fdiv.obj
 0001:000301b8       __adj_fdiv_m32i            100311b8 f   LIBCMTD:adj_fdiv.obj
 0001:000301ec       __adj_fdivr_m32            100311ec f   LIBCMTD:adj_fdiv.obj
 0001:00030238       __adj_fdivr_m64            10031238 f   LIBCMTD:adj_fdiv.obj
 0001:00030284       __adj_fdivr_m16i           10031284 f   LIBCMTD:adj_fdiv.obj
 0001:000302b8       __adj_fdivr_m32i           100312b8 f   LIBCMTD:adj_fdiv.obj
 0001:000302ec       __safe_fdiv                100312ec f   LIBCMTD:adj_fdiv.obj
 0001:00030301       __safe_fdivr               10031301 f   LIBCMTD:adj_fdiv.obj
 0001:00030316       __fprem_common             10031316 f   LIBCMTD:adj_fdiv.obj
 0001:0003051c       __adj_fprem                1003151c f   LIBCMTD:adj_fdiv.obj
 0001:000305ce       __fprem1_common            100315ce f   LIBCMTD:adj_fdiv.obj
 0001:000307d4       __adj_fprem1               100317d4 f   LIBCMTD:adj_fdiv.obj
 0001:00030889       __safe_fprem               10031889 f   LIBCMTD:adj_fdiv.obj
 0001:0003088f       __safe_fprem1              1003188f f   LIBCMTD:adj_fdiv.obj
 0001:00030895       __adj_fpatan               10031895 f   LIBCMTD:adj_fdiv.obj
 0001:00030898       __adj_fptan                10031898 f   LIBCMTD:adj_fdiv.obj
 0001:000308a0       __87except                 100318a0 f   LIBCMTD:87except.obj
 0001:00030a20       __copysign                 10031a20 f   LIBCMTD:ieeemisc.obj
 0001:00030a50       __chgsign                  10031a50 f   LIBCMTD:ieeemisc.obj
 0001:00030a80       __scalb                    10031a80 f   LIBCMTD:ieeemisc.obj
 0001:00030aa0       __logb                     10031aa0 f   LIBCMTD:ieeemisc.obj
 0001:00030bd0       __nextafter                10031bd0 f   LIBCMTD:ieeemisc.obj
 0001:00030f10       __finite                   10031f10 f   LIBCMTD:ieeemisc.obj
 0001:00030f40       __isnan                    10031f40 f   LIBCMTD:ieeemisc.obj
 0001:00030f90       __fpclass                  10031f90 f   LIBCMTD:ieeemisc.obj
 0001:00031070       __matherr                  10032070 f   LIBCMTD:matherr.obj
 0001:00031080       ___init_time               10032080 f   LIBCMTD:inittime.obj
 0001:00031a00       ___init_numeric            10032a00 f   LIBCMTD:initnum.obj
 0001:00031d30       ___init_monetary           10032d30 f   LIBCMTD:initmon.obj
 0001:00032190       ___init_ctype              10033190 f   LIBCMTD:initctyp.obj
 0001:00032530       ___init_collate            10033530 f   LIBCMTD:initcoll.obj
 0001:00032540       _strcspn                   10033540 f   LIBCMTD:strcspn.obj
 0001:00032580       _strncmp                   10033580 f   LIBCMTD:strncmp.obj
 0001:000325c0       _strpbrk                   100335c0 f   LIBCMTD:strpbrk.obj
 0001:00032600       ___get_qualified_locale    10033600 f   LIBCMTD:getqloc.obj
 0001:00033398       __global_unwind2           10034398 f   LIBCMTD:exsup.obj
 0001:000333da       __local_unwind2            100343da f   LIBCMTD:exsup.obj
 0001:00033432       __NLG_Return2              10034432 f   LIBCMTD:exsup.obj
 0001:00033442       __abnormal_termination     10034442 f   LIBCMTD:exsup.obj
 0001:00033465       __NLG_Notify1              10034465 f   LIBCMTD:exsup.obj
 0001:0003346e       __NLG_Notify               1003446e f   LIBCMTD:exsup.obj
 0001:00033481       __NLG_Dispatch             10034481 f   LIBCMTD:exsup.obj
 0001:00033490       __except_handler3          10034490 f   LIBCMTD:exsup3.obj
 0001:0003354d       __seh_longjmp_unwind@4     1003454d f   LIBCMTD:exsup3.obj
 0001:00033570       __lseek                    10034570 f   LIBCMTD:lseek.obj
 0001:00033600       __lseek_lk                 10034600 f   LIBCMTD:lseek.obj
 0001:000336c0       __getbuf                   100346c0 f   LIBCMTD:_getbuf.obj
 0001:00033790       __isatty                   10034790 f   LIBCMTD:isatty.obj
 0001:000337d0       _wctomb                    100347d0 f   LIBCMTD:wctomb.obj
 0001:00033850       __wctomb_lk                10034850 f   LIBCMTD:wctomb.obj
 0001:000338f0       __aulldiv                  100348f0 f   LIBCMTD:ulldiv.obj
 0001:00033960       __aullrem                  10034960 f   LIBCMTD:ullrem.obj
 0001:000339e0       __fcloseall                100349e0 f   LIBCMTD:closeall.obj
 0001:00033ac0       __alloc_osfhnd             10034ac0 f   LIBCMTD:osfinfo.obj
 0001:00033cb0       __set_osfhnd               10034cb0 f   LIBCMTD:osfinfo.obj
 0001:00033d70       __free_osfhnd              10034d70 f   LIBCMTD:osfinfo.obj
 0001:00033e50       __get_osfhandle            10034e50 f   LIBCMTD:osfinfo.obj
 0001:00033ec0       __open_osfhandle           10034ec0 f   LIBCMTD:osfinfo.obj
 0001:00033fd0       __lock_fhandle             10034fd0 f   LIBCMTD:osfinfo.obj
 0001:00034060       __unlock_fhandle           10035060 f   LIBCMTD:osfinfo.obj
 0001:00034090       __commit                   10035090 f   LIBCMTD:commit.obj
 0001:00034170       __open                     10035170 f   LIBCMTD:open.obj
 0001:000341b0       __sopen                    100351b0 f   LIBCMTD:open.obj
 0001:00034710       __XcptFilter               10035710 f   LIBCMTD:winxfltr.obj
 0001:00034930       _getenv                    10035930 f   LIBCMTD:getenv.obj
 0001:00034960       __getenv_lk                10035960 f   LIBCMTD:getenv.obj
 0001:00034a30       __setmbcp                  10035a30 f   LIBCMTD:mbctype.obj
 0001:000351f0       __getmbcp                  100361f0 f   LIBCMTD:mbctype.obj
 0001:00035210       ___initmbctable            10036210 f   LIBCMTD:mbctype.obj
 0001:00035240       ___addl                    10036240 f   LIBCMTD:mantold.obj
 0001:00035280       ___add_12                  10036280 f   LIBCMTD:mantold.obj
 0001:00035330       ___shl_12                  10036330 f   LIBCMTD:mantold.obj
 0001:00035390       ___shr_12                  10036390 f   LIBCMTD:mantold.obj
 0001:00035400       ___mtold12                 10036400 f   LIBCMTD:mantold.obj
 0001:00035540       ___strgtold12              10036540 f   LIBCMTD:strgtold.obj
 0001:00036070       ___STRINGTOLD              10037070 f   LIBCMTD:strgtold.obj
 0001:000360c0       _$I10_OUTPUT               100370c0 f   LIBCMTD:x10fout.obj
 0001:000365e0       _ldexp                     100375e0 f   LIBCMTD:ldexp.obj
 0001:000368a0       __Getdays                  100378a0 f   LIBCMTD:strftime.obj
 0001:000369d0       __Getmonths                100379d0 f   LIBCMTD:strftime.obj
 0001:00036b00       __Gettnames                10037b00 f   LIBCMTD:strftime.obj
 0001:00036e70       _strftime                  10037e70 f   LIBCMTD:strftime.obj
 0001:00036e90       __Strftime                 10037e90 f   LIBCMTD:strftime.obj
 0001:00037d10       ___getlocaleinfo           10038d10 f   LIBCMTD:inithelp.obj
 0001:00037fa0       _localeconv                10038fa0 f   LIBCMTD:lconv.obj
 0001:00037fb0       ___crtGetStringTypeW       10038fb0 f   LIBCMTD:w_str.obj
 0001:00038220       __strnicmp                 10039220 f   LIBCMTD:strnicmp.obj
 0001:00038330       __chsize                   10039330 f   LIBCMTD:chsize.obj
 0001:000383b0       __chsize_lk                100393b0 f   LIBCMTD:chsize.obj
 0001:000385e0       __read                     100395e0 f   LIBCMTD:read.obj
 0001:00038670       __read_lk                  10039670 f   LIBCMTD:read.obj
 0001:00038ac0       __mbsnbicoll               10039ac0 f   LIBCMTD:mbsnbico.obj
 0001:00038b10       ___wtomb_environ           10039b10 f   LIBCMTD:wtombenv.obj
 0001:00038bc0       ___ld12mul                 10039bc0 f   LIBCMTD:tenpow.obj
 0001:00039000       ___multtenpow12            1003a000 f   LIBCMTD:tenpow.obj
 0001:000390d0       ___crtGetLocaleInfoW       1003a0d0 f   LIBCMTD:w_loc.obj
 0001:00039270       ___crtGetLocaleInfoA       1003a270 f   LIBCMTD:a_loc.obj
 0001:00039420       __setmode                  1003a420 f   LIBCMTD:setmode.obj
 0001:000394a0       __setmode_lk               1003a4a0 f   LIBCMTD:setmode.obj
 0001:00039570       ___crtCompareStringA       1003a570 f   LIBCMTD:a_cmp.obj
 0001:000399c0       ___crtsetenv               1003a9c0 f   LIBCMTD:setenv.obj
 0001:00039e10       __mbschr                   1003ae10 f   LIBCMTD:mbschr.obj
 0001:00039f00       _IsBadWritePtr@8           1003af00 f   kernel32:KERNEL32.dll
 0001:00039f06       _IsBadReadPtr@8            1003af06 f   kernel32:KERNEL32.dll
 0001:00039f0c       _HeapValidate@12           1003af0c f   kernel32:KERNEL32.dll
 0001:00039f12       _InterlockedDecrement@4    1003af12 f   kernel32:KERNEL32.dll
 0001:00039f18       _InterlockedIncrement@4    1003af18 f   kernel32:KERNEL32.dll
 0001:00039f1e       _GetModuleFileNameA@12     1003af1e f   kernel32:KERNEL32.dll
 0001:00039f24       _CreateDirectoryA@8        1003af24 f   kernel32:KERNEL32.dll
 0001:00039f2a       _FindFirstFileA@8          1003af2a f   kernel32:KERNEL32.dll
 0001:00039f30       _FindNextFileA@8           1003af30 f   kernel32:KERNEL32.dll
 0001:00039f36       _FindClose@4               1003af36 f   kernel32:KERNEL32.dll
 0001:00039f3c       _FileTimeToSystemTime@8    1003af3c f   kernel32:KERNEL32.dll
 0001:00039f42       _FileTimeToLocalFileTime@8 1003af42 f   kernel32:KERNEL32.dll
 0001:00039f48       _GetTimeZoneInformation@4  1003af48 f   kernel32:KERNEL32.dll
 0001:00039f4e       _GetSystemTime@4           1003af4e f   kernel32:KERNEL32.dll
 0001:00039f54       _GetLocalTime@4            1003af54 f   kernel32:KERNEL32.dll
 0001:00039f5a       _GetCommandLineA@0         1003af5a f   kernel32:KERNEL32.dll
 0001:00039f60       _GetVersion@0              1003af60 f   kernel32:KERNEL32.dll
 0001:00039f66       _GetModuleHandleA@4        1003af66 f   kernel32:KERNEL32.dll
 0001:00039f6c       _InitializeCriticalSection@4 1003af6c f   kernel32:KERNEL32.dll
 0001:00039f72       _DeleteCriticalSection@4   1003af72 f   kernel32:KERNEL32.dll
 0001:00039f78       _EnterCriticalSection@4    1003af78 f   kernel32:KERNEL32.dll
 0001:00039f7e       _LeaveCriticalSection@4    1003af7e f   kernel32:KERNEL32.dll
 0001:00039f84       _ExitProcess@4             1003af84 f   kernel32:KERNEL32.dll
 0001:00039f8a       _FatalAppExitA@8           1003af8a f   kernel32:KERNEL32.dll
 0001:00039f90       _HeapAlloc@12              1003af90 f   kernel32:KERNEL32.dll
 0001:00039f96       _DebugBreak@0              1003af96 f   kernel32:KERNEL32.dll
 0001:00039f9c       _GetStdHandle@4            1003af9c f   kernel32:KERNEL32.dll
 0001:00039fa2       _WriteFile@20              1003afa2 f   kernel32:KERNEL32.dll
 0001:00039fa8       _OutputDebugStringA@4      1003afa8 f   kernel32:KERNEL32.dll
 0001:00039fae       _HeapReAlloc@16            1003afae f   kernel32:KERNEL32.dll
 0001:00039fb4       _HeapFree@12               1003afb4 f   kernel32:KERNEL32.dll
 0001:00039fba       _HeapDestroy@4             1003afba f   kernel32:KERNEL32.dll
 0001:00039fc0       _HeapCreate@12             1003afc0 f   kernel32:KERNEL32.dll
 0001:00039fc6       _TerminateProcess@8        1003afc6 f   kernel32:KERNEL32.dll
 0001:00039fcc       _GetCurrentProcess@0       1003afcc f   kernel32:KERNEL32.dll
 0001:00039fd2       _RaiseException@16         1003afd2 f   kernel32:KERNEL32.dll
 0001:00039fd8       _Sleep@4                   1003afd8 f   kernel32:KERNEL32.dll
 0001:00039fde       _WideCharToMultiByte@32    1003afde f   kernel32:KERNEL32.dll
 0001:00039fe4       _MultiByteToWideChar@24    1003afe4 f   kernel32:KERNEL32.dll
 0001:00039fea       _LCMapStringA@24           1003afea f   kernel32:KERNEL32.dll
 0001:00039ff0       _LCMapStringW@24           1003aff0 f   kernel32:KERNEL32.dll
 0001:00039ff6       _CloseHandle@4             1003aff6 f   kernel32:KERNEL32.dll
 0001:00039ffc       _SetConsoleCtrlHandler@8   1003affc f   kernel32:KERNEL32.dll
 0001:0003a002       _GetCurrentThreadId@0      1003b002 f   kernel32:KERNEL32.dll
 0001:0003a008       _TlsSetValue@8             1003b008 f   kernel32:KERNEL32.dll
 0001:0003a00e       _TlsAlloc@0                1003b00e f   kernel32:KERNEL32.dll
 0001:0003a014       _TlsFree@4                 1003b014 f   kernel32:KERNEL32.dll
 0001:0003a01a       _SetLastError@4            1003b01a f   kernel32:KERNEL32.dll
 0001:0003a020       _TlsGetValue@4             1003b020 f   kernel32:KERNEL32.dll
 0001:0003a026       _GetCurrentThread@0        1003b026 f   kernel32:KERNEL32.dll
 0001:0003a02c       _SetHandleCount@4          1003b02c f   kernel32:KERNEL32.dll
 0001:0003a032       _GetFileType@4             1003b032 f   kernel32:KERNEL32.dll
 0001:0003a038       _GetStartupInfoA@4         1003b038 f   kernel32:KERNEL32.dll
 0001:0003a03e       _FreeEnvironmentStringsA@4 1003b03e f   kernel32:KERNEL32.dll
 0001:0003a044       _FreeEnvironmentStringsW@4 1003b044 f   kernel32:KERNEL32.dll
 0001:0003a04a       _GetEnvironmentStrings@0   1003b04a f   kernel32:KERNEL32.dll
 0001:0003a050       _GetEnvironmentStringsW@0  1003b050 f   kernel32:KERNEL32.dll
 0001:0003a056       _GetStringTypeA@20         1003b056 f   kernel32:KERNEL32.dll
 0001:0003a05c       _GetStringTypeW@16         1003b05c f   kernel32:KERNEL32.dll
 0001:0003a062       _GetCPInfo@8               1003b062 f   kernel32:KERNEL32.dll
 0001:0003a068       _IsValidLocale@8           1003b068 f   kernel32:KERNEL32.dll
 0001:0003a06e       _IsValidCodePage@4         1003b06e f   kernel32:KERNEL32.dll
 0001:0003a074       _GetLocaleInfoA@16         1003b074 f   kernel32:KERNEL32.dll
 0001:0003a07a       _EnumSystemLocalesA@8      1003b07a f   kernel32:KERNEL32.dll
 0001:0003a080       _GetUserDefaultLCID@0      1003b080 f   kernel32:KERNEL32.dll
 0001:0003a086       _RtlUnwind@16              1003b086 f   kernel32:KERNEL32.dll
 0001:0003a08c       _SetFilePointer@16         1003b08c f   kernel32:KERNEL32.dll
 0001:0003a092       _SetStdHandle@8            1003b092 f   kernel32:KERNEL32.dll
 0001:0003a098       _FlushFileBuffers@4        1003b098 f   kernel32:KERNEL32.dll
 0001:0003a09e       _CreateFileA@28            1003b09e f   kernel32:KERNEL32.dll
 0001:0003a0a4       _UnhandledExceptionFilter@4 1003b0a4 f   kernel32:KERNEL32.dll
 0001:0003a0aa       _GetACP@0                  1003b0aa f   kernel32:KERNEL32.dll
 0001:0003a0b0       _GetOEMCP@0                1003b0b0 f   kernel32:KERNEL32.dll
 0001:0003a0b6       _SetEndOfFile@4            1003b0b6 f   kernel32:KERNEL32.dll
 0001:0003a0bc       _ReadFile@20               1003b0bc f   kernel32:KERNEL32.dll
 0001:0003a0c2       _GetLocaleInfoW@16         1003b0c2 f   kernel32:KERNEL32.dll
 0001:0003a0c8       _CompareStringA@24         1003b0c8 f   kernel32:KERNEL32.dll
 0001:0003a0ce       _CompareStringW@24         1003b0ce f   kernel32:KERNEL32.dll
 0001:0003a0d4       _SetEnvironmentVariableA@8 1003b0d4 f   kernel32:KERNEL32.dll
 0001:0003a0e0       __strlwr                   1003b0e0 f   LIBCMTD:strlwr.obj
 0001:0003a0e0       _strlwr                    1003b0e0 f   LIBCMTD:strlwr.obj
 0001:0003a2a0       _putenv                    1003b2a0 f   LIBCMTD:putenv.obj
 0001:0003a2a0       __putenv                   1003b2a0 f   LIBCMTD:putenv.obj
 0001:0003a2d0       __putenv_lk                1003b2d0 f   LIBCMTD:putenv.obj
 0001:0003a3e0       ___crtwsetenv              1003b3e0 f   LIBCMTD:wsetenv.obj
 0001:0003a840       _wcscat                    1003b840 f   LIBCMTD:wcscat.obj
 0001:0003a8a0       _wcscpy                    1003b8a0 f   LIBCMTD:wcscat.obj
 0001:0003a8e0       _wcslen                    1003b8e0 f   LIBCMTD:wcslen.obj
 0001:0003a910       ___mbtow_environ           1003b910 f   LIBCMTD:mbtowenv.obj
 0001:0003a9c0       _wcschr                    1003b9c0 f   LIBCMTD:wcschr.obj
 0001:0003aa10       __wcsnicoll                1003ba10 f   LIBCMTD:wcsnicol.obj
 0001:0003ab50       ___crtCompareStringW       1003bb50 f   LIBCMTD:w_cmp.obj
 0001:0003ae80       __wcsnicmp                 1003be80 f   LIBCMTD:wcsnicmp.obj
 0001:0003b060       _towlower                  1003c060 f   LIBCMTD:towlower.obj
 0001:0003b130       __towlower_lk              1003c130 f   LIBCMTD:towlower.obj
 0001:0003b1f0       ___crtLCMapStringW         1003c1f0 f   LIBCMTD:w_map.obj
 0001:0003b540       _iswctype                  1003c540 f   LIBCMTD:iswctype.obj
 0001:0003b5c0       _is_wctype                 1003c5c0 f   LIBCMTD:iswctype.obj
 0001:0003b5d8       _SetEnvironmentVariableW@8 1003c5d8 f   kernel32:KERNEL32.dll
 0002:00000000       __imp__SetPixelFormat@12   1003d000     gdi32:GDI32.dll
 0002:00000004       __imp__DescribePixelFormat@16 1003d004     gdi32:GDI32.dll
 0002:00000008       __imp__GetDeviceCaps@8     1003d008     gdi32:GDI32.dll
 0002:0000000c       __imp__ChoosePixelFormat@8 1003d00c     gdi32:GDI32.dll
 0002:00000010       \177GDI32_NULL_THUNK_DATA  1003d010     gdi32:GDI32.dll
 0002:00000014       __imp__FreeLibrary@4       1003d014     kernel32:KERNEL32.dll
 0002:00000018       __imp__GetProcAddress@8    1003d018     kernel32:KERNEL32.dll
 0002:0000001c       __imp__LoadLibraryA@4      1003d01c     kernel32:KERNEL32.dll
 0002:00000020       __imp__SetEnvironmentVariableA@8 1003d020     kernel32:KERNEL32.dll
 0002:00000024       __imp__CompareStringW@24   1003d024     kernel32:KERNEL32.dll
 0002:00000028       __imp__CompareStringA@24   1003d028     kernel32:KERNEL32.dll
 0002:0000002c       __imp__GetLocaleInfoW@16   1003d02c     kernel32:KERNEL32.dll
 0002:00000030       __imp__VirtualFree@12      1003d030     kernel32:KERNEL32.dll
 0002:00000034       __imp__SetEndOfFile@4      1003d034     kernel32:KERNEL32.dll
 0002:00000038       __imp__GetOEMCP@0          1003d038     kernel32:KERNEL32.dll
 0002:0000003c       __imp__GetACP@0            1003d03c     kernel32:KERNEL32.dll
 0002:00000040       __imp__UnhandledExceptionFilter@4 1003d040     kernel32:KERNEL32.dll
 0002:00000044       __imp__CreateFileA@28      1003d044     kernel32:KERNEL32.dll
 0002:00000048       __imp__FlushFileBuffers@4  1003d048     kernel32:KERNEL32.dll
 0002:0000004c       __imp__SetStdHandle@8      1003d04c     kernel32:KERNEL32.dll
 0002:00000050       __imp__SetFilePointer@16   1003d050     kernel32:KERNEL32.dll
 0002:00000054       __imp__RtlUnwind@16        1003d054     kernel32:KERNEL32.dll
 0002:00000058       __imp__GetLastError@0      1003d058     kernel32:KERNEL32.dll
 0002:0000005c       __imp__FormatMessageA@28   1003d05c     kernel32:KERNEL32.dll
 0002:00000060       __imp__VirtualAlloc@16     1003d060     kernel32:KERNEL32.dll
 0002:00000064       __imp__ReadFile@20         1003d064     kernel32:KERNEL32.dll
 0002:00000068       __imp__GetVersionExA@4     1003d068     kernel32:KERNEL32.dll
 0002:0000006c       __imp__GetUserDefaultLCID@0 1003d06c     kernel32:KERNEL32.dll
 0002:00000070       __imp__EnumSystemLocalesA@8 1003d070     kernel32:KERNEL32.dll
 0002:00000074       __imp__IsBadWritePtr@8     1003d074     kernel32:KERNEL32.dll
 0002:00000078       __imp__IsBadReadPtr@8      1003d078     kernel32:KERNEL32.dll
 0002:0000007c       __imp__HeapValidate@12     1003d07c     kernel32:KERNEL32.dll
 0002:00000080       __imp__InterlockedDecrement@4 1003d080     kernel32:KERNEL32.dll
 0002:00000084       __imp__InterlockedIncrement@4 1003d084     kernel32:KERNEL32.dll
 0002:00000088       __imp__GetModuleFileNameA@12 1003d088     kernel32:KERNEL32.dll
 0002:0000008c       __imp__CreateDirectoryA@8  1003d08c     kernel32:KERNEL32.dll
 0002:00000090       __imp__FindFirstFileA@8    1003d090     kernel32:KERNEL32.dll
 0002:00000094       __imp__FindNextFileA@8     1003d094     kernel32:KERNEL32.dll
 0002:00000098       __imp__FindClose@4         1003d098     kernel32:KERNEL32.dll
 0002:0000009c       __imp__FileTimeToSystemTime@8 1003d09c     kernel32:KERNEL32.dll
 0002:000000a0       __imp__FileTimeToLocalFileTime@8 1003d0a0     kernel32:KERNEL32.dll
 0002:000000a4       __imp__GetTimeZoneInformation@4 1003d0a4     kernel32:KERNEL32.dll
 0002:000000a8       __imp__GetSystemTime@4     1003d0a8     kernel32:KERNEL32.dll
 0002:000000ac       __imp__GetLocalTime@4      1003d0ac     kernel32:KERNEL32.dll
 0002:000000b0       __imp__GetCommandLineA@0   1003d0b0     kernel32:KERNEL32.dll
 0002:000000b4       __imp__GetVersion@0        1003d0b4     kernel32:KERNEL32.dll
 0002:000000b8       __imp__GetModuleHandleA@4  1003d0b8     kernel32:KERNEL32.dll
 0002:000000bc       __imp__InitializeCriticalSection@4 1003d0bc     kernel32:KERNEL32.dll
 0002:000000c0       __imp__DeleteCriticalSection@4 1003d0c0     kernel32:KERNEL32.dll
 0002:000000c4       __imp__EnterCriticalSection@4 1003d0c4     kernel32:KERNEL32.dll
 0002:000000c8       __imp__LeaveCriticalSection@4 1003d0c8     kernel32:KERNEL32.dll
 0002:000000cc       __imp__ExitProcess@4       1003d0cc     kernel32:KERNEL32.dll
 0002:000000d0       __imp__FatalAppExitA@8     1003d0d0     kernel32:KERNEL32.dll
 0002:000000d4       __imp__HeapAlloc@12        1003d0d4     kernel32:KERNEL32.dll
 0002:000000d8       __imp__DebugBreak@0        1003d0d8     kernel32:KERNEL32.dll
 0002:000000dc       __imp__GetStdHandle@4      1003d0dc     kernel32:KERNEL32.dll
 0002:000000e0       __imp__WriteFile@20        1003d0e0     kernel32:KERNEL32.dll
 0002:000000e4       __imp__OutputDebugStringA@4 1003d0e4     kernel32:KERNEL32.dll
 0002:000000e8       __imp__HeapReAlloc@16      1003d0e8     kernel32:KERNEL32.dll
 0002:000000ec       __imp__HeapFree@12         1003d0ec     kernel32:KERNEL32.dll
 0002:000000f0       __imp__HeapDestroy@4       1003d0f0     kernel32:KERNEL32.dll
 0002:000000f4       __imp__HeapCreate@12       1003d0f4     kernel32:KERNEL32.dll
 0002:000000f8       __imp__TerminateProcess@8  1003d0f8     kernel32:KERNEL32.dll
 0002:000000fc       __imp__GetCurrentProcess@0 1003d0fc     kernel32:KERNEL32.dll
 0002:00000100       __imp__RaiseException@16   1003d100     kernel32:KERNEL32.dll
 0002:00000104       __imp__Sleep@4             1003d104     kernel32:KERNEL32.dll
 0002:00000108       __imp__WideCharToMultiByte@32 1003d108     kernel32:KERNEL32.dll
 0002:0000010c       __imp__MultiByteToWideChar@24 1003d10c     kernel32:KERNEL32.dll
 0002:00000110       __imp__LCMapStringA@24     1003d110     kernel32:KERNEL32.dll
 0002:00000114       __imp__LCMapStringW@24     1003d114     kernel32:KERNEL32.dll
 0002:00000118       __imp__CloseHandle@4       1003d118     kernel32:KERNEL32.dll
 0002:0000011c       __imp__SetConsoleCtrlHandler@8 1003d11c     kernel32:KERNEL32.dll
 0002:00000120       __imp__GetCurrentThreadId@0 1003d120     kernel32:KERNEL32.dll
 0002:00000124       __imp__TlsSetValue@8       1003d124     kernel32:KERNEL32.dll
 0002:00000128       __imp__TlsAlloc@0          1003d128     kernel32:KERNEL32.dll
 0002:0000012c       __imp__TlsFree@4           1003d12c     kernel32:KERNEL32.dll
 0002:00000130       __imp__SetLastError@4      1003d130     kernel32:KERNEL32.dll
 0002:00000134       __imp__TlsGetValue@4       1003d134     kernel32:KERNEL32.dll
 0002:00000138       __imp__GetCurrentThread@0  1003d138     kernel32:KERNEL32.dll
 0002:0000013c       __imp__SetHandleCount@4    1003d13c     kernel32:KERNEL32.dll
 0002:00000140       __imp__GetFileType@4       1003d140     kernel32:KERNEL32.dll
 0002:00000144       __imp__GetStartupInfoA@4   1003d144     kernel32:KERNEL32.dll
 0002:00000148       __imp__FreeEnvironmentStringsA@4 1003d148     kernel32:KERNEL32.dll
 0002:0000014c       __imp__FreeEnvironmentStringsW@4 1003d14c     kernel32:KERNEL32.dll
 0002:00000150       __imp__GetEnvironmentStrings@0 1003d150     kernel32:KERNEL32.dll
 0002:00000154       __imp__GetEnvironmentStringsW@0 1003d154     kernel32:KERNEL32.dll
 0002:00000158       __imp__GetStringTypeA@20   1003d158     kernel32:KERNEL32.dll
 0002:0000015c       __imp__GetStringTypeW@16   1003d15c     kernel32:KERNEL32.dll
 0002:00000160       __imp__GetCPInfo@8         1003d160     kernel32:KERNEL32.dll
 0002:00000164       __imp__IsValidLocale@8     1003d164     kernel32:KERNEL32.dll
 0002:00000168       __imp__IsValidCodePage@4   1003d168     kernel32:KERNEL32.dll
 0002:0000016c       __imp__GetLocaleInfoA@16   1003d16c     kernel32:KERNEL32.dll
 0002:00000170       __imp__SetEnvironmentVariableW@8 1003d170     kernel32:KERNEL32.dll
 0002:00000174       \177KERNEL32_NULL_THUNK_DATA 1003d174     kernel32:KERNEL32.dll
 0002:00000178       __imp__SetFocus@4          1003d178     user32:USER32.dll
 0002:0000017c       __imp__DestroyWindow@4     1003d17c     user32:USER32.dll
 0002:00000180       __imp__UnregisterClassA@8  1003d180     user32:USER32.dll
 0002:00000184       __imp__GetDC@4             1003d184     user32:USER32.dll
 0002:00000188       __imp__ReleaseDC@8         1003d188     user32:USER32.dll
 0002:0000018c       __imp__ChangeDisplaySettingsA@8 1003d18c     user32:USER32.dll
 0002:00000190       __imp__LoadCursorA@8       1003d190     user32:USER32.dll
 0002:00000194       __imp__RegisterClassA@4    1003d194     user32:USER32.dll
 0002:00000198       __imp__AdjustWindowRect@12 1003d198     user32:USER32.dll
 0002:0000019c       __imp__CreateWindowExA@48  1003d19c     user32:USER32.dll
 0002:000001a0       __imp__ShowWindow@8        1003d1a0     user32:USER32.dll
 0002:000001a4       __imp__UpdateWindow@4      1003d1a4     user32:USER32.dll
 0002:000001a8       __imp__SetForegroundWindow@4 1003d1a8     user32:USER32.dll
 0002:000001ac       \177USER32_NULL_THUNK_DATA 1003d1ac     user32:USER32.dll
 0002:000001b0       __imp__timeGetTime@0       1003d1b0     winmm:WINMM.dll
 0002:000001b4       \177WINMM_NULL_THUNK_DATA  1003d1b4     winmm:WINMM.dll
 0002:000001dc       ??_C@_0BC@NDEN@pics?1conchars?4pcx?$AA@ 1003d1dc     gl_draw.obj
 0002:000001f0       __real@8@3ffb8000000000000000 1003d1f0     gl_draw.obj
 0002:000001f8       ??_C@_0M@GKBO@pics?1?$CFs?4pcx?$AA@ 1003d1f8     gl_draw.obj
 0002:00000204       ??_C@_0BE@OFJF@Can?8t?5find?5pic?3?5?$CFs?6?$AA@ 1003d204     gl_draw.obj
 0002:00000218       __real@8@40058000000000000000 1003d218     gl_draw.obj
 0002:00000220       __real@8@4006ff00000000000000 1003d220     gl_draw.obj
 0002:00000228       ??_C@_0BF@FJLG@Draw_Fill?3?5bad?5color?$AA@ 1003d228     gl_draw.obj
 0002:00000240       __real@4@40078000000000000000 1003d240     gl_draw.obj
 0002:00000248       __real@8@40078000000000000000 1003d248     gl_draw.obj
 0002:00000250       ??_C@_0M@BAKM@GL_R3_G3_B2?$AA@ 1003d250     gl_image.obj
 0002:0000025c       ??_C@_07DDCO@GL_RGB4?$AA@  1003d25c     gl_image.obj
 0002:00000264       ??_C@_07JJLJ@GL_RGB5?$AA@  1003d264     gl_image.obj
 0002:0000026c       ??_C@_07MNMK@GL_RGB8?$AA@  1003d26c     gl_image.obj
 0002:00000274       ??_C@_06OCPL@GL_RGB?$AA@   1003d274     gl_image.obj
 0002:0000027c       ??_C@_08DJND@GL_RGBA2?$AA@ 1003d27c     gl_image.obj
 0002:00000288       ??_C@_08MGKB@GL_RGBA4?$AA@ 1003d288     gl_image.obj
 0002:00000294       ??_C@_0L@BGEN@GL_RGB5_A1?$AA@ 1003d294     gl_image.obj
 0002:000002a0       ??_C@_08DIEF@GL_RGBA8?$AA@ 1003d2a0     gl_image.obj
 0002:000002ac       ??_C@_07GNLF@GL_RGBA?$AA@  1003d2ac     gl_image.obj
 0002:000002b4       ??_C@_07FMEP@default?$AA@  1003d2b4     gl_image.obj
 0002:000002bc       ??_C@_0BI@KDJA@GL_LINEAR_MIPMAP_LINEAR?$AA@ 1003d2bc     gl_image.obj
 0002:000002d4       ??_C@_0BJ@FEEC@GL_NEAREST_MIPMAP_LINEAR?$AA@ 1003d2d4     gl_image.obj
 0002:000002f0       ??_C@_0BJ@CJFK@GL_LINEAR_MIPMAP_NEAREST?$AA@ 1003d2f0     gl_image.obj
 0002:0000030c       ??_C@_0BK@NEKN@GL_NEAREST_MIPMAP_NEAREST?$AA@ 1003d30c     gl_image.obj
 0002:00000328       ??_C@_09KGLC@GL_LINEAR?$AA@ 1003d328     gl_image.obj
 0002:00000334       ??_C@_0L@FLFP@GL_NEAREST?$AA@ 1003d334     gl_image.obj
 0002:00000340       __real@4@00000000000000000000 1003d340     gl_image.obj
 0002:00000344       ??_C@_0BB@KGGC@bad?5filter?5name?6?$AA@ 1003d344     gl_image.obj
 0002:00000358       ??_C@_0BN@OHAB@bad?5alpha?5texture?5mode?5name?6?$AA@ 1003d358     gl_image.obj
 0002:00000378       ??_C@_0BN@DBG@bad?5solid?5texture?5mode?5name?6?$AA@ 1003d378     gl_image.obj
 0002:00000398       ??_C@_0CO@CEEA@Total?5texel?5count?5?$CInot?5counting?5@ 1003d398     gl_image.obj
 0002:000003c8       ??_C@_0BB@DFHO@?5?$CF3i?5?$CF3i?5?$CFs?3?5?$CFs?6?$AA@ 1003d3c8     gl_image.obj
 0002:000003dc       ??_C@_01FCOA@?5?$AA@       1003d3dc     gl_image.obj
 0002:000003e0       ??_C@_01MLA@P?$AA@         1003d3e0     gl_image.obj
 0002:000003e4       ??_C@_01FJFF@W?$AA@        1003d3e4     gl_image.obj
 0002:000003e8       ??_C@_01PDAJ@S?$AA@        1003d3e8     gl_image.obj
 0002:000003ec       ??_C@_01PBLD@M?$AA@        1003d3ec     gl_image.obj
 0002:000003f0       ??_C@_0BE@DLJO@?9?9?9?9?9?9?9?9?9?9?9?9?9?9?9?9?9?9?6?$AA@ 1003d3f0     gl_image.obj
 0002:00000404       ??_C@_03EDOL@PAL?$AA@      1003d404     gl_image.obj
 0002:00000408       ??_C@_03DLPD@RGB?$AA@      1003d408     gl_image.obj
 0002:0000040c       ??_C@_0BK@DMON@PCX?5file?5?$CFs?5was?5malformed?$AA@ 1003d40c     gl_image.obj
 0002:00000428       ??_C@_0BB@OMGN@Bad?5pcx?5file?5?$CFs?6?$AA@ 1003d428     gl_image.obj
 0002:0000043c       ??_C@_0DM@POND@LoadTGA?3?5Only?532?5or?524?5bit?5image@ 1003d43c     gl_image.obj
 0002:00000478       ??_C@_0DI@KOAE@LoadTGA?3?5Only?5type?52?5and?510?5targ@ 1003d478     gl_image.obj
 0002:000004b0       ??_C@_0BB@PMAM@Bad?5tga?5file?5?$CFs?6?$AA@ 1003d4b0     gl_image.obj
 0002:000004c8       __real@8@3ffec000000000000000 1003d4c8     gl_image.obj
 0002:000004d0       __real@8@3ffd8000000000000000 1003d4d0     gl_image.obj
 0002:000004d8       ??_C@_0CJ@IOFB@Unknown?5number?5of?5texture?5compon@ 1003d4d8     gl_image.obj
 0002:00000504       ??_C@_0BF@OLFC@GL_Upload32?3?5too?5big?$AA@ 1003d504     gl_image.obj
 0002:0000051c       ??_C@_0BG@GJHB@GL_Upload8?3?5too?5large?$AA@ 1003d51c     gl_image.obj
 0002:00000538       __real@8@3ff8a3d70a3d70a3d800 1003d538     gl_image.obj
 0002:00000540       ??_C@_0BP@NGM@Draw_LoadPic?3?5?$CC?$CFs?$CC?5is?5too?5long?$AA@ 1003d540     gl_image.obj
 0002:00000560       ??_C@_0P@MCNK@MAX_GLTEXTURES?$AA@ 1003d560     gl_image.obj
 0002:00000570       ??_C@_0BN@FDBO@GL_FindImage?3?5can?8t?5load?5?$CFs?6?$AA@ 1003d570     gl_image.obj
 0002:00000590       ??_C@_04LCGE@?4tga?$AA@    1003d590     gl_image.obj
 0002:00000598       ??_C@_04GHND@?4wal?$AA@    1003d598     gl_image.obj
 0002:000005a0       ??_C@_04PHML@?4pcx?$AA@    1003d5a0     gl_image.obj
 0002:000005a8       ??_C@_0CA@GDHD@Couldn?8t?5load?5pics?1colormap?4pcx?$AA@ 1003d5a8     gl_image.obj
 0002:000005c8       ??_C@_0BC@EOBO@pics?1colormap?4pcx?$AA@ 1003d5c8     gl_image.obj
 0002:000005dc       __real@4@4006ff00000000000000 1003d5dc     gl_image.obj
 0002:000005e0       __real@8@4006ff80000000000000 1003d5e0     gl_image.obj
 0002:000005e8       __real@8@3ffe8000000000000000 1003d5e8     gl_image.obj
 0002:000005f0       ??_C@_0BN@JCJN@Couldn?8t?5load?5pics?116to8?4pcx?$AA@ 1003d5f0     gl_image.obj
 0002:00000610       ??_C@_0P@OFCI@pics?116to8?4dat?$AA@ 1003d610     gl_image.obj
 0002:00000620       ??_C@_01FBAH@1?$AA@        1003d620     gl_image.obj
 0002:00000624       __real@4@3fff8000000000000000 1003d624     gl_image.obj
 0002:00000628       ??_C@_09CNFC@intensity?$AA@ 1003d628     gl_image.obj
 0002:00000634       ??_C@_01KOLO@2?$AA@        1003d634     gl_image.obj
 0002:00000638       __real@8@4000c90fdaa22168c000 1003d638     gl_light.obj
 0002:00000640       __real@8@40038000000000000000 1003d640     gl_light.obj
 0002:00000648       __real@8@3ffcccccccccccccd000 1003d648     gl_light.obj
 0002:00000650       __real@8@3ffdb333333333333000 1003d650     gl_light.obj
 0002:00000658       __real@4@40058000000000000000 1003d658     gl_light.obj
 0002:00000660       __real@8@3ff78080808080808000 1003d660     gl_light.obj
 0002:00000668       __real@8@3ff78000000000000000 1003d668     gl_light.obj
 0002:00000670       __real@4@400a8000000000000000 1003d670     gl_light.obj
 0002:00000674       __real@4@40038000000000000000 1003d674     gl_light.obj
 0002:00000678       ??_C@_0BH@NCLK@Bad?5s_blocklights?5size?$AA@ 1003d678     gl_light.obj
 0002:00000690       ??_C@_0CL@IBMO@R_BuildLightMap?5called?5for?5non?9l@ 1003d690     gl_light.obj
 0002:000006bc       __real@4@40018000000000000000 1003d6bc     gl_mesh.obj
 0002:000006c0       __real@8@3fff8000000000000000 1003d6c0     gl_mesh.obj
 0002:000006c8       ??_C@_0CK@MHJA@R_DrawAliasModel?5?$CFs?3?5no?5such?5old@ 1003d6c8     gl_mesh.obj
 0002:000006f4       ??_C@_0CH@BMCP@R_DrawAliasModel?5?$CFs?3?5no?5such?5fra@ 1003d6f4     gl_mesh.obj
 0002:00000720       __real@8@3ffd9999999999999800 1003d720     gl_mesh.obj
 0002:00000728       __real@4@4006b400000000000000 1003d728     gl_mesh.obj
 0002:00000730       __real@8@3ffab60b60b60b60b800 1003d730     gl_mesh.obj
 0002:00000738       __real@8@3ffeccccccccccccd000 1003d738     gl_mesh.obj
 0002:00000740       __real@4@4001e000000000000000 1003d740     gl_mesh.obj
 0002:00000748       __real@8@3ffbccccccccccccd000 1003d748     gl_mesh.obj
 0002:00000750       __real@4@40069600000000000000 1003d750     gl_mesh.obj
 0002:00000754       __real@4@40008000000000000000 1003d754     gl_mesh.obj
 0002:00000758       ??_C@_0CK@BKAK@R_CullAliasModel?5?$CFs?3?5no?5such?5old@ 1003d758     gl_mesh.obj
 0002:00000784       ??_C@_0CH@HHDH@R_CullAliasModel?5?$CFs?3?5no?5such?5fra@ 1003d784     gl_mesh.obj
 0002:000007ac       ??_C@_0BL@HBDH@Mod_PointInLeaf?3?5bad?5model?$AA@ 1003d7ac     gl_model.obj
 0002:000007c8       ??_C@_0BE@KMED@Total?5resident?3?5?$CFi?6?$AA@ 1003d7c8     gl_model.obj
 0002:000007dc       ??_C@_09EHLB@?$CF8i?5?3?5?$CFs?6?$AA@ 1003d7dc     gl_model.obj
 0002:000007e8       ??_C@_0BA@GMNB@Loaded?5models?3?6?$AA@ 1003d7e8     gl_model.obj
 0002:000007f8       ??_C@_0CG@HPCL@Mod_NumForName?3?5unknown?5fileid?5f@ 1003d7f8     gl_model.obj
 0002:00000820       ??_C@_0BN@DJML@Mod_NumForName?3?5?$CFs?5not?5found?$AA@ 1003d820     gl_model.obj
 0002:00000840       ??_C@_0BO@PLCA@mod_numknown?5?$DN?$DN?5MAX_MOD_KNOWN?$AA@ 1003d840     gl_model.obj
 0002:00000860       ??_C@_0BI@DAMF@bad?5inline?5model?5number?$AA@ 1003d860     gl_model.obj
 0002:00000878       ??_C@_0BH@LKJJ@Mod_ForName?3?5NULL?5name?$AA@ 1003d878     gl_model.obj
 0002:00000890       ??_C@_0CG@OOHH@MOD_LoadBmodel?3?5funny?5lump?5size?5@ 1003d890     gl_model.obj
 0002:000008b8       ??_C@_0BC@DJDD@Couldn?8t?5load?5?$CFs?6?$AA@ 1003d8b8     gl_model.obj
 0002:000008cc       ??_C@_0BA@IDAI@textures?1?$CFs?4wal?$AA@ 1003d8cc     gl_model.obj
 0002:000008dc       ??_C@_0CD@COFD@MOD_LoadBmodel?3?5bad?5texinfo?5numb@ 1003d8dc     gl_model.obj
 0002:00000900       ??_C@_0CK@NMOI@Mod_ParseMarksurfaces?3?5bad?5surfa@ 1003d900     gl_model.obj
 0002:0000092c       ??_C@_0CO@DEJF@MOD_LoadBmodel?3?5bad?5surfedges?5co@ 1003d92c     gl_model.obj
 0002:0000095c       ??_C@_0CC@NIFN@Inline?5model?5?$CFi?5has?5bad?5firstnod@ 1003d95c     gl_model.obj
 0002:00000980       ??_C@_0EC@DMMC@Mod_LoadBrushModel?3?5?$CFs?5has?5wrong@ 1003d980     gl_model.obj
 0002:000009c4       ??_C@_0CF@GBO@Loaded?5a?5brush?5model?5after?5the?5w@ 1003d9c4     gl_model.obj
 0002:000009ec       ??_C@_0BH@IMJD@model?5?$CFs?5has?5no?5frames?$AA@ 1003d9ec     gl_model.obj
 0002:00000a04       ??_C@_0BK@EBGJ@model?5?$CFs?5has?5no?5triangles?$AA@ 1003da04     gl_model.obj
 0002:00000a20       ??_C@_0BM@MLIA@model?5?$CFs?5has?5no?5st?5vertices?$AA@ 1003da20     gl_model.obj
[...]
 0001:0002fe36       label32                    10030e36 f   LIBCMTD:adj_fdiv.obj
 0001:0002fe56       label33                    10030e56 f   LIBCMTD:adj_fdiv.obj
 0001:0002fe5b       label34                    10030e5b f   LIBCMTD:adj_fdiv.obj
 0001:0002fe75       label35                    10030e75 f   LIBCMTD:adj_fdiv.obj
 0001:0002fe7a       label36                    10030e7a f   LIBCMTD:adj_fdiv.obj
 0001:0002fe9a       label37                    10030e9a f   LIBCMTD:adj_fdiv.obj
 0001:0002feae       label38                    10030eae f   LIBCMTD:adj_fdiv.obj
 0001:0002fec6       label39                    10030ec6 f   LIBCMTD:adj_fdiv.obj
 0001:0002feda       label40                    10030eda f   LIBCMTD:adj_fdiv.obj
 0001:0002fefa       label41                    10030efa f   LIBCMTD:adj_fdiv.obj
 0001:0002feff       label42                    10030eff f   LIBCMTD:adj_fdiv.obj
 0001:0002ff19       label43                    10030f19 f   LIBCMTD:adj_fdiv.obj
 0001:0002ff1e       label44                    10030f1e f   LIBCMTD:adj_fdiv.obj
 0001:0002ff3e       label45                    10030f3e f   LIBCMTD:adj_fdiv.obj
 0001:0002ff52       label46                    10030f52 f   LIBCMTD:adj_fdiv.obj
 0001:0002ff6a       label47                    10030f6a f   LIBCMTD:adj_fdiv.obj
 0001:0002ff7e       label48                    10030f7e f   LIBCMTD:adj_fdiv.obj
 0001:0002ff9e       label49                    10030f9e f   LIBCMTD:adj_fdiv.obj
 0001:0002ffa3       label50                    10030fa3 f   LIBCMTD:adj_fdiv.obj
 0001:0002ffbd       label51                    10030fbd f   LIBCMTD:adj_fdiv.obj
 0001:0002ffc2       label52                    10030fc2 f   LIBCMTD:adj_fdiv.obj
 0001:0002ffe2       label53                    10030fe2 f   LIBCMTD:adj_fdiv.obj
 0001:0002fff6       label54                    10030ff6 f   LIBCMTD:adj_fdiv.obj
 0001:0003000e       label55                    1003100e f   LIBCMTD:adj_fdiv.obj
 0001:00030022       label56                    10031022 f   LIBCMTD:adj_fdiv.obj
 0001:00030042       label57                    10031042 f   LIBCMTD:adj_fdiv.obj
 0001:00030047       label58                    10031047 f   LIBCMTD:adj_fdiv.obj
 0001:00030061       label59                    10031061 f   LIBCMTD:adj_fdiv.obj
 0001:00030066       label60                    10031066 f   LIBCMTD:adj_fdiv.obj
 0001:00030086       label61                    10031086 f   LIBCMTD:adj_fdiv.obj
 0001:0003009a       label62                    1003109a f   LIBCMTD:adj_fdiv.obj
 0001:000300b2       label63                    100310b2 f   LIBCMTD:adj_fdiv.obj
 0001:0002f470       LeadUp1                    10030470 f   LIBCMTD:memmove.obj
 0001:0002f49c       LeadUp2                    1003049c f   LIBCMTD:memmove.obj
 0001:0002f4c0       LeadUp3                    100304c0 f   LIBCMTD:memmove.obj
 0001:0002f53f       UnwindUp0                  1003053f f   LIBCMTD:memmove.obj
 0001:0002f52c       UnwindUp1                  1003052c f   LIBCMTD:memmove.obj
 0001:0002f524       UnwindUp2                  10030524 f   LIBCMTD:memmove.obj
 0001:0002f51c       UnwindUp3                  1003051c f   LIBCMTD:memmove.obj
 0001:0002f514       UnwindUp4                  10030514 f   LIBCMTD:memmove.obj
 0001:0002f50c       UnwindUp5                  1003050c f   LIBCMTD:memmove.obj
 0001:0002f504       UnwindUp6                  10030504 f   LIBCMTD:memmove.obj
 0001:0002f4fc       UnwindUp7                  100304fc f   LIBCMTD:memmove.obj
 0001:0002f558       TrailUp0                   10030558 f   LIBCMTD:memmove.obj
 0001:0002f560       TrailUp1                   10030560 f   LIBCMTD:memmove.obj
 0001:0002f56c       TrailUp2                   1003056c f   LIBCMTD:memmove.obj
 0001:0002f580       TrailUp3                   10030580 f   LIBCMTD:memmove.obj
 0001:0002f5f8       LeadDown1                  100305f8 f   LIBCMTD:memmove.obj
 0001:0002f618       LeadDown2                  10030618 f   LIBCMTD:memmove.obj
 0001:0002f640       LeadDown3                  10030640 f   LIBCMTD:memmove.obj
 0001:0002f694       UnwindDown7                10030694 f   LIBCMTD:memmove.obj
 0001:0002f69c       UnwindDown6                1003069c f   LIBCMTD:memmove.obj
 0001:0002f6a4       UnwindDown5                100306a4 f   LIBCMTD:memmove.obj
 0001:0002f6ac       UnwindDown4                100306ac f   LIBCMTD:memmove.obj
 0001:0002f6b4       UnwindDown3                100306b4 f   LIBCMTD:memmove.obj
 0001:0002f6bc       UnwindDown2                100306bc f   LIBCMTD:memmove.obj
 0001:0002f6c4       UnwindDown1                100306c4 f   LIBCMTD:memmove.obj
 0001:0002f6d7       UnwindDown0                100306d7 f   LIBCMTD:memmove.obj
 0001:0002f6f0       TrailDown0                 100306f0 f   LIBCMTD:memmove.obj
 0001:0002f6f8       TrailDown1                 100306f8 f   LIBCMTD:memmove.obj
 0001:0002f708       TrailDown2                 10030708 f   LIBCMTD:memmove.obj
 0001:0002f71c       TrailDown3                 1003071c f   LIBCMTD:memmove.obj
 0001:0002f420       CopyUp                     10030420 f   LIBCMTD:memmove.obj
 0001:0002f43c       CopyLeadUp                 1003043c f   LIBCMTD:memmove.obj
 0001:0002f454       ByteCopyUp                 10030454 f   LIBCMTD:memmove.obj
 0001:0002f45c       CopyUnwindUp               1003045c f   LIBCMTD:memmove.obj
 0001:0002f598       CopyDown                   10030598 f   LIBCMTD:memmove.obj
 0001:0002f5c0       CopyUnwindDown             100305c0 f   LIBCMTD:memmove.obj
 0001:0002f5cc       CopyLeadDown               100305cc f   LIBCMTD:memmove.obj
 0001:0002f5e4       ByteCopyDown               100305e4 f   LIBCMTD:memmove.obj
 0001:0002e5a0       __abstract_cw              1002f5a0 f   LIBCMTD:ieee87.obj
 0001:0002e720       __hw_cw                    1002f720 f   LIBCMTD:ieee87.obj
 0001:0002e880       __abstract_sw              1002f880 f   LIBCMTD:ieee87.obj
 0001:0002dbd0       _parse_cmdline             1002ebd0 f   LIBCMTD:stdargv.obj
 0001:0002caf0       __tzset_lk                 1002daf0 f   LIBCMTD:tzset.obj
 0001:0002ced0       __isindst_lk               1002ded0 f   LIBCMTD:tzset.obj
 0001:0002d1d0       _cvtdate                   1002e1d0 f   LIBCMTD:tzset.obj
 0001:0002bfcb       front_misaligned           1002cfcb f   LIBCMTD:strncat.obj
 0001:0002bfda       find_end_of_front_string_loop 1002cfda f   LIBCMTD:strncat.obj
 0001:0002c00b       start_byte_3               1002d00b f   LIBCMTD:strncat.obj
 0001:0002c00e       start_byte_2               1002d00e f   LIBCMTD:strncat.obj
 0001:0002c013       start_byte_1               1002d013 f   LIBCMTD:strncat.obj
 0001:0002c018       start_byte_0               1002d018 f   LIBCMTD:strncat.obj
 0001:0002c01b       copy_start                 1002d01b f   LIBCMTD:strncat.obj
 0001:0002c030       back_misaligned            1002d030 f   LIBCMTD:strncat.obj
 0001:0002c04c       tail_loop_start            1002d04c f   LIBCMTD:strncat.obj
 0001:0002c053       tail_loop                  1002d053 f   LIBCMTD:strncat.obj
 0001:0002c060       empty_counter              1002d060 f   LIBCMTD:strncat.obj
 0001:0002c062       finish1                    1002d062 f   LIBCMTD:strncat.obj
 0001:0002c064       finish                     1002d064 f   LIBCMTD:strncat.obj
 0001:0002c06a       byte_0                     1002d06a f   LIBCMTD:strncat.obj
 0001:0002c074       main_loop                  1002d074 f   LIBCMTD:strncat.obj
 0001:0002c07c       main_loop_entrance         1002d07c f   LIBCMTD:strncat.obj
 0001:0002c0ae       byte_3                     1002d0ae f   LIBCMTD:strncat.obj
 0001:0002c0b8       byte_2                     1002d0b8 f   LIBCMTD:strncat.obj
 0001:0002c0c8       byte_1                     1002d0c8 f   LIBCMTD:strncat.obj
 0001:0002bd10       _xtoa                      1002cd10 f   LIBCMTD:xtoa.obj
 0001:0002be90       _x64toa@20                 1002ce90 f   LIBCMTD:xtoa.obj
 0001:0002b8a0       _ctrlevent_capture@4       1002c8a0 f   LIBCMTD:winsig.obj
 0001:0002bb80       _siglookup                 1002cb80 f   LIBCMTD:winsig.obj
 0001:0002ae30       _flsall                    1002be30 f   LIBCMTD:fflush.obj
 0001:0002a610       _write_char                1002b610 f   LIBCMTD:output.obj
 0001:0002a690       _write_multi_char          1002b690 f   LIBCMTD:output.obj
 0001:0002a6d0       _write_string              1002b6d0 f   LIBCMTD:output.obj
 0001:0002a720       _get_int_arg               1002b720 f   LIBCMTD:output.obj
 0001:0002a740       _get_int64_arg             1002b740 f   LIBCMTD:output.obj
 0001:0002a760       _get_short_arg             1002b760 f   LIBCMTD:output.obj
 0001:00029590       _$$$00001                  1002a590 f   LIBCMTD:strchr.obj
 0001:000295b8       str_misaligned             1002a5b8 f   LIBCMTD:strchr.obj
 0001:000295cb       main_loop_start            1002a5cb f   LIBCMTD:strchr.obj
 0001:000295d6       main_loop                  1002a5d6 f   LIBCMTD:strchr.obj
 0001:00029612       retnull                    1002a612 f   LIBCMTD:strchr.obj
 0001:00029614       retnull_bx                 1002a614 f   LIBCMTD:strchr.obj
 0001:00029618       chr_is_found               1002a618 f   LIBCMTD:strchr.obj
 0001:00029640       byte_3                     1002a640 f   LIBCMTD:strchr.obj
 0001:00029647       byte_2                     1002a647 f   LIBCMTD:strchr.obj
 0001:0002964e       byte_1                     1002a64e f   LIBCMTD:strchr.obj
 0001:00029655       byte_0                     1002a655 f   LIBCMTD:strchr.obj
 0001:00029590       found_bx                   1002a590 f   LIBCMTD:strchr.obj
 0001:00029540       _strncnt                   1002a540 f   LIBCMTD:a_map.obj
 0001:00028bd0       __setlocale_set_cat        10029bd0 f   LIBCMTD:setlocal.obj
 0001:00028d70       __setlocale_get_all        10029d70 f   LIBCMTD:setlocal.obj
 0001:00028799       hard                       10029799 f   LIBCMTD:llmul.obj
 0001:00028310       __get_fname                10029310 f   LIBCMTD:fpexcept.obj
 0001:00026ed1       fFEXP                      10027ed1 f   LIBCMTD:87tran.obj
 0001:00027011       _rtforexpinf               10028011 f   LIBCMTD:87tran.obj
 0001:00024f20       _doexit                    10025f20 f   LIBCMTD:crt0dat.obj
 0001:00025030       __initterm                 10026030 f   LIBCMTD:crt0dat.obj
 0001:000246c0       _CrtMessageWindow          100256c0 f   LIBCMTD:dbgrpt.obj
 0001:00023a50       __cftoe2                   10024a50 f   LIBCMTD:cvt.obj
 0001:00023c30       __cftof2                   10024c30 f   LIBCMTD:cvt.obj
 0001:00023ec0       __shift                    10024ec0 f   LIBCMTD:cvt.obj
 0001:00023040       _store_dt                  10024040 f   LIBCMTD:asctime.obj
 0001:0002297c       chk_null                   1002397c f   LIBCMTD:stricmp.obj
 0001:000229ae       done                       100239ae f   LIBCMTD:stricmp.obj
 0001:000229b3       notclocale                 100239b3 f   LIBCMTD:stricmp.obj
 0001:000229c7       do_lock                    100239c7 f   LIBCMTD:stricmp.obj
 0001:000229dc       end_lock                   100239dc f   LIBCMTD:stricmp.obj
 0001:000229e4       chk_null2                  100239e4 f   LIBCMTD:stricmp.obj
 0001:00022a0f       done2                      10023a0f f   LIBCMTD:stricmp.obj
 0001:00022a1f       do_unlock                  10023a1f f   LIBCMTD:stricmp.obj
 0001:00022a29       end_unlock                 10023a29 f   LIBCMTD:stricmp.obj
 0001:00022a2b       doret                      10023a2b f   LIBCMTD:stricmp.obj
 0001:00022444       src_misaligned             10023444 f   LIBCMTD:strncpy.obj
 0001:00022460       tail_loop_start            10023460 f   LIBCMTD:strncpy.obj
 0001:00022465       copy_tail_loop             10023465 f   LIBCMTD:strncpy.obj
 0001:00022472       fill_tail_end1             10023472 f   LIBCMTD:strncpy.obj
 0001:0002247a       align_dest                 1002347a f   LIBCMTD:strncpy.obj
 0001:00022482       dest_align_loop            10023482 f   LIBCMTD:strncpy.obj
 0001:00022494       dest_align_loop_end        10023494 f   LIBCMTD:strncpy.obj
 0001:0002249b       finish_loop                1002349b f   LIBCMTD:strncpy.obj
 0001:0002249e       fill_tail_zero_bytes       1002349e f   LIBCMTD:strncpy.obj
 0001:000224a3       finish                     100234a3 f   LIBCMTD:strncpy.obj
 0001:000224a9       main_loop                  100234a9 f   LIBCMTD:strncpy.obj
 0001:000224b1       main_loop_entrance         100234b1 f   LIBCMTD:strncpy.obj
 0001:000224e7       byte_2                     100234e7 f   LIBCMTD:strncpy.obj
 0001:000224f1       byte_1                     100234f1 f   LIBCMTD:strncpy.obj
 0001:000224fb       byte_0                     100234fb f   LIBCMTD:strncpy.obj
 0001:000224ff       fill_with_EOS_dwords       100234ff f   LIBCMTD:strncpy.obj
 0001:00022507       fill_dwords_with_EOS       10023507 f   LIBCMTD:strncpy.obj
 0001:00022509       fill_with_EOS_loop         10023509 f   LIBCMTD:strncpy.obj
 0001:00022511       fill_tail                  10023511 f   LIBCMTD:strncpy.obj
 0001:00022516       fill_tail_end              10023516 f   LIBCMTD:strncpy.obj
 0001:00021de8       findnext                   10022de8 f   LIBCMTD:strstr.obj
 0001:00021df9       loop_start                 10022df9 f   LIBCMTD:strstr.obj
 0001:00021dfc       in_loop                    10022dfc f   LIBCMTD:strstr.obj
 0001:00021e04       not_found                  10022e04 f   LIBCMTD:strstr.obj
 0001:00021e0a       first_char_found           10022e0a f   LIBCMTD:strstr.obj
 0001:00021e11       two_first_chars_equal      10022e11 f   LIBCMTD:strstr.obj
 0001:00021e14       compare_loop               10022e14 f   LIBCMTD:strstr.obj
 0001:00021e37       strchr_call                10022e37 f   LIBCMTD:strstr.obj
 0001:00021e43       match                      10022e43 f   LIBCMTD:strstr.obj
 0001:00021e4a       empty_str2                 10022e4a f   LIBCMTD:strstr.obj
 0001:000211a3       adjust_loop                100221a3 f   LIBCMTD:memset.obj
 0001:000211a9       dwords                     100221a9 f   LIBCMTD:memset.obj
 0001:000211c3       main_loop_tail             100221c3 f   LIBCMTD:memset.obj
 0001:000211c7       tail                       100221c7 f   LIBCMTD:memset.obj
 0001:000211cd       finish                     100221cd f   LIBCMTD:memset.obj
 0001:000211d3       toend                      100221d3 f   LIBCMTD:memset.obj
 0001:00021100       dodwords                   10022100 f   LIBCMTD:strcmp.obj
 0001:00021130       doneeq                     10022130 f   LIBCMTD:strcmp.obj
 0001:00021134       donene                     10022134 f   LIBCMTD:strcmp.obj
 0001:0002113c       dopartial                  1002213c f   LIBCMTD:strcmp.obj
 0001:00021158       doword                     10022158 f   LIBCMTD:strcmp.obj
 0001:0002107c       str_misaligned             1002207c f   LIBCMTD:strlen.obj
 0001:00021090       main_loop                  10022090 f   LIBCMTD:strlen.obj
 0001:000210c3       byte_3                     100220c3 f   LIBCMTD:strlen.obj
 0001:000210cd       byte_2                     100220cd f   LIBCMTD:strlen.obj
 0001:000210d7       byte_1                     100220d7 f   LIBCMTD:strlen.obj
 0001:000210e1       byte_0                     100220e1 f   LIBCMTD:strlen.obj
 0001:00020f9d       dest_misaligned            10021f9d f   LIBCMTD:strcat.obj
 0001:00020fac       find_end_of_dest_string_loop 10021fac f   LIBCMTD:strcat.obj
 0001:00020fdf       start_byte_3               10021fdf f   LIBCMTD:strcat.obj
 0001:00020fe4       start_byte_2               10021fe4 f   LIBCMTD:strcat.obj
 0001:00020fe9       start_byte_1               10021fe9 f   LIBCMTD:strcat.obj
 0001:00020fee       start_byte_0               10021fee f   LIBCMTD:strcat.obj
 0001:00020ffd       src_misaligned             10021ffd f   LIBCMTD:strcat.obj
 0001:00021011       main_loop                  10022011 f   LIBCMTD:strcat.obj
 0001:00021016       main_loop_entrance         10022016 f   LIBCMTD:strcat.obj
 0001:0002104a       byte_3                     1002204a f   LIBCMTD:strcat.obj
 0001:00021052       byte_2                     10022052 f   LIBCMTD:strcat.obj
 0001:0002105f       byte_1                     1002205f f   LIBCMTD:strcat.obj
 0001:00021068       byte_0                     10022068 f   LIBCMTD:strcat.obj
 0001:00020ff1       copy_start                 10021ff1 f   LIBCMTD:strcat.obj
 0001:00020cb0       LeadUp1                    10021cb0 f   LIBCMTD:memcpy.obj
 0001:00020cdc       LeadUp2                    10021cdc f   LIBCMTD:memcpy.obj
 0001:00020d00       LeadUp3                    10021d00 f   LIBCMTD:memcpy.obj
 0001:00020d7f       UnwindUp0                  10021d7f f   LIBCMTD:memcpy.obj
 0001:00020d6c       UnwindUp1                  10021d6c f   LIBCMTD:memcpy.obj
 0001:00020d64       UnwindUp2                  10021d64 f   LIBCMTD:memcpy.obj
 0001:00020d5c       UnwindUp3                  10021d5c f   LIBCMTD:memcpy.obj
 0001:00020d54       UnwindUp4                  10021d54 f   LIBCMTD:memcpy.obj
 0001:00020d4c       UnwindUp5                  10021d4c f   LIBCMTD:memcpy.obj
 0001:00020d44       UnwindUp6                  10021d44 f   LIBCMTD:memcpy.obj
 0001:00020d3c       UnwindUp7                  10021d3c f   LIBCMTD:memcpy.obj
 0001:00020d98       TrailUp0                   10021d98 f   LIBCMTD:memcpy.obj
 0001:00020da0       TrailUp1                   10021da0 f   LIBCMTD:memcpy.obj
 0001:00020dac       TrailUp2                   10021dac f   LIBCMTD:memcpy.obj
 0001:00020dc0       TrailUp3                   10021dc0 f   LIBCMTD:memcpy.obj
 0001:00020e38       LeadDown1                  10021e38 f   LIBCMTD:memcpy.obj
 0001:00020e58       LeadDown2                  10021e58 f   LIBCMTD:memcpy.obj
 0001:00020e80       LeadDown3                  10021e80 f   LIBCMTD:memcpy.obj
 0001:00020ed4       UnwindDown7                10021ed4 f   LIBCMTD:memcpy.obj
 0001:00020edc       UnwindDown6                10021edc f   LIBCMTD:memcpy.obj
 0001:00020ee4       UnwindDown5                10021ee4 f   LIBCMTD:memcpy.obj
 0001:00020eec       UnwindDown4                10021eec f   LIBCMTD:memcpy.obj
 0001:00020ef4       UnwindDown3                10021ef4 f   LIBCMTD:memcpy.obj
 0001:00020efc       UnwindDown2                10021efc f   LIBCMTD:memcpy.obj
 0001:00020f04       UnwindDown1                10021f04 f   LIBCMTD:memcpy.obj
 0001:00020f17       UnwindDown0                10021f17 f   LIBCMTD:memcpy.obj
 0001:00020f30       TrailDown0                 10021f30 f   LIBCMTD:memcpy.obj
 0001:00020f38       TrailDown1                 10021f38 f   LIBCMTD:memcpy.obj
 0001:00020f48       TrailDown2                 10021f48 f   LIBCMTD:memcpy.obj
 0001:00020f5c       TrailDown3                 10021f5c f   LIBCMTD:memcpy.obj
 0001:00020c60       CopyUp                     10021c60 f   LIBCMTD:memcpy.obj
 0001:00020c7c       CopyLeadUp                 10021c7c f   LIBCMTD:memcpy.obj
 0001:00020c94       ByteCopyUp                 10021c94 f   LIBCMTD:memcpy.obj
 0001:00020c9c       CopyUnwindUp               10021c9c f   LIBCMTD:memcpy.obj
 0001:00020dd8       CopyDown                   10021dd8 f   LIBCMTD:memcpy.obj
 0001:00020e00       CopyUnwindDown             10021e00 f   LIBCMTD:memcpy.obj
 0001:00020e0c       CopyLeadDown               10021e0c f   LIBCMTD:memcpy.obj
 0001:00020e24       ByteCopyDown               10021e24 f   LIBCMTD:memcpy.obj
 0001:0001f1a0       _realloc_help              100201a0 f   LIBCMTD:dbgheap.obj
 0001:0001fde0       _CheckBytes                10020de0 f   LIBCMTD:dbgheap.obj
 0001:000209d0       __printMemBlockData        100219d0 f   LIBCMTD:dbgheap.obj
 0001:0001ec50       _$$$00001                  1001fc50 f   LIBCMTD:chkstk.obj
 0001:0001ec5c       probepages                 1001fc5c f   LIBCMTD:chkstk.obj
 0001:0001ec70       lastpage                   1001fc70 f   LIBCMTD:chkstk.obj
