 gamex86

 Timestamp is 53e001ce (Mon Aug 04 23:57:34 2014)

 Preferred load address is 10000000

 Start         Length     Name                   Class
 0001:00000000 00052af7H .text                   CODE
 0002:00000000 00000140H .idata$5                DATA
 0002:00000140 00007eacH .rdata                  DATA
 0002:00007fec 00000014H .idata$2                DATA
 0002:00008000 00000014H .idata$3                DATA
 0002:00008014 00000140H .idata$4                DATA
 0002:00008154 0000058cH .idata$6                DATA
 0002:000086e0 00000049H .edata                  DATA
 0003:00000000 00000004H .CRT$XCA                DATA
 0003:00000004 00000004H .CRT$XCZ                DATA
 0003:00000008 00000004H .CRT$XIA                DATA
 0003:0000000c 00000008H .CRT$XIC                DATA
 0003:00000014 00000004H .CRT$XIZ                DATA
 0003:00000018 00000004H .CRT$XPA                DATA
 0003:0000001c 00000004H .CRT$XPX                DATA
 0003:00000020 00000004H .CRT$XPZ                DATA
 0003:00000024 00000004H .CRT$XTA                DATA
 0003:00000028 00000004H .CRT$XTZ                DATA
 0003:00000030 0000364cH .data                   DATA
 0003:00003680 00010900H .bss                    DATA

  Address         Publics by Value              Rva+Base     Lib:Object

 0001:00000000       _AI_SetSightClient         10001000 f   g_ai.obj
 0001:000000c0       _ai_move                   100010c0 f   g_ai.obj
 0001:000000f0       _ai_stand                  100010f0 f   g_ai.obj
 0001:00000320       _ai_walk                   10001320 f   g_ai.obj
 0001:00000410       _ai_charge                 10001410 f   g_ai.obj
 0001:000004b0       _ai_turn                   100014b0 f   g_ai.obj
 0001:00000510       _range                     10001510 f   g_ai.obj
 0001:000005a0       _visible                   100015a0 f   g_ai.obj
 0001:00000660       _infront                   10001660 f   g_ai.obj
 0001:00000700       _HuntTarget                10001700 f   g_ai.obj
 0001:000007d0       _FoundTarget               100017d0 f   g_ai.obj
 0001:00000990       _FindTarget                10001990 f   g_ai.obj
 0001:00000e50       _FacingIdeal               10001e50 f   g_ai.obj
 0001:00000eb0       _M_CheckAttack             10001eb0 f   g_ai.obj
 0001:00001190       _ai_run_melee              10002190 f   g_ai.obj
 0001:000011f0       _ai_run_missile            100021f0 f   g_ai.obj
 0001:00001250       _ai_run_slide              10002250 f   g_ai.obj
 0001:00001300       _ai_checkattack            10002300 f   g_ai.obj
 0001:00001710       _ai_run                    10002710 f   g_ai.obj
 0001:00002100       _UpdateChaseCam            10003100 f   g_chase.obj
 0001:000025c0       _ChaseNext                 100035c0 f   g_chase.obj
 0001:00002680       _ChasePrev                 10003680 f   g_chase.obj
 0001:00002740       _ClientTeam                10003740 f   g_cmds.obj
 0001:000027e0       _OnSameTeam                100037e0 f   g_cmds.obj
 0001:00002870       _SelectNextItem            10003870 f   g_cmds.obj
 0001:00002960       _SelectPrevItem            10003960 f   g_cmds.obj
 0001:00002a50       _ValidateSelectedItem      10003a50 f   g_cmds.obj
 0001:00002a90       _Cmd_Give_f                10003a90 f   g_cmds.obj
 0001:00002f80       _Cmd_God_f                 10003f80 f   g_cmds.obj
 0001:00003020       _Cmd_Notarget_f            10004020 f   g_cmds.obj
 0001:000030c0       _Cmd_Noclip_f              100040c0 f   g_cmds.obj
 0001:00003160       _Cmd_Use_f                 10004160 f   g_cmds.obj
 0001:00003220       _Cmd_Drop_f                10004220 f   g_cmds.obj
 0001:00003320       _Cmd_Inven_f               10004320 f   g_cmds.obj
 0001:00003430       _Cmd_InvUse_f              10004430 f   g_cmds.obj
 0001:000034e0       _Cmd_LastWeap_f            100044e0 f   g_cmds.obj
 0001:00003530       _Cmd_WeapPrev_f            10004530 f   g_cmds.obj
 0001:00003610       _Cmd_WeapNext_f            10004610 f   g_cmds.obj
 0001:000036f0       _Cmd_WeapLast_f            100046f0 f   g_cmds.obj
 0001:00003790       _Cmd_InvDrop_f             10004790 f   g_cmds.obj
 0001:00003820       _Cmd_Kill_f                10004820 f   g_cmds.obj
 0001:000038b0       _Cmd_PutAway_f             100048b0 f   g_cmds.obj
 0001:00003920       _PlayerSort                10004920 f   g_cmds.obj
 0001:000039a0       _Cmd_Players_f             100049a0 f   g_cmds.obj
 0001:00003b20       _Cmd_Wave_f                10004b20 f   g_cmds.obj
 0001:00003ca0       _CheckFlood                10004ca0 f   g_cmds.obj
 0001:00003e10       _Cmd_Say_f                 10004e10 f   g_cmds.obj
 0001:00004030       _ClientCommand             10005030 f   g_cmds.obj
 0001:00004670       _CanDamage                 10005670 f   g_combat.obj
 0001:000049c0       _Killed                    100059c0 f   g_combat.obj
 0001:00004b40       _SpawnDamage               10005b40 f   g_combat.obj
 0001:00004bb0       _M_ReactToDamage           10005bb0 f   g_combat.obj
 0001:00004e20       _CheckTeamDamage           10005e20 f   g_combat.obj
 0001:00004e90       _T_Damage                  10005e90 f   g_combat.obj
 0001:000058f0       _T_RadiusDamage            100068f0 f   g_combat.obj
 0001:00005a90       _stuffcmd                  10006a90 f   g_ctf.obj
 0001:00005ad0       _CTFSpawn                  10006ad0 f   g_ctf.obj
 0001:00005b70       _CTFInit                   10006b70 f   g_ctf.obj
 0001:00005cc0       _CTFPrecache               10006cc0 f   g_ctf.obj
 0001:00005db0       _CTFTeamName               10006db0 f   g_ctf.obj
 0001:00005df0       _CTFOtherTeamName          10006df0 f   g_ctf.obj
 0001:00005e30       _CTFOtherTeam              10006e30 f   g_ctf.obj
 0001:00005e70       _CTFAssignSkin             10006e70 f   g_ctf.obj
 0001:00005fb0       _CTFAssignTeam             10006fb0 f   g_ctf.obj
 0001:000060e0       _SelectCTFSpawnPoint       100070e0 f   g_ctf.obj
 0001:000062a0       _CTFFragBonuses            100072a0 f   g_ctf.obj
 0001:00006c10       _CTFCheckHurtCarrier       10007c10 f   g_ctf.obj
 0001:00006cb0       _CTFResetFlag              10007cb0 f   g_ctf.obj
 0001:00006d70       _CTFResetFlags             10007d70 f   g_ctf.obj
 0001:00006da0       _CTFPickup_Flag            10007da0 f   g_ctf.obj
 0001:00007260       _CTFDeadDropFlag           10008260 f   g_ctf.obj
 0001:000074c0       _CTFDrop_Flag              100084c0 f   g_ctf.obj
 0001:00007510       _CTFFlagSetup              10008510 f   g_ctf.obj
 0001:00007780       _CTFEffects                10008780 f   g_ctf.obj
 0001:00007890       _CTFCalcScores             10008890 f   g_ctf.obj
 0001:00007980       _CTFID_f                   10008980 f   g_ctf.obj
 0001:000079f0       _SetCTFStats               100089f0 f   g_ctf.obj
 0001:00008310       _SP_info_player_team1      10009310 f   g_ctf.obj
 0001:00008320       _SP_info_player_team2      10009320 f   g_ctf.obj
 0001:00008330       _CTFPlayerResetGrapple     10009330 f   g_ctf.obj
 0001:00008370       _CTFResetGrapple           10009370 f   g_ctf.obj
 0001:00008440       _CTFGrappleTouch           10009440 f   g_ctf.obj
 0001:00008650       _CTFGrappleDrawCable       10009650 f   g_ctf.obj
 0001:00008800       _CTFGrapplePull            10009800 f   g_ctf.obj
 0001:00008c90       _CTFFireGrapple            10009c90 f   g_ctf.obj
 0001:00008ea0       _CTFGrappleFire            10009ea0 f   g_ctf.obj
 0001:00009000       _CTFWeapon_Grapple_Fire    1000a000 f   g_ctf.obj
 0001:00009050       _CTFWeapon_Grapple         1000a050 f   g_ctf.obj
 0001:000091e0       _CTFTeam_f                 1000a1e0 f   g_ctf.obj
 0001:00009440       _CTFScoreboardMessage      1000a440 f   g_ctf.obj
 0001:00009dd0       _CTFHasTech                1000add0 f   g_ctf.obj
 0001:00009e30       _CTFWhat_Tech              1000ae30 f   g_ctf.obj
 0001:00009eb0       _CTFPickup_Tech            1000aeb0 f   g_ctf.obj
 0001:00009f90       _CTFDrop_Tech              1000af90 f   g_ctf.obj
 0001:0000a0f0       _CTFDeadDropTech           1000b0f0 f   g_ctf.obj
 0001:0000a3e0       _CTFRespawnTech            1000b3e0 f   g_ctf.obj
 0001:0000a420       _CTFSetupTechSpawn         1000b420 f   g_ctf.obj
 0001:0000a500       _CTFResetTech              1000b500 f   g_ctf.obj
 0001:0000a590       _CTFApplyResistance        1000b590 f   g_ctf.obj
 0001:0000a660       _CTFApplyStrength          1000b660 f   g_ctf.obj
 0001:0000a6d0       _CTFApplyStrengthSound     1000b6d0 f   g_ctf.obj
 0001:0000a810       _CTFApplyHaste             1000b810 f   g_ctf.obj
 0001:0000a880       _CTFApplyHasteSound        1000b880 f   g_ctf.obj
 0001:0000a970       _CTFApplyRegeneration      1000b970 f   g_ctf.obj
 0001:0000ab80       _CTFHasRegeneration        1000bb80 f   g_ctf.obj
 0001:0000abf0       _CTFSay_Team               1000bbf0 f   g_ctf.obj
 0001:0000ba80       _SP_misc_ctf_banner        1000ca80 f   g_ctf.obj
 0001:0000bb70       _SP_misc_ctf_small_banner  1000cb70 f   g_ctf.obj
 0001:0000bc10       _CTFBeginElection          1000cc10 f   g_ctf.obj
 0001:0000bdc0       _CTFResetAllPlayers        1000cdc0 f   g_ctf.obj
 0001:0000bf70       _CTFAssignGhost            1000cf70 f   g_ctf.obj
 0001:0000c0e0       _CTFStartMatch             1000d0e0 f   g_ctf.obj
 0001:0000c2d0       _CTFEndMatch               1000d2d0 f   g_ctf.obj
 0001:0000c410       _CTFNextMap                1000d410 f   g_ctf.obj
 0001:0000c450       _CTFWinElection            1000d450 f   g_ctf.obj
 0001:0000c560       _CTFVoteYes                1000d560 f   g_ctf.obj
 0001:0000c660       _CTFVoteNo                 1000d660 f   g_ctf.obj
 0001:0000c730       _CTFReady                  1000d730 f   g_ctf.obj
 0001:0000c920       _CTFNotReady               1000d920 f   g_ctf.obj
 0001:0000ca20       _CTFGhost                  1000da20 f   g_ctf.obj
 0001:0000cc10       _CTFMatchSetup             1000dc10 f   g_ctf.obj
 0001:0000cc40       _CTFMatchOn                1000dc40 f   g_ctf.obj
 0001:0000cc70       _CTFJoinTeam               1000dc70 f   g_ctf.obj
 0001:0000cdb0       _CTFJoinTeam1              1000ddb0 f   g_ctf.obj
 0001:0000cdd0       _CTFJoinTeam2              1000ddd0 f   g_ctf.obj
 0001:0000cdf0       _CTFChaseCam               1000ddf0 f   g_ctf.obj
 0001:0000cf70       _CTFReturnToMain           1000df70 f   g_ctf.obj
 0001:0000cfa0       _CTFRequestMatch           1000dfa0 f   g_ctf.obj
 0001:0000d000       _CTFShowScores             1000e000 f   g_ctf.obj
 0001:0000d050       _CTFUpdateJoinMenu         1000e050 f   g_ctf.obj
 0001:0000d490       _CTFOpenJoinMenu           1000e490 f   g_ctf.obj
 0001:0000d500       _CTFCredits                1000e500 f   g_ctf.obj
 0001:0000d540       _CTFStartClient            1000e540 f   g_ctf.obj
 0001:0000d600       _CTFObserver               1000e600 f   g_ctf.obj
 0001:0000d710       _CTFInMatch                1000e710 f   g_ctf.obj
 0001:0000d740       _CTFCheckRules             1000e740 f   g_ctf.obj
 0001:0000dca0       _SP_trigger_teleport       1000eca0 f   g_ctf.obj
 0001:0000e000       _SP_info_teleport_destination 1000f000 f   g_ctf.obj
 0001:0000e030       _CTFAdmin_SettingsApply    1000f030 f   g_ctf.obj
 0001:0000e530       _CTFAdmin_SettingsCancel   1000f530 f   g_ctf.obj
 0001:0000e570       _CTFAdmin_ChangeMatchLen   1000f570 f   g_ctf.obj
 0001:0000e5c0       _CTFAdmin_ChangeMatchSetupLen 1000f5c0 f   g_ctf.obj
 0001:0000e620       _CTFAdmin_ChangeMatchStartLen 1000f620 f   g_ctf.obj
 0001:0000e680       _CTFAdmin_ChangeWeapStay   1000f680 f   g_ctf.obj
 0001:0000e6c0       _CTFAdmin_ChangeInstantItems 1000f6c0 f   g_ctf.obj
 0001:0000e700       _CTFAdmin_ChangeQuadDrop   1000f700 f   g_ctf.obj
 0001:0000e740       _CTFAdmin_ChangeInstantWeap 1000f740 f   g_ctf.obj
 0001:0000e780       _CTFAdmin_ChangeMatchLock  1000f780 f   g_ctf.obj
 0001:0000e7c0       _CTFAdmin_UpdateSettings   1000f7c0 f   g_ctf.obj
 0001:0000ea70       _CTFAdmin_Settings         1000fa70 f   g_ctf.obj
 0001:0000ebc0       _CTFAdmin_MatchSet         1000fbc0 f   g_ctf.obj
 0001:0000eca0       _CTFAdmin_MatchMode        1000fca0 f   g_ctf.obj
 0001:0000ed00       _CTFAdmin_Reset            1000fd00 f   g_ctf.obj
 0001:0000ed50       _CTFAdmin_Cancel           1000fd50 f   g_ctf.obj
 0001:0000ed70       _CTFOpenAdminMenu          1000fd70 f   g_ctf.obj
 0001:0000ee50       _CTFAdmin                  1000fe50 f   g_ctf.obj
 0001:0000efa0       _CTFStats                  1000ffa0 f   g_ctf.obj
 0001:0000f280       _CTFPlayerList             10010280 f   g_ctf.obj
 0001:0000f4a0       _CTFWarp                   100104a0 f   g_ctf.obj
 0001:0000f690       _CTFBoot                   10010690 f   g_ctf.obj
 0001:0000f7d0       _CTFSetPowerUpEffect       100107d0 f   g_ctf.obj
 0001:0000f840       _Move_Done                 10010840 f   g_func.obj
 0001:0000f890       _Move_Final                10010890 f   g_func.obj
 0001:0000f920       _Move_Begin                10010920 f   g_func.obj
 0001:0000fa00       _Move_Calc                 10010a00 f   g_func.obj
 0001:0000fb60       _AngleMove_Done            10010b60 f   g_func.obj
 0001:0000fbb0       _AngleMove_Final           10010bb0 f   g_func.obj
 0001:0000fca0       _AngleMove_Begin           10010ca0 f   g_func.obj
 0001:0000fdd0       _AngleMove_Calc            10010dd0 f   g_func.obj
 0001:0000fe80       _plat_CalcAcceleratedMove  10010e80 f   g_func.obj
 0001:0000ffb0       _plat_Accelerate           10010fb0 f   g_func.obj
 0001:000101b0       _Think_AccelMove           100111b0 f   g_func.obj
 0001:00010290       _plat_hit_top              10011290 f   g_func.obj
 0001:00010320       _plat_hit_bottom           10011320 f   g_func.obj
 0001:00010390       _plat_go_down              10011390 f   g_func.obj
 0001:00010420       _plat_go_up                10011420 f   g_func.obj
 0001:000104b0       _plat_blocked              100114b0 f   g_func.obj
 0001:00010590       _Use_Plat                  10011590 f   g_func.obj
 0001:000105c0       _Touch_Plat_Center         100115c0 f   g_func.obj
 0001:00010630       _plat_spawn_inside_trigger 10011630 f   g_func.obj
 0001:000107e0       _SP_func_plat              100117e0 f   g_func.obj
 0001:00010bb0       _rotating_blocked          10011bb0 f   g_func.obj
 0001:00010c00       _rotating_touch            10011c00 f   g_func.obj
 0001:00010c90       _rotating_use              10011c90 f   g_func.obj
 0001:00010d50       _SP_func_rotating          10011d50 f   g_func.obj
 0001:00010f50       _button_done               10011f50 f   g_func.obj
 0001:00010f90       _button_return             10011f90 f   g_func.obj
 0001:00010ff0       _button_wait               10011ff0 f   g_func.obj
 0001:00011090       _button_fire               10012090 f   g_func.obj
 0001:00011130       _button_use                10012130 f   g_func.obj
 0001:00011160       _button_touch              10012160 f   g_func.obj
 0001:000111b0       _button_killed             100121b0 f   g_func.obj
 0001:00011200       _SP_func_button            10012200 f   g_func.obj
 0001:00011590       _door_use_areaportals      10012590 f   g_func.obj
 0001:00011610       _door_hit_top              10012610 f   g_func.obj
 0001:000116d0       _door_hit_bottom           100126d0 f   g_func.obj
 0001:00011750       _door_go_down              10012750 f   g_func.obj
 0001:00011850       _door_go_up                10012850 f   g_func.obj
 0001:000119a0       _door_use                  100129a0 f   g_func.obj
 0001:00011a80       _Touch_DoorTrigger         10012a80 f   g_func.obj
 0001:00011b30       _Think_CalcMoveSpeed       10012b30 f   g_func.obj
 0001:00011ca0       _Think_SpawnDoorTrigger    10012ca0 f   g_func.obj
 0001:00011e50       _door_blocked              10012e50 f   g_func.obj
 0001:00011fa0       _door_killed               10012fa0 f   g_func.obj
 0001:00012010       _door_touch                10013010 f   g_func.obj
 0001:000120a0       _SP_func_door              100130a0 f   g_func.obj
 0001:00012610       _SP_func_door_rotating     10013610 f   g_func.obj
 0001:00012be0       _SP_func_water             10013be0 f   g_func.obj
 0001:00012ff0       _train_blocked             10013ff0 f   g_func.obj
 0001:000130d0       _train_wait                100140d0 f   g_func.obj
 0001:00013270       _train_next                10014270 f   g_func.obj
 0001:000134e0       _train_resume              100144e0 f   g_func.obj
 0001:000135c0       _func_train_find           100145c0 f   g_func.obj
 0001:000136f0       _train_use                 100146f0 f   g_func.obj
 0001:000137a0       _SP_func_train             100147a0 f   g_func.obj
 0001:00013930       _trigger_elevator_use      10014930 f   g_func.obj
 0001:000139e0       _trigger_elevator_init     100149e0 f   g_func.obj
 0001:00013ab0       _SP_trigger_elevator       10014ab0 f   g_func.obj
 0001:00013af0       _func_timer_think          10014af0 f   g_func.obj
 0001:00013b60       _func_timer_use            10014b60 f   g_func.obj
 0001:00013be0       _SP_func_timer             10014be0 f   g_func.obj
 0001:00013d00       _func_conveyor_use         10014d00 f   g_func.obj
 0001:00013d90       _SP_func_conveyor          10014d90 f   g_func.obj
 0001:00013e40       _door_secret_use           10014e40 f   g_func.obj
 0001:00013ea0       _door_secret_move1         10014ea0 f   g_func.obj
 0001:00013ee0       _door_secret_move2         10014ee0 f   g_func.obj
 0001:00013f10       _door_secret_move3         10014f10 f   g_func.obj
 0001:00013f60       _door_secret_move4         10014f60 f   g_func.obj
 0001:00013f90       _door_secret_move5         10014f90 f   g_func.obj
 0001:00013fd0       _door_secret_move6         10014fd0 f   g_func.obj
 0001:00014000       _door_secret_done          10015000 f   g_func.obj
 0001:00014060       _door_secret_blocked       10015060 f   g_func.obj
 0001:00014130       _door_secret_die           10015130 f   g_func.obj
 0001:00014170       _SP_func_door_secret       10015170 f   g_func.obj
 0001:000144e0       _use_killbox               100154e0 f   g_func.obj
 0001:00014500       _SP_func_killbox           10015500 f   g_func.obj
 0001:00014550       _GetItemByIndex            10015550 f   g_items.obj
 0001:00014580       _FindItemByClassname       10015580 f   g_items.obj
 0001:000145f0       _FindItem                  100155f0 f   g_items.obj
 0001:00014660       _DoRespawn                 10015660 f   g_items.obj
 0001:00014780       _SetRespawn                10015780 f   g_items.obj
 0001:00014800       _Pickup_Powerup            10015800 f   g_items.obj
 0001:000149e0       _Drop_General              100159e0 f   g_items.obj
 0001:00014a50       _Pickup_Adrenaline         10015a50 f   g_items.obj
 0001:00014b00       _Pickup_AncientHead        10015b00 f   g_items.obj
 0001:00014b70       _Pickup_Bandolier          10015b70 f   g_items.obj
 0001:00014d70       _Pickup_Pack               10015d70 f   g_items.obj
 0001:000151d0       _Use_Quad                  100161d0 f   g_items.obj
 0001:000152d0       _Use_Breather              100162d0 f   g_items.obj
 0001:00015380       _Use_Envirosuit            10016380 f   g_items.obj
 0001:00015430       _Use_Invulnerability       10016430 f   g_items.obj
 0001:00015510       _Use_Silencer              10016510 f   g_items.obj
 0001:00015590       _Pickup_Key                10016590 f   g_items.obj
 0001:00015720       _Add_Ammo                  10016720 f   g_items.obj
 0001:00015860       _Pickup_Ammo               10016860 f   g_items.obj
 0001:000159d0       _Drop_Ammo                 100169d0 f   g_items.obj
 0001:00015a80       _MegaHealth_think          10016a80 f   g_items.obj
 0001:00015b50       _Pickup_Health             10016b50 f   g_items.obj
 0001:00015cf0       _ArmorIndex                10016cf0 f   g_items.obj
 0001:00015d70       _Pickup_Armor              10016d70 f   g_items.obj
 0001:00015fb0       _PowerArmorType            10016fb0 f   g_items.obj
 0001:00016020       _Use_PowerArmor            10017020 f   g_items.obj
 0001:00016110       _Pickup_PowerArmor         10017110 f   g_items.obj
 0001:00016200       _Drop_PowerArmor           10017200 f   g_items.obj
 0001:00016270       _Touch_Item                10017270 f   g_items.obj
 0001:00016590       _Drop_Item                 10017590 f   g_items.obj
 0001:00016880       _Use_Item                  10017880 f   g_items.obj
 0001:00016910       _droptofloor               10017910 f   g_items.obj
 0001:00016c20       _PrecacheItem              10017c20 f   g_items.obj
 0001:00016e30       _SpawnItem                 10017e30 f   g_items.obj
 0001:00017160       _SP_item_health            10018160 f   g_items.obj
 0001:000171f0       _SP_item_health_small      100181f0 f   g_items.obj
 0001:00017290       _SP_item_health_large      10018290 f   g_items.obj
 0001:00017320       _SP_item_health_mega       10018320 f   g_items.obj
 0001:000173c0       _InitItems                 100183c0 f   g_items.obj
 0001:000173e0       _SetItemNames              100183e0 f   g_items.obj
 0001:000174e0       _ShutdownGame              100184e0 f   g_main.obj
 0001:00017520       _GetGameAPI                10018520 f   g_main.obj
 0001:000175f0       _Sys_Error                 100185f0 f   g_main.obj
 0001:00017640       _Com_Printf                10018640 f   g_main.obj
 0001:00017690       _ClientEndServerFrames     10018690 f   g_main.obj
 0001:00017700       _CreateTargetChangeLevel   10018700 f   g_main.obj
 0001:00017750       _EndDMLevel                10018750 f   g_main.obj
 0001:00017930       _CheckDMRules              10018930 f   g_main.obj
 0001:00017aa0       _ExitLevel                 10018aa0 f   g_main.obj
 0001:00017b90       _G_RunFrame                10018b90 f   g_main.obj
 0001:00017cf0       _Use_Areaportal            10018cf0 f   g_misc.obj
 0001:00017d40       _SP_func_areaportal        10018d40 f   g_misc.obj
 0001:00017d70       _VelocityForDamage         10018d70 f   g_misc.obj
 0001:00017e30       _ClipGibVelocity           10018e30 f   g_misc.obj
 0001:00017f20       _gib_think                 10018f20 f   g_misc.obj
 0001:00017fb0       _gib_touch                 10018fb0 f   g_misc.obj
 0001:00018090       _gib_die                   10019090 f   g_misc.obj
 0001:000180b0       _ThrowGib                  100190b0 f   g_misc.obj
 0001:00018340       _ThrowHead                 10019340 f   g_misc.obj
 0001:00018550       _ThrowClientHead           10019550 f   g_misc.obj
 0001:000186f0       _debris_die                100196f0 f   g_misc.obj
 0001:00018710       _ThrowDebris               10019710 f   g_misc.obj
 0001:00018920       _BecomeExplosion1          10019920 f   g_misc.obj
 0001:00018a30       _BecomeExplosion2          10019a30 f   g_misc.obj
 0001:00018a90       _path_corner_touch         10019a90 f   g_misc.obj
 0001:00018ca0       _SP_path_corner            10019ca0 f   g_misc.obj
 0001:00018d80       _point_combat_touch        10019d80 f   g_misc.obj
 0001:00018fc0       _SP_point_combat           10019fc0 f   g_misc.obj
 0001:00019080       _TH_viewthing              1001a080 f   g_misc.obj
 0001:00019110       _SP_viewthing              1001a110 f   g_misc.obj
 0001:000191f0       _SP_info_null              1001a1f0 f   g_misc.obj
 0001:00019210       _SP_info_notnull           1001a210 f   g_misc.obj
 0001:00019280       _SP_light                  1001a280 f   g_misc.obj
 0001:000193c0       _func_wall_use             1001a3c0 f   g_misc.obj
 0001:00019460       _SP_func_wall              1001a460 f   g_misc.obj
 0001:000195d0       _func_object_touch         1001a5d0 f   g_misc.obj
 0001:00019640       _func_object_release       1001a640 f   g_misc.obj
 0001:00019670       _func_object_use           1001a670 f   g_misc.obj
 0001:000196d0       _SP_func_object            1001a6d0 f   g_misc.obj
 0001:00019880       _func_explosive_explode    1001a880 f   g_misc.obj
 0001:00019be0       _func_explosive_use        1001abe0 f   g_misc.obj
 0001:00019c20       _func_explosive_spawn      1001ac20 f   g_misc.obj
 0001:00019c80       _SP_func_explosive         1001ac80 f   g_misc.obj
 0001:00019df0       _barrel_touch              1001adf0 f   g_misc.obj
 0001:00019e90       _barrel_explode            1001ae90 f   g_misc.obj
 0001:0001a940       _barrel_delay              1001b940 f   g_misc.obj
 0001:0001a990       _SP_misc_explobox          1001b990 f   g_misc.obj
 0001:0001ab30       _misc_blackhole_use        1001bb30 f   g_misc.obj
 0001:0001ab50       _misc_blackhole_think      1001bb50 f   g_misc.obj
 0001:0001abb0       _SP_misc_blackhole         1001bbb0 f   g_misc.obj
 0001:0001ac90       _misc_eastertank_think     1001bc90 f   g_misc.obj
 0001:0001ad00       _SP_misc_eastertank        1001bd00 f   g_misc.obj
 0001:0001add0       _misc_easterchick_think    1001bdd0 f   g_misc.obj
 0001:0001ae40       _SP_misc_easterchick       1001be40 f   g_misc.obj
 0001:0001af10       _misc_easterchick2_think   1001bf10 f   g_misc.obj
 0001:0001af80       _SP_misc_easterchick2      1001bf80 f   g_misc.obj
 0001:0001b050       _commander_body_think      1001c050 f   g_misc.obj
 0001:0001b0d0       _commander_body_use        1001c0d0 f   g_misc.obj
 0001:0001b130       _commander_body_drop       1001c130 f   g_misc.obj
 0001:0001b160       _SP_monster_commander_body 1001c160 f   g_misc.obj
 0001:0001b280       _misc_banner_think         1001c280 f   g_misc.obj
 0001:0001b2d0       _SP_misc_banner            1001c2d0 f   g_misc.obj
 0001:0001b360       _misc_deadsoldier_die      1001c360 f   g_misc.obj
 0001:0001b3f0       _SP_misc_deadsoldier       1001c3f0 f   g_misc.obj
 0001:0001b5a0       _misc_viper_use            1001c5a0 f   g_misc.obj
 0001:0001b5f0       _SP_misc_viper             1001c5f0 f   g_misc.obj
 0001:0001b770       _SP_misc_bigviper          1001c770 f   g_misc.obj
 0001:0001b810       _misc_viper_bomb_touch     1001c810 f   g_misc.obj
 0001:0001b890       _misc_viper_bomb_prethink  1001c890 f   g_misc.obj
 0001:0001b930       _misc_viper_bomb_use       1001c930 f   g_misc.obj
 0001:0001ba40       _SP_misc_viper_bomb        1001ca40 f   g_misc.obj
 0001:0001bb20       _misc_strogg_ship_use      1001cb20 f   g_misc.obj
 0001:0001bb70       _SP_misc_strogg_ship       1001cb70 f   g_misc.obj
 0001:0001bcf0       _misc_satellite_dish_think 1001ccf0 f   g_misc.obj
 0001:0001bd30       _misc_satellite_dish_use   1001cd30 f   g_misc.obj
 0001:0001bd70       _SP_misc_satellite_dish    1001cd70 f   g_misc.obj
 0001:0001be20       _SP_light_mine1            1001ce20 f   g_misc.obj
 0001:0001be70       _SP_light_mine2            1001ce70 f   g_misc.obj
 0001:0001bec0       _SP_misc_gib_arm           1001cec0 f   g_misc.obj
 0001:0001bff0       _SP_misc_gib_leg           1001cff0 f   g_misc.obj
 0001:0001c120       _SP_misc_gib_head          1001d120 f   g_misc.obj
 0001:0001c250       _SP_target_character       1001d250 f   g_misc.obj
 0001:0001c2b0       _target_string_use         1001d2b0 f   g_misc.obj
 0001:0001c3a0       _SP_target_string          1001d3a0 f   g_misc.obj
 0001:0001c3e0       _func_clock_think          1001d3e0 f   g_misc.obj
 0001:0001c860       _func_clock_use            1001d860 f   g_misc.obj
 0001:0001c8c0       _SP_func_clock             1001d8c0 f   g_misc.obj
 0001:0001ca00       _teleporter_touch          1001da00 f   g_misc.obj
 0001:0001cc10       _SP_misc_teleporter        1001dc10 f   g_misc.obj
 0001:0001cdb0       _SP_misc_teleporter_dest   1001ddb0 f   g_misc.obj
 0001:0001ce50       _monster_fire_bullet       1001de50 f   g_monster.obj
 0001:0001ced0       _monster_fire_shotgun      1001ded0 f   g_monster.obj
 0001:0001cf50       _monster_fire_blaster      1001df50 f   g_monster.obj
 0001:0001cfd0       _monster_fire_grenade      1001dfd0 f   g_monster.obj
 0001:0001d060       _monster_fire_rocket       1001e060 f   g_monster.obj
 0001:0001d0f0       _monster_fire_railgun      1001e0f0 f   g_monster.obj
 0001:0001d160       _monster_fire_bfg          1001e160 f   g_monster.obj
 0001:0001d1e0       _M_FlyCheck                1001e1e0 f   g_monster.obj
 0001:0001d310       _AttackFinished            1001e310 f   g_monster.obj
 0001:0001d340       _M_CheckGround             1001e340 f   g_monster.obj
 0001:0001d470       _M_CatagorizePosition      1001e470 f   g_monster.obj
 0001:0001d570       _M_WorldEffects            1001e570 f   g_monster.obj
 0001:0001da30       _M_droptofloor             1001ea30 f   g_monster.obj
 0001:0001db10       _M_SetEffects              1001eb10 f   g_monster.obj
 0001:0001dbe0       _M_MoveFrame               1001ebe0 f   g_monster.obj
 0001:0001ddd0       _monster_think             1001edd0 f   g_monster.obj
 0001:0001de40       _monster_use               1001ee40 f   g_monster.obj
 0001:0001dec0       _monster_triggered_spawn   1001eec0 f   g_monster.obj
 0001:0001dfa0       _monster_triggered_spawn_use 1001efa0 f   g_monster.obj
 0001:0001e000       _monster_triggered_start   1001f000 f   g_monster.obj
 0001:0001e060       _monster_death_use         1001f060 f   g_monster.obj
 0001:0001e110       _monster_start             1001f110 f   g_monster.obj
 0001:0001e350       _monster_start_go          1001f350 f   g_monster.obj
 0001:0001e6e0       _walkmonster_start_go      1001f6e0 f   g_monster.obj
 0001:0001e7c0       _walkmonster_start         1001f7c0 f   g_monster.obj
 0001:0001e7f0       _flymonster_start_go       1001f7f0 f   g_monster.obj
 0001:0001e8a0       _flymonster_start          1001f8a0 f   g_monster.obj
 0001:0001e8e0       _swimmonster_start_go      1001f8e0 f   g_monster.obj
 0001:0001e950       _swimmonster_start         1001f950 f   g_monster.obj
 0001:0001e990       _SV_TestEntityPosition     1001f990 f   g_phys.obj
 0001:0001ea20       _SV_CheckVelocity          1001fa20 f   g_phys.obj
 0001:0001eac0       _SV_RunThink               1001fac0 f   g_phys.obj
 0001:0001eb50       _SV_Impact                 1001fb50 f   g_phys.obj
 0001:0001ebe0       _ClipVelocity              1001fbe0 f   g_phys.obj
 0001:0001ece0       _SV_FlyMove                1001fce0 f   g_phys.obj
 0001:0001f210       _SV_AddGravity             10020210 f   g_phys.obj
 0001:0001f250       _SV_PushEntity             10020250 f   g_phys.obj
 0001:0001f3b0       _SV_Push                   100203b0 f   g_phys.obj
 0001:0001fa40       _SV_Physics_Pusher         10020a40 f   g_phys.obj
 0001:0001fc30       _SV_Physics_None           10020c30 f   g_phys.obj
 0001:0001fc50       _SV_Physics_Noclip         10020c50 f   g_phys.obj
 0001:0001fcd0       _SV_Physics_Toss           10020cd0 f   g_phys.obj
 0001:00020050       _SV_AddRotationalFriction  10021050 f   g_phys.obj
 0001:00020160       _SV_Physics_Step           10021160 f   g_phys.obj
 0001:000205d0       _G_RunEntity               100215d0 f   g_phys.obj
 0001:000206a0       _InitGame                  100216a0 f   g_save.obj
 0001:00020b30       _WriteField1               10021b30 f   g_save.obj
 0001:00020c70       _WriteField2               10021c70 f   g_save.obj
 0001:00020ce0       _ReadField                 10021ce0 f   g_save.obj
 0001:00020e80       _WriteClient               10021e80 f   g_save.obj
 0001:00020f20       _ReadClient                10021f20 f   g_save.obj
 0001:00020f80       _WriteGame                 10021f80 f   g_save.obj
 0001:00021070       _ReadGame                  10022070 f   g_save.obj
 0001:000211b0       _WriteEdict                100221b0 f   g_save.obj
 0001:00021250       _WriteLevelLocals          10022250 f   g_save.obj
 0001:00021300       _ReadEdict                 10022300 f   g_save.obj
 0001:00021360       _ReadLevelLocals           10022360 f   g_save.obj
 0001:000213c0       _WriteLevel                100223c0 f   g_save.obj
 0001:000214d0       _ReadLevel                 100224d0 f   g_save.obj
 0001:00021760       _ED_CallSpawn              10022760 f   g_spawn.obj
 0001:00021860       _ED_NewString              10022860 f   g_spawn.obj
 0001:00021930       _ED_ParseField             10022930 f   g_spawn.obj
 0001:00021ad0       _ED_ParseEdict             10022ad0 f   g_spawn.obj
 0001:00021c00       _G_FindTeams               10022c00 f   g_spawn.obj
 0001:00021da0       _SpawnEntities             10022da0 f   g_spawn.obj
 0001:00022110       _SP_worldspawn             10023110 f   g_spawn.obj
 0001:000227e0       _Svcmd_Test_f              100237e0 f   g_svcmds.obj
 0001:00022810       _SV_FilterPacket           10023810 f   g_svcmds.obj
 0001:00022930       _SVCmd_AddIP_f             10023930 f   g_svcmds.obj
 0001:00022b80       _SVCmd_RemoveIP_f          10023b80 f   g_svcmds.obj
 0001:00022ca0       _SVCmd_ListIP_f            10023ca0 f   g_svcmds.obj
 0001:00022d30       _SVCmd_WriteIP_f           10023d30 f   g_svcmds.obj
 0001:00022eb0       _ServerCommand             10023eb0 f   g_svcmds.obj
 0001:00022f80       _Use_Target_Tent           10023f80 f   g_target.obj
 0001:00022fd0       _SP_target_temp_entity     10023fd0 f   g_target.obj
 0001:00022ff0       _Use_Target_Speaker        10023ff0 f   g_target.obj
 0001:00023090       _SP_target_speaker         10024090 f   g_target.obj
 0001:000231e0       _Use_Target_Help           100241e0 f   g_target.obj
 0001:00023250       _SP_target_help            10024250 f   g_target.obj
 0001:000232e0       _use_target_secret         100242e0 f   g_target.obj
 0001:00023340       _SP_target_secret          10024340 f   g_target.obj
 0001:00023430       _use_target_goal           10024430 f   g_target.obj
 0001:000234b0       _SP_target_goal            100244b0 f   g_target.obj
 0001:00023540       _target_explosion_explode  10024540 f   g_target.obj
 0001:00023600       _use_target_explosion      10024600 f   g_target.obj
 0001:00023670       _SP_target_explosion       10024670 f   g_target.obj
 0001:000236a0       _use_target_changelevel    100246a0 f   g_target.obj
 0001:000237f0       _SP_target_changelevel     100247f0 f   g_target.obj
 0001:00023890       _use_target_splash         10024890 f   g_target.obj
 0001:00023960       _SP_target_splash          10024960 f   g_target.obj
 0001:000239c0       _use_target_spawner        100249c0 f   g_target.obj
 0001:00023ab0       _SP_target_spawner         10024ab0 f   g_target.obj
 0001:00023b30       _use_target_blaster        10024b30 f   g_target.obj
 0001:00023be0       _SP_target_blaster         10024be0 f   g_target.obj
 0001:00023c80       _trigger_crosslevel_trigger_use 10024c80 f   g_target.obj
 0001:00023cc0       _SP_target_crosslevel_trigger 10024cc0 f   g_target.obj
 0001:00023cf0       _target_crosslevel_target_think 10024cf0 f   g_target.obj
 0001:00023d40       _SP_target_crosslevel_target 10024d40 f   g_target.obj
 0001:00023db0       _target_laser_think        10024db0 f   g_target.obj
 0001:000240a0       _target_laser_on           100250a0 f   g_target.obj
 0001:00024110       _target_laser_off          10025110 f   g_target.obj
 0001:00024160       _target_laser_use          10025160 f   g_target.obj
 0001:000241b0       _target_laser_start        100251b0 f   g_target.obj
 0001:000243f0       _SP_target_laser           100253f0 f   g_target.obj
 0001:00024430       _target_lightramp_think    10025430 f   g_target.obj
 0001:00024540       _target_lightramp_use      10025540 f   g_target.obj
 0001:00024690       _SP_target_lightramp       10025690 f   g_target.obj
 0001:00024870       _target_earthquake_think   10025870 f   g_target.obj
 0001:00024a10       _target_earthquake_use     10025a10 f   g_target.obj
 0001:00024a70       _SP_target_earthquake      10025a70 f   g_target.obj
 0001:00024b40       _InitTrigger               10025b40 f   g_trigger.obj
 0001:00024bc0       _multi_wait                10025bc0 f   g_trigger.obj
 0001:00024be0       _multi_trigger             10025be0 f   g_trigger.obj
 0001:00024c90       _Use_Multi                 10025c90 f   g_trigger.obj
 0001:00024cc0       _Touch_Multi               10025cc0 f   g_trigger.obj
 0001:00024d90       _trigger_enable            10025d90 f   g_trigger.obj
 0001:00024dd0       _SP_trigger_multiple       10025dd0 f   g_trigger.obj
 0001:00024f40       _SP_trigger_once           10025f40 f   g_trigger.obj
 0001:00024ff0       _trigger_relay_use         10025ff0 f   g_trigger.obj
 0001:00025010       _SP_trigger_relay          10026010 f   g_trigger.obj
 0001:00025030       _trigger_key_use           10026030 f   g_trigger.obj
 0001:00025300       _SP_trigger_key            10026300 f   g_trigger.obj
 0001:000253f0       _trigger_counter_use       100263f0 f   g_trigger.obj
 0001:000254f0       _SP_trigger_counter        100264f0 f   g_trigger.obj
 0001:00025540       _SP_trigger_always         10026540 f   g_trigger.obj
 0001:00025590       _trigger_push_touch        10026590 f   g_trigger.obj
 0001:000256f0       _SP_trigger_push           100266f0 f   g_trigger.obj
 0001:00025760       _hurt_use                  10026760 f   g_trigger.obj
 0001:000257d0       _hurt_touch                100267d0 f   g_trigger.obj
 0001:000258f0       _SP_trigger_hurt           100268f0 f   g_trigger.obj
 0001:000259a0       _trigger_gravity_touch     100269a0 f   g_trigger.obj
 0001:000259d0       _SP_trigger_gravity        100269d0 f   g_trigger.obj
 0001:00025a50       _trigger_monsterjump_touch 10026a50 f   g_trigger.obj
 0001:00025b00       _SP_trigger_monsterjump    10026b00 f   g_trigger.obj
 0001:00025b90       _G_ProjectSource           10026b90 f   g_utils.obj
 0001:00025c20       _G_Find                    10026c20 f   g_utils.obj
 0001:00025cb0       _findradius                10026cb0 f   g_utils.obj
 0001:00025da0       _G_PickTarget              10026da0 f   g_utils.obj
 0001:00025e50       _Think_Delay               10026e50 f   g_utils.obj
 0001:00025e90       _G_UseTargets              10026e90 f   g_utils.obj
 0001:00026140       _tv                        10027140 f   g_utils.obj
 0001:00026190       _vtos                      10027190 f   g_utils.obj
 0001:00026200       _G_SetMovedir              10027200 f   g_utils.obj
 0001:000262c0       _vectoyaw                  100272c0 f   g_utils.obj
 0001:00026380       _vectoangles               10027380 f   g_utils.obj
 0001:00026510       _G_CopyString              10027510 f   g_utils.obj
 0001:00026560       _G_InitEdict               10027560 f   g_utils.obj
 0001:000265b0       _G_Spawn                   100275b0 f   g_utils.obj
 0001:000266a0       _G_FreeEdict               100276a0 f   g_utils.obj
 0001:00026730       _G_TouchTriggers           10027730 f   g_utils.obj
 0001:00026810       _G_TouchSolids             10027810 f   g_utils.obj
 0001:000268d0       _KillBox                   100278d0 f   g_utils.obj
 0001:00026990       _fire_hit                  10027990 f   g_weapon.obj
 0001:00026cf0       _fire_bullet               10027cf0 f   g_weapon.obj
 0001:00027350       _fire_shotgun              10028350 f   g_weapon.obj
 0001:000273b0       _blaster_touch             100283b0 f   g_weapon.obj
 0001:00027500       _fire_blaster              10028500 f   g_weapon.obj
 0001:000278b0       _fire_grenade              100288b0 f   g_weapon.obj
 0001:00027f10       _fire_grenade2             10028f10 f   g_weapon.obj
 0001:000281e0       _rocket_touch              100291e0 f   g_weapon.obj
 0001:000283d0       _fire_rocket               100293d0 f   g_weapon.obj
 0001:000285c0       _fire_rail                 100295c0 f   g_weapon.obj
 0001:000287a0       _bfg_explode               100297a0 f   g_weapon.obj
 0001:000289d0       _bfg_touch                 100299d0 f   g_weapon.obj
 0001:00028be0       _bfg_think                 10029be0 f   g_weapon.obj
 0001:00028f20       _fire_bfg                  10029f20 f   g_weapon.obj
 0001:00029140       _M_CheckBottom             1002a140 f   m_move.obj
 0001:00029450       _SV_movestep               1002a450 f   m_move.obj
 0001:00029a50       _M_ChangeYaw               1002aa50 f   m_move.obj
 0001:00029b40       _SV_StepDirection          1002ab40 f   m_move.obj
 0001:00029c70       _SV_FixCheckBottom         1002ac70 f   m_move.obj
 0001:00029ca0       _SV_NewChaseDir            1002aca0 f   m_move.obj
 0001:00029ff0       _SV_CloseEnough            1002aff0 f   m_move.obj
 0001:0002a070       _M_MoveToGoal              1002b070 f   m_move.obj
 0001:0002a120       _M_walkmove                1002b120 f   m_move.obj
 0001:0002a1b0       _SP_info_player_start      1002b1b0 f   p_client.obj
 0001:0002a320       _SP_info_player_deathmatch 1002b320 f   p_client.obj
 0001:0002a360       _SP_info_player_coop       1002b360 f   p_client.obj
 0001:0002a600       _SP_info_player_intermission 1002b600 f   p_client.obj
 0001:0002a610       _player_pain               1002b610 f   p_client.obj
 0001:0002a620       _IsFemale                  1002b620 f   p_client.obj
 0001:0002a680       _ClientObituary            1002b680 f   p_client.obj
 0001:0002abf0       _TossClientWeapon          1002bbf0 f   p_client.obj
 0001:0002ae00       _LookAtKiller              1002be00 f   p_client.obj
 0001:0002af80       _player_die                1002bf80 f   p_client.obj
 0001:0002b3d0       _InitClientPersistant      1002c3d0 f   p_client.obj
 0001:0002b500       _InitClientResp            1002c500 f   p_client.obj
 0001:0002b5b0       _SaveClientData            1002c5b0 f   p_client.obj
 0001:0002b6a0       _FetchClientEntData        1002c6a0 f   p_client.obj
 0001:0002b730       _PlayersRangeFromSpot      1002c730 f   p_client.obj
 0001:0002b7f0       _SelectRandomDeathmatchSpawnPoint 1002c7f0 f   p_client.obj
 0001:0002b920       _SelectFarthestDeathmatchSpawnPoint 1002c920 f   p_client.obj
 0001:0002b9b0       _SelectDeathmatchSpawnPoint 1002c9b0 f   p_client.obj
 0001:0002b9f0       _SelectCoopSpawnPoint      1002c9f0 f   p_client.obj
 0001:0002bab0       _SelectSpawnPoint          1002cab0 f   p_client.obj
 0001:0002bc50       _InitBodyQue               1002cc50 f   p_client.obj
 0001:0002bca0       _body_die                  1002cca0 f   p_client.obj
 0001:0002bd50       _CopyToBodyQue             1002cd50 f   p_client.obj
 0001:0002bf70       _respawn                   1002cf70 f   p_client.obj
 0001:0002c030       _PutClientInServer         1002d030 f   p_client.obj
 0001:0002c700       _ClientBeginDeathmatch     1002d700 f   p_client.obj
 0001:0002c7d0       _ClientBegin               1002d7d0 f   p_client.obj
 0001:0002c950       _ClientUserinfoChanged     1002d950 f   p_client.obj
 0001:0002cb60       _ClientConnect             1002db60 f   p_client.obj
 0001:0002cd00       _ClientDisconnect          1002dd00 f   p_client.obj
 0001:0002ce10       _PM_trace                  1002de10 f   p_client.obj
 0001:0002ceb0       _CheckBlock                1002deb0 f   p_client.obj
 0001:0002cf00       _PrintPmove                1002df00 f   p_client.obj
 0001:0002cf60       _ClientThink               1002df60 f   p_client.obj
 0001:0002d640       _ClientBeginServerFrame    1002e640 f   p_client.obj
 0001:0002d7a0       _MoveClientToIntermission  1002e7a0 f   p_hud.obj
 0001:0002d9d0       _BeginIntermission         1002e9d0 f   p_hud.obj
 0001:0002dcf0       _DeathmatchScoreboardMessage 1002ecf0 f   p_hud.obj
 0001:0002e130       _DeathmatchScoreboard      1002f130 f   p_hud.obj
 0001:0002e170       _Cmd_Score_f               1002f170 f   p_hud.obj
 0001:0002e240       _HelpComputer              1002f240 f   p_hud.obj
 0001:0002e350       _Cmd_Help_f                1002f350 f   p_hud.obj
 0001:0002e410       _G_SetStats                1002f410 f   p_hud.obj
 0001:0002ea50       _PMenu_Open                1002fa50 f   p_menu.obj
 0001:0002ec00       _PMenu_Close               1002fc00 f   p_menu.obj
 0001:0002ecd0       _PMenu_UpdateEntry         1002fcd0 f   p_menu.obj
 0001:0002ed20       _PMenu_Do_Update           1002fd20 f   p_menu.obj
 0001:0002efd0       _PMenu_Update              1002ffd0 f   p_menu.obj
 0001:0002f090       _PMenu_Next                10030090 f   p_menu.obj
 0001:0002f150       _PMenu_Prev                10030150 f   p_menu.obj
 0001:0002f220       _PMenu_Select              10030220 f   p_menu.obj
 0001:0002f2a0       _PlayerTrail_Init          100302a0 f   p_trail.obj
 0001:0002f320       _PlayerTrail_Add           10030320 f   p_trail.obj
 0001:0002f420       _PlayerTrail_New           10030420 f   p_trail.obj
 0001:0002f450       _PlayerTrail_PickFirst     10030450 f   p_trail.obj
 0001:0002f530       _PlayerTrail_PickNext      10030530 f   p_trail.obj
 0001:0002f5b0       _PlayerTrail_LastSpot      100305b0 f   p_trail.obj
 0001:0002f5e0       _SV_CalcRoll               100305e0 f   p_view.obj
 0001:0002f690       _P_DamageFeedback          10030690 f   p_view.obj
 0001:0002fc10       _SV_CalcViewOffset         10030c10 f   p_view.obj
 0001:00030050       _SV_CalcGunOffset          10031050 f   p_view.obj
 0001:000302b0       _SV_AddBlend               100312b0 f   p_view.obj
 0001:00030360       _SV_CalcBlend              10031360 f   p_view.obj
 0001:00030850       _P_FallingDamage           10031850 f   p_view.obj
 0001:00030b20       _P_WorldEffects            10031b20 f   p_view.obj
 0001:00031310       _G_SetClientEffects        10032310 f   p_view.obj
 0001:000314a0       _G_SetClientEvent          100324a0 f   p_view.obj
 0001:00031510       _G_SetClientSound          10032510 f   p_view.obj
 0001:000316a0       _G_SetClientFrame          100326a0 f   p_view.obj
 0001:00031920       _ClientEndServerFrame      10032920 f   p_view.obj
 0001:00031e40       _P_ProjectSource           10032e40 f   p_weapon.obj
 0001:00031ec0       _PlayerNoise               10032ec0 f   p_weapon.obj
 0001:00032170       _Pickup_Weapon             10033170 f   p_weapon.obj
 0001:000323a0       _ChangeWeapon              100333a0 f   p_weapon.obj
 0001:000325d0       _NoAmmoWeaponChange        100335d0 f   p_weapon.obj
 0001:000328b0       _Think_Weapon              100338b0 f   p_weapon.obj
 0001:00032970       _Use_Weapon                10033970 f   p_weapon.obj
 0001:00032a80       _Drop_Weapon               10033a80 f   p_weapon.obj
 0001:00032b40       _Weapon_Generic            10033b40 f   p_weapon.obj
 0001:00033160       _weapon_grenade_fire       10034160 f   p_weapon.obj
 0001:00033340       _Weapon_Grenade            10034340 f   p_weapon.obj
 0001:00033720       _weapon_grenadelauncher_fire 10034720 f   p_weapon.obj
 0001:000338e0       _Weapon_GrenadeLauncher    100348e0 f   p_weapon.obj
 0001:00033920       _Weapon_RocketLauncher_Fire 10034920 f   p_weapon.obj
 0001:00033b00       _Weapon_RocketLauncher     10034b00 f   p_weapon.obj
 0001:00033b40       _Blaster_Fire              10034b40 f   p_weapon.obj
 0001:00033cc0       _Weapon_Blaster_Fire       10034cc0 f   p_weapon.obj
 0001:00033d30       _Weapon_Blaster            10034d30 f   p_weapon.obj
 0001:00033d70       _Weapon_HyperBlaster_Fire  10034d70 f   p_weapon.obj
 0001:00034040       _Weapon_HyperBlaster       10035040 f   p_weapon.obj
 0001:00034080       _Machinegun_Fire           10035080 f   p_weapon.obj
 0001:00034500       _Weapon_Machinegun         10035500 f   p_weapon.obj
 0001:00034540       _Chaingun_Fire             10035540 f   p_weapon.obj
 0001:00034a80       _Weapon_Chaingun           10035a80 f   p_weapon.obj
 0001:00034ac0       _weapon_shotgun_fire       10035ac0 f   p_weapon.obj
 0001:00034ce0       _Weapon_Shotgun            10035ce0 f   p_weapon.obj
 0001:00034d20       _weapon_supershotgun_fire  10035d20 f   p_weapon.obj
 0001:00034f80       _Weapon_SuperShotgun       10035f80 f   p_weapon.obj
 0001:00034fc0       _weapon_railgun_fire       10035fc0 f   p_weapon.obj
 0001:00035190       _Weapon_Railgun            10036190 f   p_weapon.obj
 0001:000351d0       _weapon_bfg_fire           100361d0 f   p_weapon.obj
 0001:00035450       _Weapon_BFG                10036450 f   p_weapon.obj
 0001:00035490       _RotatePointAroundVector   10036490 f   q_shared.obj
 0001:000356d0       _AngleVectors              100366d0 f   q_shared.obj
 0001:000358c0       _ProjectPointOnPlane       100368c0 f   q_shared.obj
 0001:00035990       _PerpendicularVector       10036990 f   q_shared.obj
 0001:00035a50       _R_ConcatRotations         10036a50 f   q_shared.obj
 0001:00035c00       _R_ConcatTransforms        10036c00 f   q_shared.obj
 0001:00035e50       _Q_fabs                    10036e50 f   q_shared.obj
 0001:00035e80       _Q_ftol                    10036e80 f   q_shared.obj
 0001:00035e90       _LerpAngle                 10036e90 f   q_shared.obj
 0001:00035ef0       _anglemod                  10036ef0 f   q_shared.obj
 0001:00035f30       _BoxOnPlaneSide2           10036f30 f   q_shared.obj
 0001:00036040       _BoxOnPlaneSide            10037040 f   q_shared.obj
 0001:000362c0       _ClearBounds               100372c0 f   q_shared.obj
 0001:00036310       _AddPointToBounds          10037310 f   q_shared.obj
 0001:00036390       _VectorCompare             10037390 f   q_shared.obj
 0001:000363e0       _VectorNormalize           100373e0 f   q_shared.obj
 0001:00036480       _VectorNormalize2          10037480 f   q_shared.obj
 0001:00036520       _VectorMA                  10037520 f   q_shared.obj
 0001:00036570       __DotProduct               10037570 f   q_shared.obj
 0001:000365b0       __VectorSubtract           100375b0 f   q_shared.obj
 0001:00036600       __VectorAdd                10037600 f   q_shared.obj
 0001:00036650       __VectorCopy               10037650 f   q_shared.obj
 0001:00036690       _CrossProduct              10037690 f   q_shared.obj
 0001:00036700       _VectorLength              10037700 f   q_shared.obj
 0001:00036760       _VectorInverse             10037760 f   q_shared.obj
 0001:000367a0       _VectorScale               100377a0 f   q_shared.obj
 0001:000367e0       _Q_log2                    100377e0 f   q_shared.obj
 0001:00036820       _COM_SkipPath              10037820 f   q_shared.obj
 0001:00036870       _COM_StripExtension        10037870 f   q_shared.obj
 0001:000368c0       _COM_FileExtension         100378c0 f   q_shared.obj
 0001:00036960       _COM_FileBase              10037960 f   q_shared.obj
 0001:00036a10       _COM_FilePath              10037a10 f   q_shared.obj
 0001:00036a80       _COM_DefaultExtension      10037a80 f   q_shared.obj
 0001:00036af0       _BigShort                  10037af0 f   q_shared.obj
 0001:00036b10       _LittleShort               10037b10 f   q_shared.obj
 0001:00036b30       _BigLong                   10037b30 f   q_shared.obj
 0001:00036b50       _LittleLong                10037b50 f   q_shared.obj
 0001:00036b70       _BigFloat                  10037b70 f   q_shared.obj
 0001:00036b90       _LittleFloat               10037b90 f   q_shared.obj
 0001:00036bb0       _ShortSwap                 10037bb0 f   q_shared.obj
 0001:00036c00       _ShortNoSwap               10037c00 f   q_shared.obj
 0001:00036c20       _LongSwap                  10037c20 f   q_shared.obj
 0001:00036ca0       _LongNoSwap                10037ca0 f   q_shared.obj
 0001:00036cc0       _FloatSwap                 10037cc0 f   q_shared.obj
 0001:00036d00       _FloatNoSwap               10037d00 f   q_shared.obj
 0001:00036d20       _Swap_Init                 10037d20 f   q_shared.obj
 0001:00036dd0       _va                        10037dd0 f   q_shared.obj
 0001:00036e10       _COM_Parse                 10037e10 f   q_shared.obj
 0001:00036f90       _Com_PageInMemory          10037f90 f   q_shared.obj
 0001:00036fe0       _Q_stricmp                 10037fe0 f   q_shared.obj
 0001:00037000       _Q_strncasecmp             10038000 f   q_shared.obj
 0001:00037090       _Q_strcasecmp              10038090 f   q_shared.obj
 0001:000370c0       _Com_sprintf               100380c0 f   q_shared.obj
 0001:00037140       _Info_ValueForKey          10038140 f   q_shared.obj
 0001:000372a0       _Info_RemoveKey            100382a0 f   q_shared.obj
 0001:000373f0       _Info_Validate             100383f0 f   q_shared.obj
 0001:00037440       _Info_SetValueForKey       10038440 f   q_shared.obj
 0001:00037640       __fpmath                   10038640 f   LIBCMTD:fpinit.obj
 0001:00037670       __fpclear                  10038670 f   LIBCMTD:fpinit.obj
 0001:00037680       __cfltcvt_init             10038680 f   LIBCMTD:fpinit.obj
 0001:000376d0       ___setfflag                100386d0 f   LIBCMTD:fpinit.obj
 0001:000376f0       _srand                     100386f0 f   LIBCMTD:rand.obj
 0001:00037700       _rand                      10038700 f   LIBCMTD:rand.obj
 0001:00037738       __ftol                     10038738 f   LIBCMTD:ftol.obj
 0001:00037760       _strcmp                    10038760 f   LIBCMTD:strcmp.obj
 0001:000377f0       _sprintf                   100387f0 f   LIBCMTD:sprintf.obj
 0001:00037900       _strchr                    10038900 f   LIBCMTD:strchr.obj
 0001:00037906       ___from_strstr_to_strchr   10038906 f   LIBCMTD:strchr.obj
 0001:000379c0       _strcpy                    100389c0 f   LIBCMTD:strcat.obj
 0001:000379d0       _strcat                    100389d0 f   LIBCMTD:strcat.obj
 0001:00037ab0       _atol                      10038ab0 f   LIBCMTD:atox.obj
 0001:00037bb0       _atoi                      10038bb0 f   LIBCMTD:atox.obj
 0001:00037bd0       __atoi64                   10038bd0 f   LIBCMTD:atox.obj
 0001:00037d00       _strlen                    10038d00 f   LIBCMTD:strlen.obj
 0001:00037d80       _qsort                     10038d80 f   LIBCMTD:qsort.obj
 0001:00038080       _ceil                      10039080 f   LIBCMTD:ceil.obj
 0001:000381c0       _memset                    100391c0 f   LIBCMTD:memset.obj
 0001:00038220       __chkstk                   10039220 f   LIBCMTD:chkstk.obj
 0001:00038220       __alloca_probe             10039220 f   LIBCMTD:chkstk.obj
 0001:00038250       _fabs                      10039250 f   LIBCMTD:fabs.obj
 0001:00038350       _strncpy                   10039350 f   LIBCMTD:strncpy.obj
 0001:00038450       _memcpy                    10039450 f   LIBCMTD:memcpy.obj
 0001:00038790       _malloc                    10039790 f   LIBCMTD:dbgheap.obj
 0001:000387b0       __malloc_dbg               100397b0 f   LIBCMTD:dbgheap.obj
 0001:000387e0       __nh_malloc                100397e0 f   LIBCMTD:dbgheap.obj
 0001:00038800       __nh_malloc_dbg            10039800 f   LIBCMTD:dbgheap.obj
 0001:00038860       __heap_alloc               10039860 f   LIBCMTD:dbgheap.obj
 0001:00038880       __heap_alloc_dbg           10039880 f   LIBCMTD:dbgheap.obj
 0001:00038ba0       _calloc                    10039ba0 f   LIBCMTD:dbgheap.obj
 0001:00038bc0       __calloc_dbg               10039bc0 f   LIBCMTD:dbgheap.obj
 0001:00038c20       _realloc                   10039c20 f   LIBCMTD:dbgheap.obj
 0001:00038c40       __realloc_dbg              10039c40 f   LIBCMTD:dbgheap.obj
 0001:000391a0       __expand                   1003a1a0 f   LIBCMTD:dbgheap.obj
 0001:000391c0       __expand_dbg               1003a1c0 f   LIBCMTD:dbgheap.obj
 0001:00039200       _free                      1003a200 f   LIBCMTD:dbgheap.obj
 0001:00039220       __free_lk                  1003a220 f   LIBCMTD:dbgheap.obj
 0001:00039240       __free_dbg                 1003a240 f   LIBCMTD:dbgheap.obj
 0001:00039270       __free_dbg_lk              1003a270 f   LIBCMTD:dbgheap.obj
 0001:00039660       __msize                    1003a660 f   LIBCMTD:dbgheap.obj
 0001:00039680       __msize_dbg                1003a680 f   LIBCMTD:dbgheap.obj
 0001:000397e0       __CrtSetBreakAlloc         1003a7e0 f   LIBCMTD:dbgheap.obj
 0001:00039800       __CrtSetDbgBlockType       1003a800 f   LIBCMTD:dbgheap.obj
 0001:000398a0       __CrtSetAllocHook          1003a8a0 f   LIBCMTD:dbgheap.obj
 0001:00039950       __CrtCheckMemory           1003a950 f   LIBCMTD:dbgheap.obj
 0001:00039cc0       __CrtSetDbgFlag            1003acc0 f   LIBCMTD:dbgheap.obj
 0001:00039cf0       __CrtDoForAllClientObjects 1003acf0 f   LIBCMTD:dbgheap.obj
 0001:00039d60       __CrtIsValidPointer        1003ad60 f   LIBCMTD:dbgheap.obj
 0001:00039db0       __CrtIsValidHeapPointer    1003adb0 f   LIBCMTD:dbgheap.obj
 0001:00039e40       __CrtIsMemoryBlock         1003ae40 f   LIBCMTD:dbgheap.obj
 0001:00039f30       __CrtSetDumpClient         1003af30 f   LIBCMTD:dbgheap.obj
 0001:00039f50       __CrtMemCheckpoint         1003af50 f   LIBCMTD:dbgheap.obj
 0001:0003a0c0       __CrtMemDifference         1003b0c0 f   LIBCMTD:dbgheap.obj
 0001:0003a1f0       __CrtMemDumpAllObjectsSince 1003b1f0 f   LIBCMTD:dbgheap.obj
 0001:0003a5d0       __CrtDumpMemoryLeaks       1003b5d0 f   LIBCMTD:dbgheap.obj
 0001:0003a650       __CrtMemDumpStatistics     1003b650 f   LIBCMTD:dbgheap.obj
 0001:0003a720       _strtok                    1003b720 f   LIBCMTD:strtok.obj
 0001:0003a870       _floor                     1003b870 f   LIBCMTD:floor.obj
 0001:0003a9b0       __CIsqrt                   1003b9b0 f   LIBCMTD:sqrt.obj
 0001:0003a9c4       _sqrt                      1003b9c4 f   LIBCMTD:sqrt.obj
 0001:0003aa70       _vsprintf                  1003ba70 f   LIBCMTD:vsprintf.obj
 0001:0003ab70       _localtime                 1003bb70 f   LIBCMTD:localtim.obj
 0001:0003add0       _time                      1003bdd0 f   LIBCMTD:time.obj
 0001:0003af60       _fwrite                    1003bf60 f   LIBCMTD:fwrite.obj
 0001:0003afa0       __fwrite_lk                1003bfa0 f   LIBCMTD:fwrite.obj
 0001:0003b1c0       _fread                     1003c1c0 f   LIBCMTD:fread.obj
 0001:0003b200       __fread_lk                 1003c200 f   LIBCMTD:fread.obj
 0001:0003b3d0       _fclose                    1003c3d0 f   LIBCMTD:fclose.obj
 0001:0003b460       __fclose_lk                1003c460 f   LIBCMTD:fclose.obj
 0001:0003b520       __fsopen                   1003c520 f   LIBCMTD:fopen.obj
 0001:0003b620       _fopen                     1003c620 f   LIBCMTD:fopen.obj
 0001:0003b640       _atof                      1003c640 f   LIBCMTD:atof.obj
 0001:0003b6c0       _sscanf                    1003c6c0 f   LIBCMTD:sscanf.obj
 0001:0003b780       _fprintf                   1003c780 f   LIBCMTD:fprintf.obj
 0001:0003b850       _strstr                    1003c850 f   LIBCMTD:strstr.obj
 0001:0003b8d0       _atan2                     1003c8d0 f   LIBCMTD:87ctriga.obj
 0001:0003b8da       __CIatan2                  1003c8da f   LIBCMTD:87ctriga.obj
 0001:0003b8f0       _strncmp                   1003c8f0 f   LIBCMTD:strncmp.obj
 0001:0003b930       __CIsin                    1003c930 f   LIBCMTD:sin.obj
 0001:0003b944       _sin                       1003c944 f   LIBCMTD:sin.obj
 0001:0003b9e0       __CIcos                    1003c9e0 f   LIBCMTD:cos.obj
 0001:0003b9f4       _cos                       1003c9f4 f   LIBCMTD:cos.obj
 0001:0003ba90       _abs                       1003ca90 f   LIBCMTD:abs.obj
 0001:0003bac0       _memcmp                    1003cac0 f   LIBCMTD:memcmp.obj
 0001:0003bb70       __stricmp                  1003cb70 f   LIBCMTD:stricmp.obj
 0001:0003bb70       _stricmp                   1003cb70 f   LIBCMTD:stricmp.obj
 0001:0003bb70       __strcmpi                  1003cb70 f   LIBCMTD:stricmp.obj
 0001:0003bc40       __CRT_INIT@12              1003cc40 f   LIBCMTD:dllcrt0.obj
 0001:0003bd80       __DllMainCRTStartup@12     1003cd80 f   LIBCMTD:dllcrt0.obj
 0001:0003be80       __amsg_exit                1003ce80 f   LIBCMTD:dllcrt0.obj
 0001:0003bec0       __setdefaultprecision      1003cec0 f   LIBCMTD:fp8.obj
 0001:0003bee0       __ms_p5_test_fdiv          1003cee0 f   LIBCMTD:testfdiv.obj
 0001:0003bf40       __ms_p5_mp_test_fdiv       1003cf40 f   LIBCMTD:testfdiv.obj
 0001:0003bf90       __forcdecpt                1003cf90 f   LIBCMTD:cvt.obj
 0001:0003c040       __cropzeros                1003d040 f   LIBCMTD:cvt.obj
 0001:0003c120       __positive                 1003d120 f   LIBCMTD:cvt.obj
 0001:0003c150       __fassign                  1003d150 f   LIBCMTD:cvt.obj
 0001:0003c1a0       __cftoe                    1003d1a0 f   LIBCMTD:cvt.obj
 0001:0003c390       __cftof                    1003d390 f   LIBCMTD:cvt.obj
 0001:0003c540       __cftog                    1003d540 f   LIBCMTD:cvt.obj
 0001:0003c630       __cfltcvt                  1003d630 f   LIBCMTD:cvt.obj
 0001:0003c6c0       __mtinit                   1003d6c0 f   LIBCMTD:tidtable.obj
 0001:0003c750       __mtterm                   1003d750 f   LIBCMTD:tidtable.obj
 0001:0003c780       __initptd                  1003d780 f   LIBCMTD:tidtable.obj
 0001:0003c7a0       __getptd                   1003d7a0 f   LIBCMTD:tidtable.obj
 0001:0003c840       __freeptd                  1003d840 f   LIBCMTD:tidtable.obj
 0001:0003c950       ___threadid                1003d950 f   LIBCMTD:tidtable.obj
 0001:0003c960       ___threadhandle            1003d960 f   LIBCMTD:tidtable.obj
 0001:0003c970       __flsbuf                   1003d970 f   LIBCMTD:_flsbuf.obj
 0001:0003cbf0       __output                   1003dbf0 f   LIBCMTD:output.obj
 0001:0003da90       __CrtDbgBreak              1003ea90 f   LIBCMTD:dbgrpt.obj
 0001:0003daa0       __CrtSetReportMode         1003eaa0 f   LIBCMTD:dbgrpt.obj
 0001:0003db00       __CrtSetReportFile         1003eb00 f   LIBCMTD:dbgrpt.obj
 0001:0003db80       __CrtSetReportHook         1003eb80 f   LIBCMTD:dbgrpt.obj
 0001:0003dba0       __CrtDbgReport             1003eba0 f   LIBCMTD:dbgrpt.obj
 0001:0003e240       __isctype                  1003f240 f   LIBCMTD:isctype.obj
 0001:0003e300       __allmul                   1003f300 f   LIBCMTD:llmul.obj
 0001:0003e340       __frnd                     1003f340 f   LIBCMTD:frnd.obj
 0001:0003e360       __handle_qnan1             1003f360 f   LIBCMTD:fpexcept.obj
 0001:0003e3c0       __handle_qnan2             1003f3c0 f   LIBCMTD:fpexcept.obj
 0001:0003e430       __except1                  1003f430 f   LIBCMTD:fpexcept.obj
 0001:0003e4f0       __except2                  1003f4f0 f   LIBCMTD:fpexcept.obj
 0001:0003e5c0       __raise_exc                1003f5c0 f   LIBCMTD:fpexcept.obj
 0001:0003ea90       __handle_exc               1003fa90 f   LIBCMTD:fpexcept.obj
 0001:0003ee10       __umatherr                 1003fe10 f   LIBCMTD:fpexcept.obj
 0001:0003eeb0       __set_errno                1003feb0 f   LIBCMTD:fpexcept.obj
 0001:0003ef30       __errcode                  1003ff30 f   LIBCMTD:fpexcept.obj
 0001:0003efb0       __set_exp                  1003ffb0 f   LIBCMTD:util.obj
 0001:0003eff0       __get_exp                  1003fff0 f   LIBCMTD:util.obj
 0001:0003f020       __add_exp                  10040020 f   LIBCMTD:util.obj
 0001:0003f060       __set_bexp                 10040060 f   LIBCMTD:util.obj
 0001:0003f0a0       __sptype                   100400a0 f   LIBCMTD:util.obj
 0001:0003f120       __decomp                   10040120 f   LIBCMTD:util.obj
 0001:0003f260       __statfp                   10040260 f   LIBCMTD:fpctrl.obj
 0001:0003f280       __clrfp                    10040280 f   LIBCMTD:fpctrl.obj
 0001:0003f2a0       __ctrlfp                   100402a0 f   LIBCMTD:fpctrl.obj
 0001:0003f2e0       __set_statfp               100402e0 f   LIBCMTD:fpctrl.obj
 0001:0003f360       ?_set_new_handler@@YAP6AHI@ZP6AHI@Z@Z 10040360 f   LIBCMTD:handler.obj
 0001:0003f390       ?_query_new_handler@@YAP6AHI@ZXZ 10040390 f   LIBCMTD:handler.obj
 0001:0003f3a0       __callnewh                 100403a0 f   LIBCMTD:handler.obj
 0001:0003f3d0       __mtinitlocks              100403d0 f   LIBCMTD:mlock.obj
 0001:0003f410       __mtdeletelocks            10040410 f   LIBCMTD:mlock.obj
 0001:0003f4b0       __lock                     100404b0 f   LIBCMTD:mlock.obj
 0001:0003f550       __unlock                   10040550 f   LIBCMTD:mlock.obj
 0001:0003f570       __lockerr_exit             10040570 f   LIBCMTD:mlock.obj
 0001:0003f590       __malloc_base              10040590 f   LIBCMTD:malloc.obj
 0001:0003f5b0       __nh_malloc_base           100405b0 f   LIBCMTD:malloc.obj
 0001:0003f610       __heap_alloc_base          10040610 f   LIBCMTD:malloc.obj
 0001:0003f680       __CrtDefaultAllocHook      10040680 f   LIBCMTD:dbghook.obj
 0001:0003f690       __expand_base              10040690 f   LIBCMTD:expand.obj
 0001:0003f740       __realloc_base             10040740 f   LIBCMTD:realloc.obj
 0001:0003f930       __free_base                10040930 f   LIBCMTD:free.obj
 0001:0003f9a0       __heapchk                  100409a0 f   LIBCMTD:heapchk.obj
 0001:0003fa20       __heapset                  10040a20 f   LIBCMTD:heapchk.obj
 0001:0003fa30       __heap_init                10040a30 f   LIBCMTD:heapinit.obj
 0001:0003fa80       __heap_term                10040a80 f   LIBCMTD:heapinit.obj
 0001:0003fb20       __cinit                    10040b20 f   LIBCMTD:crt0dat.obj
 0001:0003fb60       _exit                      10040b60 f   LIBCMTD:crt0dat.obj
 0001:0003fb80       __exit                     10040b80 f   LIBCMTD:crt0dat.obj
 0001:0003fba0       __cexit                    10040ba0 f   LIBCMTD:crt0dat.obj
 0001:0003fbc0       __c_exit                   10040bc0 f   LIBCMTD:crt0dat.obj
 0001:0003fcd0       __lockexit                 10040cd0 f   LIBCMTD:crt0dat.obj
 0001:0003fce0       __unlockexit               10040ce0 f   LIBCMTD:crt0dat.obj
 0001:0003fd20       __get_sbh_threshold        10040d20 f   LIBCMTD:sbheap.obj
 0001:0003fd30       __set_sbh_threshold        10040d30 f   LIBCMTD:sbheap.obj
 0001:0003fd50       ___sbh_heap_init           10040d50 f   LIBCMTD:sbheap.obj
 0001:0003fdb0       ___sbh_find_block          10040db0 f   LIBCMTD:sbheap.obj
 0001:0003fe10       ___sbh_verify_block        10040e10 f   LIBCMTD:sbheap.obj
 0001:0003fe70       ___sbh_free_block          10040e70 f   LIBCMTD:sbheap.obj
 0001:00040440       ___sbh_alloc_block         10041440 f   LIBCMTD:sbheap.obj
 0001:00040980       ___sbh_alloc_new_region    10041980 f   LIBCMTD:sbheap.obj
 0001:00040a90       ___sbh_alloc_new_group     10041a90 f   LIBCMTD:sbheap.obj
 0001:00040c80       ___sbh_resize_block        10041c80 f   LIBCMTD:sbheap.obj
 0001:00041270       ___sbh_heapmin             10042270 f   LIBCMTD:sbheap.obj
 0001:000413a0       ___sbh_heap_check          100423a0 f   LIBCMTD:sbheap.obj
 0001:000419c0       __trandisp1                100429c0 f   LIBCMTD:87disp.obj
 0001:00041a27       __trandisp2                10042a27 f   LIBCMTD:87disp.obj
 0001:00041ab3       __rttospopde               10042ab3 f   LIBCMTD:87disp.obj
 0001:00041ab8       __rttospop                 10042ab8 f   LIBCMTD:87disp.obj
 0001:00041aba       __rtnospop                 10042aba f   LIBCMTD:87disp.obj
 0001:00041abc       __rttosnpop                10042abc f   LIBCMTD:87disp.obj
 0001:00041abd       __rtnospopde               10042abd f   LIBCMTD:87disp.obj
 0001:00041ac4       __rtzeropop                10042ac4 f   LIBCMTD:87disp.obj
 0001:00041ac6       __rtzeronpop               10042ac6 f   LIBCMTD:87disp.obj
 0001:00041acb       __rtonepop                 10042acb f   LIBCMTD:87disp.obj
 0001:00041acd       __rtonenpop                10042acd f   LIBCMTD:87disp.obj
 0001:00041ad2       __tosnan1                  10042ad2 f   LIBCMTD:87disp.obj
 0001:00041afd       __nosnan2                  10042afd f   LIBCMTD:87disp.obj
 0001:00041aff       __tosnan2                  10042aff f   LIBCMTD:87disp.obj
 0001:00041b27       __nan2                     10042b27 f   LIBCMTD:87disp.obj
 0001:00041b66       __rtindfpop                10042b66 f   LIBCMTD:87disp.obj
 0001:00041b68       __rtindfnpop               10042b68 f   LIBCMTD:87disp.obj
 0001:00041b79       __rttosnpopde              10042b79 f   LIBCMTD:87disp.obj
 0001:00041b83       __rtchsifneg               10042b83 f   LIBCMTD:87disp.obj
 0001:00041b90       __startTwoArgErrorHandling 10042b90 f   LIBCMTD:genexcep.obj
 0001:00041ba7       __startOneArgErrorHandling 10042ba7 f   LIBCMTD:genexcep.obj
 0001:00041bf0       __twoToTOS                 10042bf0 f   LIBCMTD:common.obj
 0001:00041c05       __load_CW                  10042c05 f   LIBCMTD:common.obj
 0001:00041c1c       __convertTOStoQNaN         10042c1c f   LIBCMTD:common.obj
 0001:00041c35       __fload_withFB             10042c35 f   LIBCMTD:common.obj
 0001:00041c78       __checkTOS_withFB          10042c78 f   LIBCMTD:common.obj
 0001:00041c8e       __fast_exit                10042c8e f   LIBCMTD:common.obj
 0001:00041c9b       __math_exit                10042c9b f   LIBCMTD:common.obj
 0001:00041cc5       __check_overflow_exit      10042cc5 f   LIBCMTD:common.obj
 0001:00041cd9       __check_range_exit         10042cd9 f   LIBCMTD:common.obj
 0001:00041d80       ___tzset                   10042d80 f   LIBCMTD:tzset.obj
 0001:00041dc0       __tzset                    10042dc0 f   LIBCMTD:tzset.obj
 0001:00042190       __isindst                  10043190 f   LIBCMTD:tzset.obj
 0001:000426c0       _gmtime                    100436c0 f   LIBCMTD:gmtime.obj
 0001:000428c0       ___loctotime_t             100438c0 f   LIBCMTD:dtoxtime.obj
 0001:000429b0       ___initstdio               100439b0 f   LIBCMTD:_file.obj
 0001:00042ae0       ___endstdio                10043ae0 f   LIBCMTD:_file.obj
 0001:00042b00       __lock_file                10043b00 f   LIBCMTD:_file.obj
 0001:00042b40       __lock_file2               10043b40 f   LIBCMTD:_file.obj
 0001:00042b70       __unlock_file              10043b70 f   LIBCMTD:_file.obj
 0001:00042bb0       __unlock_file2             10043bb0 f   LIBCMTD:_file.obj
 0001:00042be0       __write                    10043be0 f   LIBCMTD:write.obj
 0001:00042c70       __write_lk                 10043c70 f   LIBCMTD:write.obj
 0001:00042ef0       _fflush                    10043ef0 f   LIBCMTD:fflush.obj
 0001:00042f40       __fflush_lk                10043f40 f   LIBCMTD:fflush.obj
 0001:00042f90       __flush                    10043f90 f   LIBCMTD:fflush.obj
 0001:00043050       __flushall                 10044050 f   LIBCMTD:fflush.obj
 0001:000431a0       __filbuf                   100441a0 f   LIBCMTD:_filbuf.obj
 0001:00043390       __read                     10044390 f   LIBCMTD:read.obj
 0001:00043420       __read_lk                  10044420 f   LIBCMTD:read.obj
 0001:00043870       __close                    10044870 f   LIBCMTD:close.obj
 0001:000438f0       __close_lk                 100448f0 f   LIBCMTD:close.obj
 0001:000439a0       __freebuf                  100449a0 f   LIBCMTD:_freebuf.obj
 0001:00043a40       __openfile                 10044a40 f   LIBCMTD:_open.obj
 0001:00043dd0       __getstream                10044dd0 f   LIBCMTD:stream.obj
 0001:00043f50       __fltin2                   10044f50 f   LIBCMTD:cfin.obj
 0001:00044010       __input                    10045010 f   LIBCMTD:input.obj
 0001:00045510       __stbuf                    10046510 f   LIBCMTD:_sftbuf.obj
 0001:00045670       __ftbuf                    10046670 f   LIBCMTD:_sftbuf.obj
 0001:0004572c       __fFATN2                   1004672c f   LIBCMTD:87triga.obj
 0001:0004577c       __rtpiby2                  1004677c f   LIBCMTD:87triga.obj
 0001:000457c0       __cintrindisp2             100467c0 f   LIBCMTD:87cdisp.obj
 0001:000457fe       __cintrindisp1             100467fe f   LIBCMTD:87cdisp.obj
 0001:0004583b       __ctrandisp2               1004683b f   LIBCMTD:87cdisp.obj
 0001:000459bb       __ctrandisp1               100469bb f   LIBCMTD:87cdisp.obj
 0001:000459ee       __fload                    100469ee f   LIBCMTD:87cdisp.obj
 0001:00045a30       _setlocale                 10046a30 f   LIBCMTD:setlocal.obj
 0001:000460c0       __expandlocale             100470c0 f   LIBCMTD:setlocal.obj
 0001:00046250       ___init_dummy              10047250 f   LIBCMTD:setlocal.obj
 0001:00046260       __strcats                  10047260 f   LIBCMTD:setlocal.obj
 0001:000462b0       ___lc_strtolc              100472b0 f   LIBCMTD:setlocal.obj
 0001:00046410       ___lc_lctostr              10047410 f   LIBCMTD:setlocal.obj
 0001:00046480       __tolower                  10047480 f   LIBCMTD:tolower.obj
 0001:00046490       _tolower                   10047490 f   LIBCMTD:tolower.obj
 0001:00046530       __tolower_lk               10047530 f   LIBCMTD:tolower.obj
 0001:00046660       __ioinit                   10047660 f   LIBCMTD:ioinit.obj
 0001:00046990       __ioterm                   10047990 f   LIBCMTD:ioinit.obj
 0001:00046a30       __setenvp                  10047a30 f   LIBCMTD:stdenvp.obj
 0001:00046b80       __setargv                  10047b80 f   LIBCMTD:stdargv.obj
 0001:00047090       ___crtGetEnvironmentStringsA 10048090 f   LIBCMTD:a_env.obj
 0001:000472b0       _DllMain@12                100482b0 f   LIBCMTD:dllmain.obj
 0001:000472c0       __FF_MSGBANNER             100482c0 f   LIBCMTD:crt0msg.obj
 0001:00047310       __NMSG_WRITE               10048310 f   LIBCMTD:crt0msg.obj
 0001:000474d0       __GET_RTERRMSG             100484d0 f   LIBCMTD:crt0msg.obj
 0001:00047520       __statusfp                 10048520 f   LIBCMTD:ieee87.obj
 0001:00047540       __clearfp                  10048540 f   LIBCMTD:ieee87.obj
 0001:00047560       __control87                10048560 f   LIBCMTD:ieee87.obj
 0001:000475b0       __controlfp                100485b0 f   LIBCMTD:ieee87.obj
 0001:000475d0       __fpreset                  100485d0 f   LIBCMTD:ieee87.obj
 0001:000479c0       __ZeroTail                 100489c0 f   LIBCMTD:intrncvt.obj
 0001:00047a50       __IncMan                   10048a50 f   LIBCMTD:intrncvt.obj
 0001:00047b00       __RoundMan                 10048b00 f   LIBCMTD:intrncvt.obj
 0001:00047be0       __CopyMan                  10048be0 f   LIBCMTD:intrncvt.obj
 0001:00047c30       __FillZeroMan              10048c30 f   LIBCMTD:intrncvt.obj
 0001:00047c60       __IsZeroMan                10048c60 f   LIBCMTD:intrncvt.obj
 0001:00047ca0       __ShrMan                   10048ca0 f   LIBCMTD:intrncvt.obj
 0001:00047d90       __ld12cvt                  10048d90 f   LIBCMTD:intrncvt.obj
 0001:00047fe0       __ld12tod                  10048fe0 f   LIBCMTD:intrncvt.obj
 0001:00048000       __ld12tof                  10049000 f   LIBCMTD:intrncvt.obj
 0001:00048020       __ld12told                 10049020 f   LIBCMTD:intrncvt.obj
 0001:000480e0       __atodbl                   100490e0 f   LIBCMTD:intrncvt.obj
 0001:00048120       __atoldbl                  10049120 f   LIBCMTD:intrncvt.obj
 0001:00048160       __atoflt                   10049160 f   LIBCMTD:intrncvt.obj
 0001:000481a0       __fptostr                  100491a0 f   LIBCMTD:_fptostr.obj
 0001:000482a0       __fltout2                  100492a0 f   LIBCMTD:cfout.obj
 0001:00048320       ___dtold                   10049320 f   LIBCMTD:cfout.obj
 0001:00048490       _memmove                   10049490 f   LIBCMTD:memmove.obj
 0001:000487d0       __fptrap                   100497d0 f   LIBCMTD:crt0fp.obj
 0001:000487e0       __XcptFilter               100497e0 f   LIBCMTD:winxfltr.obj
 0001:00048a00       __lseek                    10049a00 f   LIBCMTD:lseek.obj
 0001:00048a90       __lseek_lk                 10049a90 f   LIBCMTD:lseek.obj
 0001:00048b50       __getbuf                   10049b50 f   LIBCMTD:_getbuf.obj
 0001:00048c20       __isatty                   10049c20 f   LIBCMTD:isatty.obj
 0001:00048c60       _wctomb                    10049c60 f   LIBCMTD:wctomb.obj
 0001:00048ce0       __wctomb_lk                10049ce0 f   LIBCMTD:wctomb.obj
 0001:00048d80       __aulldiv                  10049d80 f   LIBCMTD:ulldiv.obj
 0001:00048df0       __aullrem                  10049df0 f   LIBCMTD:ullrem.obj
 0001:00048e70       __itoa                     10049e70 f   LIBCMTD:xtoa.obj
 0001:00048f90       __ltoa                     10049f90 f   LIBCMTD:xtoa.obj
 0001:00048fd0       __ultoa                    10049fd0 f   LIBCMTD:xtoa.obj
 0001:00048ff0       __i64toa                   10049ff0 f   LIBCMTD:xtoa.obj
 0001:00049140       __ui64toa                  1004a140 f   LIBCMTD:xtoa.obj
 0001:00049160       __snprintf                 1004a160 f   LIBCMTD:snprintf.obj
 0001:00049260       __vsnprintf                1004a260 f   LIBCMTD:vsnprint.obj
 0001:00049360       _signal                    1004a360 f   LIBCMTD:winsig.obj
 0001:00049630       _raise                     1004a630 f   LIBCMTD:winsig.obj
 0001:000498d0       ___fpecode                 1004a8d0 f   LIBCMTD:winsig.obj
 0001:000498e0       ___pxcptinfoptrs           1004a8e0 f   LIBCMTD:winsig.obj
 0001:000498f0       ___crtMessageBoxA          1004a8f0 f   LIBCMTD:crtmbox.obj
 0001:000499b0       ___crtGetStringTypeA       1004a9b0 f   LIBCMTD:a_str.obj
 0001:00049b70       __dosmaperr                1004ab70 f   LIBCMTD:dosmap.obj
 0001:00049c10       __errno                    1004ac10 f   LIBCMTD:dosmap.obj
 0001:00049c20       ___doserrno                1004ac20 f   LIBCMTD:dosmap.obj
 0001:00049c30       __matherr                  1004ac30 f   LIBCMTD:matherr.obj
 0001:00049c40       __87except                 1004ac40 f   LIBCMTD:87except.obj
 0001:00049dc0       _getenv                    1004adc0 f   LIBCMTD:getenv.obj
 0001:00049df0       __getenv_lk                1004adf0 f   LIBCMTD:getenv.obj
 0001:00049ec0       __fcloseall                1004aec0 f   LIBCMTD:closeall.obj
 0001:00049fa0       __alloc_osfhnd             1004afa0 f   LIBCMTD:osfinfo.obj
 0001:0004a190       __set_osfhnd               1004b190 f   LIBCMTD:osfinfo.obj
 0001:0004a250       __free_osfhnd              1004b250 f   LIBCMTD:osfinfo.obj
 0001:0004a330       __get_osfhandle            1004b330 f   LIBCMTD:osfinfo.obj
 0001:0004a3a0       __open_osfhandle           1004b3a0 f   LIBCMTD:osfinfo.obj
 0001:0004a4b0       __lock_fhandle             1004b4b0 f   LIBCMTD:osfinfo.obj
 0001:0004a540       __unlock_fhandle           1004b540 f   LIBCMTD:osfinfo.obj
 0001:0004a570       __commit                   1004b570 f   LIBCMTD:commit.obj
 0001:0004a650       __open                     1004b650 f   LIBCMTD:open.obj
 0001:0004a690       __sopen                    1004b690 f   LIBCMTD:open.obj
 0001:0004abf0       ___strgtold12              1004bbf0 f   LIBCMTD:strgtold.obj
 0001:0004b720       ___STRINGTOLD              1004c720 f   LIBCMTD:strgtold.obj
 0001:0004b770       _mbtowc                    1004c770 f   LIBCMTD:mbtowc.obj
 0001:0004b7f0       __mbtowc_lk                1004c7f0 f   LIBCMTD:mbtowc.obj
 0001:0004b950       _isalpha                   1004c950 f   LIBCMTD:_ctype.obj
 0001:0004b9a0       _isupper                   1004c9a0 f   LIBCMTD:_ctype.obj
 0001:0004b9e0       _islower                   1004c9e0 f   LIBCMTD:_ctype.obj
 0001:0004ba20       _isdigit                   1004ca20 f   LIBCMTD:_ctype.obj
 0001:0004ba60       _isxdigit                  1004ca60 f   LIBCMTD:_ctype.obj
 0001:0004bab0       _isspace                   1004cab0 f   LIBCMTD:_ctype.obj
 0001:0004baf0       _ispunct                   1004caf0 f   LIBCMTD:_ctype.obj
 0001:0004bb30       _isalnum                   1004cb30 f   LIBCMTD:_ctype.obj
 0001:0004bb80       _isprint                   1004cb80 f   LIBCMTD:_ctype.obj
 0001:0004bbd0       _isgraph                   1004cbd0 f   LIBCMTD:_ctype.obj
 0001:0004bc20       _iscntrl                   1004cc20 f   LIBCMTD:_ctype.obj
 0001:0004bc60       ___isascii                 1004cc60 f   LIBCMTD:_ctype.obj
 0001:0004bc70       ___toascii                 1004cc70 f   LIBCMTD:_ctype.obj
 0001:0004bc80       ___iscsymf                 1004cc80 f   LIBCMTD:_ctype.obj
 0001:0004bce0       ___iscsym                  1004cce0 f   LIBCMTD:_ctype.obj
 0001:0004bd40       __allshl                   1004cd40 f   LIBCMTD:llshl.obj
 0001:0004bd60       _ungetc                    1004cd60 f   LIBCMTD:ungetc.obj
[...]
 0001:0004dda0       _ProcessCodePage           1004eda0 f   LIBCMTD:getqloc.obj
 0001:0004de40       _TestDefaultCountry        1004ee40 f   LIBCMTD:getqloc.obj
 0001:0004de90       _TestDefaultLanguage       1004ee90 f   LIBCMTD:getqloc.obj
 0001:0004df20       _IsThisWindowsNT           1004ef20 f   LIBCMTD:getqloc.obj
 0001:0004df70       _crtGetLocaleInfoA@16      1004ef70 f   LIBCMTD:getqloc.obj
 0001:0004e100       _LcidFromHexString         1004f100 f   LIBCMTD:getqloc.obj
 0001:0004e180       _GetPrimaryLen             1004f180 f   LIBCMTD:getqloc.obj
 0001:0004d424       listnext                   1004e424 f   LIBCMTD:strpbrk.obj
 0001:0004d431       listdone                   1004e431 f   LIBCMTD:strpbrk.obj
 0001:0004d434       dstnext                    1004e434 f   LIBCMTD:strpbrk.obj
 0001:0004d444       dstdone                    1004e444 f   LIBCMTD:strpbrk.obj
 0001:0004d3e4       listnext                   1004e3e4 f   LIBCMTD:strcspn.obj
 0001:0004d3f1       listdone                   1004e3f1 f   LIBCMTD:strcspn.obj
 0001:0004d3f8       dstnext                    1004e3f8 f   LIBCMTD:strcspn.obj
 0001:0004d406       dstdone                    1004e406 f   LIBCMTD:strcspn.obj
 0001:0004ccf0       __get_lc_lconv             1004dcf0 f   LIBCMTD:initmon.obj
 0001:0004cf00       _fix_grouping              1004df00 f   LIBCMTD:initmon.obj
 0001:0004cf80       __free_lc_lconv            1004df80 f   LIBCMTD:initmon.obj
 0001:0004cb40       _fix_grouping              1004db40 f   LIBCMTD:initnum.obj
 0001:0004bff0       __get_lc_time              1004cff0 f   LIBCMTD:inittime.obj
 0001:0004c580       __free_lc_time             1004d580 f   LIBCMTD:inittime.obj
 0001:0004bd50       MORE32                     1004cd50 f   LIBCMTD:llshl.obj
 0001:0004bd5a       RETZERO                    1004cd5a f   LIBCMTD:llshl.obj
 0001:00049590       _ctrlevent_capture@4       1004a590 f   LIBCMTD:winsig.obj
 0001:00049870       _siglookup                 1004a870 f   LIBCMTD:winsig.obj
 0001:00048ec0       _xtoa                      10049ec0 f   LIBCMTD:xtoa.obj
 0001:00049040       _x64toa@20                 1004a040 f   LIBCMTD:xtoa.obj
 0001:00048e11       L1                         10049e11 f   LIBCMTD:ullrem.obj
 0001:00048e1f       L3                         10049e1f f   LIBCMTD:ullrem.obj
 0001:00048e4a       L4                         10049e4a f   LIBCMTD:ullrem.obj
 0001:00048e52       L5                         10049e52 f   LIBCMTD:ullrem.obj
 0001:00048e61       L2                         10049e61 f   LIBCMTD:ullrem.obj
 0001:00048da2       L1                         10049da2 f   LIBCMTD:ulldiv.obj
 0001:00048db0       L3                         10049db0 f   LIBCMTD:ulldiv.obj
 0001:00048dde       L4                         10049dde f   LIBCMTD:ulldiv.obj
 0001:00048ddf       L5                         10049ddf f   LIBCMTD:ulldiv.obj
 0001:00048de3       L2                         10049de3 f   LIBCMTD:ulldiv.obj
 0001:000489a0       _xcptlookup                100499a0 f   LIBCMTD:winxfltr.obj
 0001:00048500       LeadUp1                    10049500 f   LIBCMTD:memmove.obj
 0001:0004852c       LeadUp2                    1004952c f   LIBCMTD:memmove.obj
 0001:00048550       LeadUp3                    10049550 f   LIBCMTD:memmove.obj
 0001:000485cf       UnwindUp0                  100495cf f   LIBCMTD:memmove.obj
 0001:000485bc       UnwindUp1                  100495bc f   LIBCMTD:memmove.obj
 0001:000485b4       UnwindUp2                  100495b4 f   LIBCMTD:memmove.obj
 0001:000485ac       UnwindUp3                  100495ac f   LIBCMTD:memmove.obj
 0001:000485a4       UnwindUp4                  100495a4 f   LIBCMTD:memmove.obj
 0001:0004859c       UnwindUp5                  1004959c f   LIBCMTD:memmove.obj
 0001:00048594       UnwindUp6                  10049594 f   LIBCMTD:memmove.obj
 0001:0004858c       UnwindUp7                  1004958c f   LIBCMTD:memmove.obj
 0001:000485e8       TrailUp0                   100495e8 f   LIBCMTD:memmove.obj
 0001:000485f0       TrailUp1                   100495f0 f   LIBCMTD:memmove.obj
 0001:000485fc       TrailUp2                   100495fc f   LIBCMTD:memmove.obj
 0001:00048610       TrailUp3                   10049610 f   LIBCMTD:memmove.obj
 0001:00048688       LeadDown1                  10049688 f   LIBCMTD:memmove.obj
 0001:000486a8       LeadDown2                  100496a8 f   LIBCMTD:memmove.obj
 0001:000486d0       LeadDown3                  100496d0 f   LIBCMTD:memmove.obj
 0001:00048724       UnwindDown7                10049724 f   LIBCMTD:memmove.obj
 0001:0004872c       UnwindDown6                1004972c f   LIBCMTD:memmove.obj
 0001:00048734       UnwindDown5                10049734 f   LIBCMTD:memmove.obj
 0001:0004873c       UnwindDown4                1004973c f   LIBCMTD:memmove.obj
 0001:00048744       UnwindDown3                10049744 f   LIBCMTD:memmove.obj
 0001:0004874c       UnwindDown2                1004974c f   LIBCMTD:memmove.obj
 0001:00048754       UnwindDown1                10049754 f   LIBCMTD:memmove.obj
 0001:00048767       UnwindDown0                10049767 f   LIBCMTD:memmove.obj
 0001:00048780       TrailDown0                 10049780 f   LIBCMTD:memmove.obj
 0001:00048788       TrailDown1                 10049788 f   LIBCMTD:memmove.obj
 0001:00048798       TrailDown2                 10049798 f   LIBCMTD:memmove.obj
 0001:000487ac       TrailDown3                 100497ac f   LIBCMTD:memmove.obj
 0001:000484b0       CopyUp                     100494b0 f   LIBCMTD:memmove.obj
 0001:000484cc       CopyLeadUp                 100494cc f   LIBCMTD:memmove.obj
 0001:000484e4       ByteCopyUp                 100494e4 f   LIBCMTD:memmove.obj
 0001:000484ec       CopyUnwindUp               100494ec f   LIBCMTD:memmove.obj
 0001:00048628       CopyDown                   10049628 f   LIBCMTD:memmove.obj
 0001:00048650       CopyUnwindDown             10049650 f   LIBCMTD:memmove.obj
 0001:0004865c       CopyLeadDown               1004965c f   LIBCMTD:memmove.obj
 0001:00048674       ByteCopyDown               10049674 f   LIBCMTD:memmove.obj
 0001:00047630       __abstract_cw              10048630 f   LIBCMTD:ieee87.obj
 0001:000477b0       __hw_cw                    100487b0 f   LIBCMTD:ieee87.obj
 0001:00047910       __abstract_sw              10048910 f   LIBCMTD:ieee87.obj
 0001:00046c60       _parse_cmdline             10047c60 f   LIBCMTD:stdargv.obj
 0001:00045e20       __setlocale_set_cat        10046e20 f   LIBCMTD:setlocal.obj
 0001:00045fc0       __setlocale_get_all        10046fc0 f   LIBCMTD:setlocal.obj
 0001:0004572c       fFATN2                     1004672c f   LIBCMTD:87triga.obj
 0001:000457a2       _rtforatnby0               100467a2 f   LIBCMTD:87triga.obj
 0001:00045785       _rtforatn20                10046785 f   LIBCMTD:87triga.obj
 0001:000453f0       __hextodec                 100463f0 f   LIBCMTD:input.obj
 0001:00045450       __inc                      10046450 f   LIBCMTD:input.obj
 0001:000454b0       __un_inc                   100464b0 f   LIBCMTD:input.obj
 0001:000454d0       __whiteout                 100464d0 f   LIBCMTD:input.obj
 0001:00043060       _flsall                    10044060 f   LIBCMTD:fflush.obj
 0001:00041de0       __tzset_lk                 10042de0 f   LIBCMTD:tzset.obj
 0001:000421c0       __isindst_lk               100431c0 f   LIBCMTD:tzset.obj
 0001:000424c0       _cvtdate                   100434c0 f   LIBCMTD:tzset.obj
 0001:0003fbe0       _doexit                    10040be0 f   LIBCMTD:crt0dat.obj
 0001:0003fcf0       __initterm                 10040cf0 f   LIBCMTD:crt0dat.obj
 0001:0003eef0       __get_fname                1003fef0 f   LIBCMTD:fpexcept.obj
 0001:0003e319       hard                       1003f319 f   LIBCMTD:llmul.obj
 0001:0003df30       _CrtMessageWindow          1003ef30 f   LIBCMTD:dbgrpt.obj
 0001:0003d920       _write_char                1003e920 f   LIBCMTD:output.obj
 0001:0003d9a0       _write_multi_char          1003e9a0 f   LIBCMTD:output.obj
 0001:0003d9e0       _write_string              1003e9e0 f   LIBCMTD:output.obj
 0001:0003da30       _get_int_arg               1003ea30 f   LIBCMTD:output.obj
 0001:0003da50       _get_int64_arg             1003ea50 f   LIBCMTD:output.obj
 0001:0003da70       _get_short_arg             1003ea70 f   LIBCMTD:output.obj
 0001:0003c220       __cftoe2                   1003d220 f   LIBCMTD:cvt.obj
 0001:0003c400       __cftof2                   1003d400 f   LIBCMTD:cvt.obj
 0001:0003c690       __shift                    1003d690 f   LIBCMTD:cvt.obj
 0001:0003bb8c       chk_null                   1003cb8c f   LIBCMTD:stricmp.obj
 0001:0003bbbe       done                       1003cbbe f   LIBCMTD:stricmp.obj
 0001:0003bbc3       notclocale                 1003cbc3 f   LIBCMTD:stricmp.obj
 0001:0003bbd7       do_lock                    1003cbd7 f   LIBCMTD:stricmp.obj
 0001:0003bbec       end_lock                   1003cbec f   LIBCMTD:stricmp.obj
 0001:0003bbf4       chk_null2                  1003cbf4 f   LIBCMTD:stricmp.obj
 0001:0003bc1f       done2                      1003cc1f f   LIBCMTD:stricmp.obj
 0001:0003bc2f       do_unlock                  1003cc2f f   LIBCMTD:stricmp.obj
 0001:0003bc39       end_unlock                 1003cc39 f   LIBCMTD:stricmp.obj
 0001:0003bc3b       doret                      1003cc3b f   LIBCMTD:stricmp.obj
 0001:0003baed       main_loop                  1003caed f   LIBCMTD:memcmp.obj
 0001:0003bb0a       done                       1003cb0a f   LIBCMTD:memcmp.obj
 0001:0003bb0c       retnull                    1003cb0c f   LIBCMTD:memcmp.obj
 0001:0003bb0d       dwords                     1003cb0d f   LIBCMTD:memcmp.obj
 0001:0003bb35       difference_in_tail         1003cb35 f   LIBCMTD:memcmp.obj
 0001:0003bb3a       not_equal                  1003cb3a f   LIBCMTD:memcmp.obj
 0001:0003bb42       tail_loop_start            1003cb42 f   LIBCMTD:memcmp.obj
 0001:0003bb69       tail_done                  1003cb69 f   LIBCMTD:memcmp.obj
 0001:0003b90a       okay                       1003c90a f   LIBCMTD:strncmp.obj
 0001:0003b91d       firstbig                   1003c91d f   LIBCMTD:strncmp.obj
 0001:0003b91f       lastbig                    1003c91f f   LIBCMTD:strncmp.obj
 0001:0003b921       toend                      1003c921 f   LIBCMTD:strncmp.obj
 0001:0003b868       findnext                   1003c868 f   LIBCMTD:strstr.obj
 0001:0003b879       loop_start                 1003c879 f   LIBCMTD:strstr.obj
 0001:0003b87c       in_loop                    1003c87c f   LIBCMTD:strstr.obj
 0001:0003b884       not_found                  1003c884 f   LIBCMTD:strstr.obj
 0001:0003b88a       first_char_found           1003c88a f   LIBCMTD:strstr.obj
 0001:0003b891       two_first_chars_equal      1003c891 f   LIBCMTD:strstr.obj
 0001:0003b894       compare_loop               1003c894 f   LIBCMTD:strstr.obj
 0001:0003b8b7       strchr_call                1003c8b7 f   LIBCMTD:strstr.obj
 0001:0003b8c3       match                      1003c8c3 f   LIBCMTD:strstr.obj
 0001:0003b8ca       empty_str2                 1003c8ca f   LIBCMTD:strstr.obj
 0001:00038c80       _realloc_help              10039c80 f   LIBCMTD:dbgheap.obj
 0001:000398c0       _CheckBytes                1003a8c0 f   LIBCMTD:dbgheap.obj
 0001:0003a4b0       __printMemBlockData        1003b4b0 f   LIBCMTD:dbgheap.obj
 0001:000384c0       LeadUp1                    100394c0 f   LIBCMTD:memcpy.obj
 0001:000384ec       LeadUp2                    100394ec f   LIBCMTD:memcpy.obj
 0001:00038510       LeadUp3                    10039510 f   LIBCMTD:memcpy.obj
 0001:0003858f       UnwindUp0                  1003958f f   LIBCMTD:memcpy.obj
 0001:0003857c       UnwindUp1                  1003957c f   LIBCMTD:memcpy.obj
 0001:00038574       UnwindUp2                  10039574 f   LIBCMTD:memcpy.obj
 0001:0003856c       UnwindUp3                  1003956c f   LIBCMTD:memcpy.obj
 0001:00038564       UnwindUp4                  10039564 f   LIBCMTD:memcpy.obj
 0001:0003855c       UnwindUp5                  1003955c f   LIBCMTD:memcpy.obj
 0001:00038554       UnwindUp6                  10039554 f   LIBCMTD:memcpy.obj
 0001:0003854c       UnwindUp7                  1003954c f   LIBCMTD:memcpy.obj
 0001:000385a8       TrailUp0                   100395a8 f   LIBCMTD:memcpy.obj
 0001:000385b0       TrailUp1                   100395b0 f   LIBCMTD:memcpy.obj
 0001:000385bc       TrailUp2                   100395bc f   LIBCMTD:memcpy.obj
 0001:000385d0       TrailUp3                   100395d0 f   LIBCMTD:memcpy.obj
 0001:00038648       LeadDown1                  10039648 f   LIBCMTD:memcpy.obj
 0001:00038668       LeadDown2                  10039668 f   LIBCMTD:memcpy.obj
 0001:00038690       LeadDown3                  10039690 f   LIBCMTD:memcpy.obj
 0001:000386e4       UnwindDown7                100396e4 f   LIBCMTD:memcpy.obj
 0001:000386ec       UnwindDown6                100396ec f   LIBCMTD:memcpy.obj
 0001:000386f4       UnwindDown5                100396f4 f   LIBCMTD:memcpy.obj
 0001:000386fc       UnwindDown4                100396fc f   LIBCMTD:memcpy.obj
 0001:00038704       UnwindDown3                10039704 f   LIBCMTD:memcpy.obj
 0001:0003870c       UnwindDown2                1003970c f   LIBCMTD:memcpy.obj
 0001:00038714       UnwindDown1                10039714 f   LIBCMTD:memcpy.obj
 0001:00038727       UnwindDown0                10039727 f   LIBCMTD:memcpy.obj
 0001:00038740       TrailDown0                 10039740 f   LIBCMTD:memcpy.obj
 0001:00038748       TrailDown1                 10039748 f   LIBCMTD:memcpy.obj
 0001:00038758       TrailDown2                 10039758 f   LIBCMTD:memcpy.obj
 0001:0003876c       TrailDown3                 1003976c f   LIBCMTD:memcpy.obj
 0001:00038470       CopyUp                     10039470 f   LIBCMTD:memcpy.obj
 0001:0003848c       CopyLeadUp                 1003948c f   LIBCMTD:memcpy.obj
 0001:000384a4       ByteCopyUp                 100394a4 f   LIBCMTD:memcpy.obj
 0001:000384ac       CopyUnwindUp               100394ac f   LIBCMTD:memcpy.obj
 0001:000385e8       CopyDown                   100395e8 f   LIBCMTD:memcpy.obj
 0001:00038610       CopyUnwindDown             10039610 f   LIBCMTD:memcpy.obj
 0001:0003861c       CopyLeadDown               1003961c f   LIBCMTD:memcpy.obj
 0001:00038634       ByteCopyDown               10039634 f   LIBCMTD:memcpy.obj
 0001:00038374       src_misaligned             10039374 f   LIBCMTD:strncpy.obj
 0001:00038390       tail_loop_start            10039390 f   LIBCMTD:strncpy.obj
 0001:00038395       copy_tail_loop             10039395 f   LIBCMTD:strncpy.obj
 0001:000383a2       fill_tail_end1             100393a2 f   LIBCMTD:strncpy.obj
 0001:000383aa       align_dest                 100393aa f   LIBCMTD:strncpy.obj
 0001:000383b2       dest_align_loop            100393b2 f   LIBCMTD:strncpy.obj
 0001:000383c4       dest_align_loop_end        100393c4 f   LIBCMTD:strncpy.obj
 0001:000383cb       finish_loop                100393cb f   LIBCMTD:strncpy.obj
 0001:000383ce       fill_tail_zero_bytes       100393ce f   LIBCMTD:strncpy.obj
 0001:000383d3       finish                     100393d3 f   LIBCMTD:strncpy.obj
 0001:000383d9       main_loop                  100393d9 f   LIBCMTD:strncpy.obj
 0001:000383e1       main_loop_entrance         100393e1 f   LIBCMTD:strncpy.obj
 0001:00038417       byte_2                     10039417 f   LIBCMTD:strncpy.obj
 0001:00038421       byte_1                     10039421 f   LIBCMTD:strncpy.obj
 0001:0003842b       byte_0                     1003942b f   LIBCMTD:strncpy.obj
 0001:0003842f       fill_with_EOS_dwords       1003942f f   LIBCMTD:strncpy.obj
 0001:00038437       fill_dwords_with_EOS       10039437 f   LIBCMTD:strncpy.obj
 0001:00038439       fill_with_EOS_loop         10039439 f   LIBCMTD:strncpy.obj
 0001:00038441       fill_tail                  10039441 f   LIBCMTD:strncpy.obj
 0001:00038446       fill_tail_end              10039446 f   LIBCMTD:strncpy.obj
 0001:00038220       _$$$00001                  10039220 f   LIBCMTD:chkstk.obj
 0001:0003822c       probepages                 1003922c f   LIBCMTD:chkstk.obj
 0001:00038240       lastpage                   10039240 f   LIBCMTD:chkstk.obj
 0001:000381e3       adjust_loop                100391e3 f   LIBCMTD:memset.obj
 0001:000381e9       dwords                     100391e9 f   LIBCMTD:memset.obj
 0001:00038203       main_loop_tail             10039203 f   LIBCMTD:memset.obj
 0001:00038207       tail                       10039207 f   LIBCMTD:memset.obj
 0001:0003820d       finish                     1003920d f   LIBCMTD:memset.obj
 0001:00038213       toend                      10039213 f   LIBCMTD:memset.obj
 0001:00037fc0       _shortsort                 10038fc0 f   LIBCMTD:qsort.obj
 0001:00038030       _swap                      10039030 f   LIBCMTD:qsort.obj
 0001:00037d0c       str_misaligned             10038d0c f   LIBCMTD:strlen.obj
 0001:00037d20       main_loop                  10038d20 f   LIBCMTD:strlen.obj
 0001:00037d53       byte_3                     10038d53 f   LIBCMTD:strlen.obj
 0001:00037d5d       byte_2                     10038d5d f   LIBCMTD:strlen.obj
 0001:00037d67       byte_1                     10038d67 f   LIBCMTD:strlen.obj
 0001:00037d71       byte_0                     10038d71 f   LIBCMTD:strlen.obj
 0001:000379dd       dest_misaligned            100389dd f   LIBCMTD:strcat.obj
 0001:000379ec       find_end_of_dest_string_loop 100389ec f   LIBCMTD:strcat.obj
 0001:00037a1f       start_byte_3               10038a1f f   LIBCMTD:strcat.obj
 0001:00037a24       start_byte_2               10038a24 f   LIBCMTD:strcat.obj
 0001:00037a29       start_byte_1               10038a29 f   LIBCMTD:strcat.obj
 0001:00037a2e       start_byte_0               10038a2e f   LIBCMTD:strcat.obj
 0001:00037a3d       src_misaligned             10038a3d f   LIBCMTD:strcat.obj
 0001:00037a51       main_loop                  10038a51 f   LIBCMTD:strcat.obj
 0001:00037a56       main_loop_entrance         10038a56 f   LIBCMTD:strcat.obj
 0001:00037a8a       byte_3                     10038a8a f   LIBCMTD:strcat.obj
 0001:00037a92       byte_2                     10038a92 f   LIBCMTD:strcat.obj
 0001:00037a9f       byte_1                     10038a9f f   LIBCMTD:strcat.obj
 0001:00037aa8       byte_0                     10038aa8 f   LIBCMTD:strcat.obj
 0001:00037a31       copy_start                 10038a31 f   LIBCMTD:strcat.obj
 0001:000378f0       _$$$00001                  100388f0 f   LIBCMTD:strchr.obj
 0001:00037918       str_misaligned             10038918 f   LIBCMTD:strchr.obj
 0001:0003792b       main_loop_start            1003892b f   LIBCMTD:strchr.obj
 0001:00037936       main_loop                  10038936 f   LIBCMTD:strchr.obj
 0001:00037972       retnull                    10038972 f   LIBCMTD:strchr.obj
 0001:00037974       retnull_bx                 10038974 f   LIBCMTD:strchr.obj
 0001:00037978       chr_is_found               10038978 f   LIBCMTD:strchr.obj
 0001:000379a0       byte_3                     100389a0 f   LIBCMTD:strchr.obj
 0001:000379a7       byte_2                     100389a7 f   LIBCMTD:strchr.obj
 0001:000379ae       byte_1                     100389ae f   LIBCMTD:strchr.obj
 0001:000379b5       byte_0                     100389b5 f   LIBCMTD:strchr.obj
 0001:000378f0       found_bx                   100388f0 f   LIBCMTD:strchr.obj
 0001:00037770       dodwords                   10038770 f   LIBCMTD:strcmp.obj
 0001:000377a0       doneeq                     100387a0 f   LIBCMTD:strcmp.obj
 0001:000377a4       donene                     100387a4 f   LIBCMTD:strcmp.obj
 0001:000377ac       dopartial                  100387ac f   LIBCMTD:strcmp.obj
 0001:000377c8       doword                     100387c8 f   LIBCMTD:strcmp.obj
