 gamex86

 Timestamp is 53d9717b (Thu Jul 31 00:28:11 2014)

 Preferred load address is 20000000

 Start         Length     Name                   Class
 0001:00000000 0005a6f7H .text                   CODE
 0002:00000000 00000140H .idata$5                DATA
 0002:00000140 00007c2cH .rdata                  DATA
 0002:00007d6c 00000014H .idata$2                DATA
 0002:00007d80 00000014H .idata$3                DATA
 0002:00007d94 00000140H .idata$4                DATA
 0002:00007ed4 0000058cH .idata$6                DATA
 0002:00008460 00000049H .edata                  DATA
 0003:00000000 00000004H .CRT$XCA                DATA
 0003:00000004 00000004H .CRT$XCZ                DATA
 0003:00000008 00000004H .CRT$XIA                DATA
 0003:0000000c 00000008H .CRT$XIC                DATA
 0003:00000014 00000004H .CRT$XIZ                DATA
 0003:00000018 00000004H .CRT$XPA                DATA
 0003:0000001c 00000004H .CRT$XPX                DATA
 0003:00000020 00000004H .CRT$XPZ                DATA
 0003:00000024 00000004H .CRT$XTA                DATA
 0003:00000028 00000004H .CRT$XTZ                DATA
 0003:00000030 0001297cH .data                   DATA
 0003:000129b0 0000d170H .bss                    DATA

  Address         Publics by Value              Rva+Base     Lib:Object

 0001:00000000       _AI_SetSightClient         20001000 f   g_ai.obj
 0001:000000c0       _ai_move                   200010c0 f   g_ai.obj
 0001:000000f0       _ai_stand                  200010f0 f   g_ai.obj
 0001:00000320       _ai_walk                   20001320 f   g_ai.obj
 0001:00000410       _ai_charge                 20001410 f   g_ai.obj
 0001:000004b0       _ai_turn                   200014b0 f   g_ai.obj
 0001:00000510       _range                     20001510 f   g_ai.obj
 0001:000005a0       _visible                   200015a0 f   g_ai.obj
 0001:00000660       _infront                   20001660 f   g_ai.obj
 0001:00000700       _HuntTarget                20001700 f   g_ai.obj
 0001:000007d0       _FoundTarget               200017d0 f   g_ai.obj
 0001:00000990       _FindTarget                20001990 f   g_ai.obj
 0001:00000e50       _FacingIdeal               20001e50 f   g_ai.obj
 0001:00000eb0       _M_CheckAttack             20001eb0 f   g_ai.obj
 0001:00001190       _ai_run_melee              20002190 f   g_ai.obj
 0001:000011f0       _ai_run_missile            200021f0 f   g_ai.obj
 0001:00001250       _ai_run_slide              20002250 f   g_ai.obj
 0001:00001300       _ai_checkattack            20002300 f   g_ai.obj
 0001:00001710       _ai_run                    20002710 f   g_ai.obj
 0001:00002100       _UpdateChaseCam            20003100 f   g_chase.obj
 0001:000025c0       _ChaseNext                 200035c0 f   g_chase.obj
 0001:00002690       _ChasePrev                 20003690 f   g_chase.obj
 0001:00002750       _GetChaseTarget            20003750 f   g_chase.obj
 0001:00002800       _ClientTeam                20003800 f   g_cmds.obj
 0001:000028a0       _OnSameTeam                200038a0 f   g_cmds.obj
 0001:00002930       _SelectNextItem            20003930 f   g_cmds.obj
 0001:00002a00       _SelectPrevItem            20003a00 f   g_cmds.obj
 0001:00002ad0       _ValidateSelectedItem      20003ad0 f   g_cmds.obj
 0001:00002b10       _Cmd_Give_f                20003b10 f   g_cmds.obj
 0001:00003000       _Cmd_God_f                 20004000 f   g_cmds.obj
 0001:000030a0       _Cmd_Notarget_f            200040a0 f   g_cmds.obj
 0001:00003140       _Cmd_Noclip_f              20004140 f   g_cmds.obj
 0001:000031e0       _Cmd_Use_f                 200041e0 f   g_cmds.obj
 0001:000032a0       _Cmd_Drop_f                200042a0 f   g_cmds.obj
 0001:00003360       _Cmd_Inven_f               20004360 f   g_cmds.obj
 0001:00003410       _Cmd_InvUse_f              20004410 f   g_cmds.obj
 0001:000034a0       _Cmd_WeapPrev_f            200044a0 f   g_cmds.obj
 0001:00003580       _Cmd_WeapNext_f            20004580 f   g_cmds.obj
 0001:00003660       _Cmd_WeapLast_f            20004660 f   g_cmds.obj
 0001:00003700       _Cmd_InvDrop_f             20004700 f   g_cmds.obj
 0001:00003790       _Cmd_Kill_f                20004790 f   g_cmds.obj
 0001:00003810       _Cmd_PutAway_f             20004810 f   g_cmds.obj
 0001:00003850       _PlayerSort                20004850 f   g_cmds.obj
 0001:000038d0       _Cmd_Players_f             200048d0 f   g_cmds.obj
 0001:00003a50       _Cmd_Wave_f                20004a50 f   g_cmds.obj
 0001:00003bd0       _Cmd_Say_f                 20004bd0 f   g_cmds.obj
 0001:00003f50       _Cmd_PlayerList_f          20004f50 f   g_cmds.obj
 0001:00004120       _ClientCommand             20005120 f   g_cmds.obj
 0001:00004580       _CanDamage                 20005580 f   g_combat.obj
 0001:000048d0       _Killed                    200058d0 f   g_combat.obj
 0001:00004a50       _SpawnDamage               20005a50 f   g_combat.obj
 0001:00004ac0       _M_ReactToDamage           20005ac0 f   g_combat.obj
 0001:00004de0       _CheckTeamDamage           20005de0 f   g_combat.obj
 0001:00004e00       _T_Damage                  20005e00 f   g_combat.obj
 0001:000057a0       _T_RadiusDamage            200067a0 f   g_combat.obj
 0001:00005940       _Move_Done                 20006940 f   g_func.obj
 0001:00005990       _Move_Final                20006990 f   g_func.obj
 0001:00005a20       _Move_Begin                20006a20 f   g_func.obj
 0001:00005b00       _Move_Calc                 20006b00 f   g_func.obj
 0001:00005c60       _AngleMove_Done            20006c60 f   g_func.obj
 0001:00005cb0       _AngleMove_Final           20006cb0 f   g_func.obj
 0001:00005da0       _AngleMove_Begin           20006da0 f   g_func.obj
 0001:00005ed0       _AngleMove_Calc            20006ed0 f   g_func.obj
 0001:00005f80       _plat_CalcAcceleratedMove  20006f80 f   g_func.obj
 0001:000060b0       _plat_Accelerate           200070b0 f   g_func.obj
 0001:000062b0       _Think_AccelMove           200072b0 f   g_func.obj
 0001:00006390       _plat_hit_top              20007390 f   g_func.obj
 0001:00006420       _plat_hit_bottom           20007420 f   g_func.obj
 0001:00006490       _plat_go_down              20007490 f   g_func.obj
 0001:00006520       _plat_go_up                20007520 f   g_func.obj
 0001:000065b0       _plat_blocked              200075b0 f   g_func.obj
 0001:00006690       _Use_Plat                  20007690 f   g_func.obj
 0001:000066c0       _Touch_Plat_Center         200076c0 f   g_func.obj
 0001:00006730       _plat_spawn_inside_trigger 20007730 f   g_func.obj
 0001:000068e0       _SP_func_plat              200078e0 f   g_func.obj
 0001:00006cb0       _rotating_blocked          20007cb0 f   g_func.obj
 0001:00006d00       _rotating_touch            20007d00 f   g_func.obj
 0001:00006d90       _rotating_use              20007d90 f   g_func.obj
 0001:00006e50       _SP_func_rotating          20007e50 f   g_func.obj
 0001:00007050       _button_done               20008050 f   g_func.obj
 0001:00007090       _button_return             20008090 f   g_func.obj
 0001:000070f0       _button_wait               200080f0 f   g_func.obj
 0001:00007190       _button_fire               20008190 f   g_func.obj
 0001:00007230       _button_use                20008230 f   g_func.obj
 0001:00007260       _button_touch              20008260 f   g_func.obj
 0001:000072b0       _button_killed             200082b0 f   g_func.obj
 0001:00007300       _SP_func_button            20008300 f   g_func.obj
 0001:00007690       _door_use_areaportals      20008690 f   g_func.obj
 0001:00007710       _door_hit_top              20008710 f   g_func.obj
 0001:000077d0       _door_hit_bottom           200087d0 f   g_func.obj
 0001:00007850       _door_go_down              20008850 f   g_func.obj
 0001:00007950       _door_go_up                20008950 f   g_func.obj
 0001:00007aa0       _door_use                  20008aa0 f   g_func.obj
 0001:00007b80       _Touch_DoorTrigger         20008b80 f   g_func.obj
 0001:00007c30       _Think_CalcMoveSpeed       20008c30 f   g_func.obj
 0001:00007da0       _Think_SpawnDoorTrigger    20008da0 f   g_func.obj
 0001:00007f50       _door_blocked              20008f50 f   g_func.obj
 0001:000080a0       _door_killed               200090a0 f   g_func.obj
 0001:00008110       _door_touch                20009110 f   g_func.obj
 0001:000081a0       _SP_func_door              200091a0 f   g_func.obj
 0001:00008710       _SP_func_door_rotating     20009710 f   g_func.obj
 0001:00008ce0       _SP_func_water             20009ce0 f   g_func.obj
 0001:000090f0       _train_blocked             2000a0f0 f   g_func.obj
 0001:000091d0       _train_wait                2000a1d0 f   g_func.obj
 0001:00009370       _train_next                2000a370 f   g_func.obj
 0001:000095e0       _train_resume              2000a5e0 f   g_func.obj
 0001:000096c0       _func_train_find           2000a6c0 f   g_func.obj
 0001:000097f0       _train_use                 2000a7f0 f   g_func.obj
 0001:000098a0       _SP_func_train             2000a8a0 f   g_func.obj
 0001:00009a30       _trigger_elevator_use      2000aa30 f   g_func.obj
 0001:00009ae0       _trigger_elevator_init     2000aae0 f   g_func.obj
 0001:00009bb0       _SP_trigger_elevator       2000abb0 f   g_func.obj
 0001:00009bf0       _func_timer_think          2000abf0 f   g_func.obj
 0001:00009c60       _func_timer_use            2000ac60 f   g_func.obj
 0001:00009ce0       _SP_func_timer             2000ace0 f   g_func.obj
 0001:00009e00       _func_conveyor_use         2000ae00 f   g_func.obj
 0001:00009e90       _SP_func_conveyor          2000ae90 f   g_func.obj
 0001:00009f40       _door_secret_use           2000af40 f   g_func.obj
 0001:00009fa0       _door_secret_move1         2000afa0 f   g_func.obj
 0001:00009fe0       _door_secret_move2         2000afe0 f   g_func.obj
 0001:0000a010       _door_secret_move3         2000b010 f   g_func.obj
 0001:0000a060       _door_secret_move4         2000b060 f   g_func.obj
 0001:0000a090       _door_secret_move5         2000b090 f   g_func.obj
 0001:0000a0d0       _door_secret_move6         2000b0d0 f   g_func.obj
 0001:0000a100       _door_secret_done          2000b100 f   g_func.obj
 0001:0000a160       _door_secret_blocked       2000b160 f   g_func.obj
 0001:0000a230       _door_secret_die           2000b230 f   g_func.obj
 0001:0000a270       _SP_func_door_secret       2000b270 f   g_func.obj
 0001:0000a5e0       _use_killbox               2000b5e0 f   g_func.obj
 0001:0000a600       _SP_func_killbox           2000b600 f   g_func.obj
 0001:0000a650       _GetItemByIndex            2000b650 f   g_items.obj
 0001:0000a680       _FindItemByClassname       2000b680 f   g_items.obj
 0001:0000a6f0       _FindItem                  2000b6f0 f   g_items.obj
 0001:0000a760       _DoRespawn                 2000b760 f   g_items.obj
 0001:0000a830       _SetRespawn                2000b830 f   g_items.obj
 0001:0000a8b0       _Pickup_Powerup            2000b8b0 f   g_items.obj
 0001:0000aa90       _Drop_General              2000ba90 f   g_items.obj
 0001:0000ab00       _Pickup_Adrenaline         2000bb00 f   g_items.obj
 0001:0000abb0       _Pickup_AncientHead        2000bbb0 f   g_items.obj
 0001:0000ac20       _Pickup_Bandolier          2000bc20 f   g_items.obj
 0001:0000ae20       _Pickup_Pack               2000be20 f   g_items.obj
 0001:0000b280       _Use_Quad                  2000c280 f   g_items.obj
 0001:0000b380       _Use_Breather              2000c380 f   g_items.obj
 0001:0000b430       _Use_Envirosuit            2000c430 f   g_items.obj
 0001:0000b4e0       _Use_Invulnerability       2000c4e0 f   g_items.obj
 0001:0000b5c0       _Use_Silencer              2000c5c0 f   g_items.obj
 0001:0000b640       _Pickup_Key                2000c640 f   g_items.obj
 0001:0000b7d0       _Add_Ammo                  2000c7d0 f   g_items.obj
 0001:0000b910       _Pickup_Ammo               2000c910 f   g_items.obj
 0001:0000ba80       _Drop_Ammo                 2000ca80 f   g_items.obj
 0001:0000bba0       _MegaHealth_think          2000cba0 f   g_items.obj
 0001:0000bc50       _Pickup_Health             2000cc50 f   g_items.obj
 0001:0000bda0       _ArmorIndex                2000cda0 f   g_items.obj
 0001:0000be20       _Pickup_Armor              2000ce20 f   g_items.obj
 0001:0000c060       _PowerArmorType            2000d060 f   g_items.obj
 0001:0000c0d0       _Use_PowerArmor            2000d0d0 f   g_items.obj
 0001:0000c1c0       _Pickup_PowerArmor         2000d1c0 f   g_items.obj
 0001:0000c2b0       _Drop_PowerArmor           2000d2b0 f   g_items.obj
 0001:0000c320       _Touch_Item                2000d320 f   g_items.obj
 0001:0000c630       _Drop_Item                 2000d630 f   g_items.obj
 0001:0000c920       _Use_Item                  2000d920 f   g_items.obj
 0001:0000c9b0       _droptofloor               2000d9b0 f   g_items.obj
 0001:0000ccc0       _PrecacheItem              2000dcc0 f   g_items.obj
 0001:0000ced0       _SpawnItem                 2000ded0 f   g_items.obj
 0001:0000d160       _SP_item_health            2000e160 f   g_items.obj
 0001:0000d1f0       _SP_item_health_small      2000e1f0 f   g_items.obj
 0001:0000d290       _SP_item_health_large      2000e290 f   g_items.obj
 0001:0000d320       _SP_item_health_mega       2000e320 f   g_items.obj
 0001:0000d3c0       _InitItems                 2000e3c0 f   g_items.obj
 0001:0000d3e0       _SetItemNames              2000e3e0 f   g_items.obj
 0001:0000d4e0       _ShutdownGame              2000e4e0 f   g_main.obj
 0001:0000d520       _GetGameAPI                2000e520 f   g_main.obj
 0001:0000d5f0       _Sys_Error                 2000e5f0 f   g_main.obj
 0001:0000d640       _Com_Printf                2000e640 f   g_main.obj
 0001:0000d690       _ClientEndServerFrames     2000e690 f   g_main.obj
 0001:0000d700       _CreateTargetChangeLevel   2000e700 f   g_main.obj
 0001:0000d750       _EndDMLevel                2000e750 f   g_main.obj
 0001:0000d900       _CheckNeedPass             2000e900 f   g_main.obj
 0001:0000d9e0       _CheckDMRules              2000e9e0 f   g_main.obj
 0001:0000db10       _ExitLevel                 2000eb10 f   g_main.obj
 0001:0000dbf0       _G_RunFrame                2000ebf0 f   g_main.obj
 0001:0000dd50       _Use_Areaportal            2000ed50 f   g_misc.obj
 0001:0000dda0       _SP_func_areaportal        2000eda0 f   g_misc.obj
 0001:0000ddd0       _VelocityForDamage         2000edd0 f   g_misc.obj
 0001:0000de90       _ClipGibVelocity           2000ee90 f   g_misc.obj
 0001:0000df80       _gib_think                 2000ef80 f   g_misc.obj
 0001:0000e010       _gib_touch                 2000f010 f   g_misc.obj
 0001:0000e0f0       _gib_die                   2000f0f0 f   g_misc.obj
 0001:0000e110       _ThrowGib                  2000f110 f   g_misc.obj
 0001:0000e3a0       _ThrowHead                 2000f3a0 f   g_misc.obj
 0001:0000e5b0       _ThrowClientHead           2000f5b0 f   g_misc.obj
 0001:0000e760       _debris_die                2000f760 f   g_misc.obj
 0001:0000e780       _ThrowDebris               2000f780 f   g_misc.obj
 0001:0000e990       _BecomeExplosion1          2000f990 f   g_misc.obj
 0001:0000e9f0       _BecomeExplosion2          2000f9f0 f   g_misc.obj
 0001:0000ea50       _path_corner_touch         2000fa50 f   g_misc.obj
 0001:0000ec70       _SP_path_corner            2000fc70 f   g_misc.obj
 0001:0000ed50       _point_combat_touch        2000fd50 f   g_misc.obj
 0001:0000ef90       _SP_point_combat           2000ff90 f   g_misc.obj
 0001:0000f050       _TH_viewthing              20010050 f   g_misc.obj
 0001:0000f090       _SP_viewthing              20010090 f   g_misc.obj
 0001:0000f170       _SP_info_null              20010170 f   g_misc.obj
 0001:0000f190       _SP_info_notnull           20010190 f   g_misc.obj
 0001:0000f200       _SP_light                  20010200 f   g_misc.obj
 0001:0000f340       _func_wall_use             20010340 f   g_misc.obj
 0001:0000f3e0       _SP_func_wall              200103e0 f   g_misc.obj
 0001:0000f550       _func_object_touch         20010550 f   g_misc.obj
 0001:0000f5c0       _func_object_release       200105c0 f   g_misc.obj
 0001:0000f5f0       _func_object_use           200105f0 f   g_misc.obj
 0001:0000f650       _SP_func_object            20010650 f   g_misc.obj
 0001:0000f800       _func_explosive_explode    20010800 f   g_misc.obj
 0001:0000fb60       _func_explosive_use        20010b60 f   g_misc.obj
 0001:0000fba0       _func_explosive_spawn      20010ba0 f   g_misc.obj
 0001:0000fc00       _SP_func_explosive         20010c00 f   g_misc.obj
 0001:0000fd70       _barrel_touch              20010d70 f   g_misc.obj
 0001:0000fe10       _barrel_explode            20010e10 f   g_misc.obj
 0001:000108c0       _barrel_delay              200118c0 f   g_misc.obj
 0001:00010910       _SP_misc_explobox          20011910 f   g_misc.obj
 0001:00010ab0       _misc_blackhole_use        20011ab0 f   g_misc.obj
 0001:00010ad0       _misc_blackhole_think      20011ad0 f   g_misc.obj
 0001:00010b30       _SP_misc_blackhole         20011b30 f   g_misc.obj
 0001:00010c10       _misc_eastertank_think     20011c10 f   g_misc.obj
 0001:00010c80       _SP_misc_eastertank        20011c80 f   g_misc.obj
 0001:00010d50       _misc_easterchick_think    20011d50 f   g_misc.obj
 0001:00010dc0       _SP_misc_easterchick       20011dc0 f   g_misc.obj
 0001:00010e90       _misc_easterchick2_think   20011e90 f   g_misc.obj
 0001:00010f00       _SP_misc_easterchick2      20011f00 f   g_misc.obj
 0001:00010fd0       _commander_body_think      20011fd0 f   g_misc.obj
 0001:00011050       _commander_body_use        20012050 f   g_misc.obj
 0001:000110b0       _commander_body_drop       200120b0 f   g_misc.obj
 0001:000110e0       _SP_monster_commander_body 200120e0 f   g_misc.obj
 0001:00011200       _misc_banner_think         20012200 f   g_misc.obj
 0001:00011250       _SP_misc_banner            20012250 f   g_misc.obj
 0001:000112e0       _misc_deadsoldier_die      200122e0 f   g_misc.obj
 0001:00011370       _SP_misc_deadsoldier       20012370 f   g_misc.obj
 0001:00011520       _misc_viper_use            20012520 f   g_misc.obj
 0001:00011570       _SP_misc_viper             20012570 f   g_misc.obj
 0001:000116f0       _SP_misc_bigviper          200126f0 f   g_misc.obj
 0001:00011790       _misc_viper_bomb_touch     20012790 f   g_misc.obj
 0001:00011810       _misc_viper_bomb_prethink  20012810 f   g_misc.obj
 0001:000118b0       _misc_viper_bomb_use       200128b0 f   g_misc.obj
 0001:000119c0       _SP_misc_viper_bomb        200129c0 f   g_misc.obj
 0001:00011aa0       _misc_strogg_ship_use      20012aa0 f   g_misc.obj
 0001:00011af0       _SP_misc_strogg_ship       20012af0 f   g_misc.obj
 0001:00011c70       _misc_satellite_dish_think 20012c70 f   g_misc.obj
 0001:00011cb0       _misc_satellite_dish_use   20012cb0 f   g_misc.obj
 0001:00011cf0       _SP_misc_satellite_dish    20012cf0 f   g_misc.obj
 0001:00011da0       _SP_light_mine1            20012da0 f   g_misc.obj
 0001:00011df0       _SP_light_mine2            20012df0 f   g_misc.obj
 0001:00011e40       _SP_misc_gib_arm           20012e40 f   g_misc.obj
 0001:00011f70       _SP_misc_gib_leg           20012f70 f   g_misc.obj
 0001:000120a0       _SP_misc_gib_head          200130a0 f   g_misc.obj
 0001:000121d0       _SP_target_character       200131d0 f   g_misc.obj
 0001:00012230       _target_string_use         20013230 f   g_misc.obj
 0001:00012320       _SP_target_string          20013320 f   g_misc.obj
 0001:00012360       _func_clock_think          20013360 f   g_misc.obj
 0001:000127e0       _func_clock_use            200137e0 f   g_misc.obj
 0001:00012840       _SP_func_clock             20013840 f   g_misc.obj
 0001:00012980       _teleporter_touch          20013980 f   g_misc.obj
 0001:00012b80       _SP_misc_teleporter        20013b80 f   g_misc.obj
 0001:00012d20       _SP_misc_teleporter_dest   20013d20 f   g_misc.obj
 0001:00012dc0       _monster_fire_bullet       20013dc0 f   g_monster.obj
 0001:00012e40       _monster_fire_shotgun      20013e40 f   g_monster.obj
 0001:00012ec0       _monster_fire_blaster      20013ec0 f   g_monster.obj
 0001:00012f40       _monster_fire_grenade      20013f40 f   g_monster.obj
 0001:00012fd0       _monster_fire_rocket       20013fd0 f   g_monster.obj
 0001:00013060       _monster_fire_railgun      20014060 f   g_monster.obj
 0001:000130d0       _monster_fire_bfg          200140d0 f   g_monster.obj
 0001:00013150       _M_FlyCheck                20014150 f   g_monster.obj
 0001:00013280       _AttackFinished            20014280 f   g_monster.obj
 0001:000132b0       _M_CheckGround             200142b0 f   g_monster.obj
 0001:000133e0       _M_CatagorizePosition      200143e0 f   g_monster.obj
 0001:000134e0       _M_WorldEffects            200144e0 f   g_monster.obj
 0001:000139a0       _M_droptofloor             200149a0 f   g_monster.obj
 0001:00013a80       _M_SetEffects              20014a80 f   g_monster.obj
 0001:00013b50       _M_MoveFrame               20014b50 f   g_monster.obj
 0001:00013d40       _monster_think             20014d40 f   g_monster.obj
 0001:00013db0       _monster_use               20014db0 f   g_monster.obj
 0001:00013e30       _monster_triggered_spawn   20014e30 f   g_monster.obj
 0001:00013f10       _monster_triggered_spawn_use 20014f10 f   g_monster.obj
 0001:00013f70       _monster_triggered_start   20014f70 f   g_monster.obj
 0001:00013fd0       _monster_death_use         20014fd0 f   g_monster.obj
 0001:00014080       _monster_start             20015080 f   g_monster.obj
 0001:000142c0       _monster_start_go          200152c0 f   g_monster.obj
 0001:00014650       _walkmonster_start_go      20015650 f   g_monster.obj
 0001:00014730       _walkmonster_start         20015730 f   g_monster.obj
 0001:00014760       _flymonster_start_go       20015760 f   g_monster.obj
 0001:00014810       _flymonster_start          20015810 f   g_monster.obj
 0001:00014850       _swimmonster_start_go      20015850 f   g_monster.obj
 0001:000148c0       _swimmonster_start         200158c0 f   g_monster.obj
 0001:00014900       _SV_TestEntityPosition     20015900 f   g_phys.obj
 0001:00014990       _SV_CheckVelocity          20015990 f   g_phys.obj
 0001:00014a30       _SV_RunThink               20015a30 f   g_phys.obj
 0001:00014ac0       _SV_Impact                 20015ac0 f   g_phys.obj
 0001:00014b50       _ClipVelocity              20015b50 f   g_phys.obj
 0001:00014c50       _SV_FlyMove                20015c50 f   g_phys.obj
 0001:000151b0       _SV_AddGravity             200161b0 f   g_phys.obj
 0001:000151f0       _SV_PushEntity             200161f0 f   g_phys.obj
 0001:00015350       _SV_Push                   20016350 f   g_phys.obj
 0001:000159e0       _SV_Physics_Pusher         200169e0 f   g_phys.obj
 0001:00015bd0       _SV_Physics_None           20016bd0 f   g_phys.obj
 0001:00015bf0       _SV_Physics_Noclip         20016bf0 f   g_phys.obj
 0001:00015c70       _SV_Physics_Toss           20016c70 f   g_phys.obj
 0001:00015ff0       _SV_AddRotationalFriction  20016ff0 f   g_phys.obj
 0001:00016100       _SV_Physics_Step           20017100 f   g_phys.obj
 0001:00016580       _G_RunEntity               20017580 f   g_phys.obj
 0001:00016650       _InitGame                  20017650 f   g_save.obj
 0001:00016aa0       _WriteField1               20017aa0 f   g_save.obj
 0001:00016c50       _WriteField2               20017c50 f   g_save.obj
 0001:00016cc0       _ReadField                 20017cc0 f   g_save.obj
 0001:00016e80       _WriteClient               20017e80 f   g_save.obj
 0001:00016f20       _ReadClient                20017f20 f   g_save.obj
 0001:00016f80       _WriteGame                 20017f80 f   g_save.obj
 0001:00017070       _ReadGame                  20018070 f   g_save.obj
 0001:000171b0       _WriteEdict                200181b0 f   g_save.obj
 0001:00017250       _WriteLevelLocals          20018250 f   g_save.obj
 0001:00017300       _ReadEdict                 20018300 f   g_save.obj
 0001:00017360       _ReadLevelLocals           20018360 f   g_save.obj
 0001:000173c0       _WriteLevel                200183c0 f   g_save.obj
 0001:000174d0       _ReadLevel                 200184d0 f   g_save.obj
 0001:00017760       _ED_CallSpawn              20018760 f   g_spawn.obj
 0001:00017860       _ED_NewString              20018860 f   g_spawn.obj
 0001:00017930       _ED_ParseField             20018930 f   g_spawn.obj
 0001:00017ae0       _ED_ParseEdict             20018ae0 f   g_spawn.obj
 0001:00017c10       _G_FindTeams               20018c10 f   g_spawn.obj
 0001:00017db0       _SpawnEntities             20018db0 f   g_spawn.obj
 0001:00018110       _SP_worldspawn             20019110 f   g_spawn.obj
 0001:000187a0       _Svcmd_Test_f              200197a0 f   g_svcmds.obj
 0001:000187d0       _SV_FilterPacket           200197d0 f   g_svcmds.obj
 0001:000188f0       _SVCmd_AddIP_f             200198f0 f   g_svcmds.obj
 0001:00018b40       _SVCmd_RemoveIP_f          20019b40 f   g_svcmds.obj
 0001:00018c60       _SVCmd_ListIP_f            20019c60 f   g_svcmds.obj
 0001:00018cf0       _SVCmd_WriteIP_f           20019cf0 f   g_svcmds.obj
 0001:00018e70       _ServerCommand             20019e70 f   g_svcmds.obj
 0001:00018f40       _Use_Target_Tent           20019f40 f   g_target.obj
 0001:00018f90       _SP_target_temp_entity     20019f90 f   g_target.obj
 0001:00018fb0       _Use_Target_Speaker        20019fb0 f   g_target.obj
 0001:00019050       _SP_target_speaker         2001a050 f   g_target.obj
 0001:000191a0       _Use_Target_Help           2001a1a0 f   g_target.obj
 0001:00019210       _SP_target_help            2001a210 f   g_target.obj
 0001:000192a0       _use_target_secret         2001a2a0 f   g_target.obj
 0001:00019300       _SP_target_secret          2001a300 f   g_target.obj
 0001:000193f0       _use_target_goal           2001a3f0 f   g_target.obj
 0001:00019470       _SP_target_goal            2001a470 f   g_target.obj
 0001:00019500       _target_explosion_explode  2001a500 f   g_target.obj
 0001:000195c0       _use_target_explosion      2001a5c0 f   g_target.obj
 0001:00019630       _SP_target_explosion       2001a630 f   g_target.obj
 0001:00019660       _use_target_changelevel    2001a660 f   g_target.obj
 0001:000197b0       _SP_target_changelevel     2001a7b0 f   g_target.obj
 0001:00019850       _use_target_splash         2001a850 f   g_target.obj
 0001:00019920       _SP_target_splash          2001a920 f   g_target.obj
 0001:00019980       _use_target_spawner        2001a980 f   g_target.obj
 0001:00019a70       _SP_target_spawner         2001aa70 f   g_target.obj
 0001:00019af0       _use_target_blaster        2001aaf0 f   g_target.obj
 0001:00019ba0       _SP_target_blaster         2001aba0 f   g_target.obj
 0001:00019c40       _trigger_crosslevel_trigger_use 2001ac40 f   g_target.obj
 0001:00019c80       _SP_target_crosslevel_trigger 2001ac80 f   g_target.obj
 0001:00019cb0       _target_crosslevel_target_think 2001acb0 f   g_target.obj
 0001:00019d00       _SP_target_crosslevel_target 2001ad00 f   g_target.obj
 0001:00019d70       _target_laser_think        2001ad70 f   g_target.obj
 0001:0001a060       _target_laser_on           2001b060 f   g_target.obj
 0001:0001a0d0       _target_laser_off          2001b0d0 f   g_target.obj
 0001:0001a120       _target_laser_use          2001b120 f   g_target.obj
 0001:0001a170       _target_laser_start        2001b170 f   g_target.obj
 0001:0001a3b0       _SP_target_laser           2001b3b0 f   g_target.obj
 0001:0001a3f0       _target_lightramp_think    2001b3f0 f   g_target.obj
 0001:0001a500       _target_lightramp_use      2001b500 f   g_target.obj
 0001:0001a650       _SP_target_lightramp       2001b650 f   g_target.obj
 0001:0001a830       _target_earthquake_think   2001b830 f   g_target.obj
 0001:0001a9d0       _target_earthquake_use     2001b9d0 f   g_target.obj
 0001:0001aa30       _SP_target_earthquake      2001ba30 f   g_target.obj
 0001:0001ab00       _InitTrigger               2001bb00 f   g_trigger.obj
 0001:0001ab80       _multi_wait                2001bb80 f   g_trigger.obj
 0001:0001aba0       _multi_trigger             2001bba0 f   g_trigger.obj
 0001:0001ac50       _Use_Multi                 2001bc50 f   g_trigger.obj
 0001:0001ac80       _Touch_Multi               2001bc80 f   g_trigger.obj
 0001:0001ad50       _trigger_enable            2001bd50 f   g_trigger.obj
 0001:0001ad90       _SP_trigger_multiple       2001bd90 f   g_trigger.obj
 0001:0001af00       _SP_trigger_once           2001bf00 f   g_trigger.obj
 0001:0001afb0       _trigger_relay_use         2001bfb0 f   g_trigger.obj
 0001:0001afd0       _SP_trigger_relay          2001bfd0 f   g_trigger.obj
 0001:0001aff0       _trigger_key_use           2001bff0 f   g_trigger.obj
 0001:0001b2c0       _SP_trigger_key            2001c2c0 f   g_trigger.obj
 0001:0001b3b0       _trigger_counter_use       2001c3b0 f   g_trigger.obj
 0001:0001b4b0       _SP_trigger_counter        2001c4b0 f   g_trigger.obj
 0001:0001b500       _SP_trigger_always         2001c500 f   g_trigger.obj
 0001:0001b550       _trigger_push_touch        2001c550 f   g_trigger.obj
 0001:0001b6b0       _SP_trigger_push           2001c6b0 f   g_trigger.obj
 0001:0001b720       _hurt_use                  2001c720 f   g_trigger.obj
 0001:0001b790       _hurt_touch                2001c790 f   g_trigger.obj
 0001:0001b8b0       _SP_trigger_hurt           2001c8b0 f   g_trigger.obj
 0001:0001b960       _trigger_gravity_touch     2001c960 f   g_trigger.obj
 0001:0001b990       _SP_trigger_gravity        2001c990 f   g_trigger.obj
 0001:0001ba10       _trigger_monsterjump_touch 2001ca10 f   g_trigger.obj
 0001:0001bac0       _SP_trigger_monsterjump    2001cac0 f   g_trigger.obj
 0001:0001bb50       _AnglesNormalize           2001cb50 f   g_turret.obj
 0001:0001bc00       _SnapToEights              2001cc00 f   g_turret.obj
 0001:0001bc60       _turret_blocked            2001cc60 f   g_turret.obj
 0001:0001bcf0       _turret_breach_fire        2001ccf0 f   g_turret.obj
 0001:0001be20       _turret_breach_think       2001ce20 f   g_turret.obj
 0001:0001c430       _turret_breach_finish_init 2001d430 f   g_turret.obj
 0001:0001c530       _SP_turret_breach          2001d530 f   g_turret.obj
 0001:0001c6b0       _SP_turret_base            2001d6b0 f   g_turret.obj
 0001:0001c710       _turret_driver_die         2001d710 f   g_turret.obj
 0001:0001c7e0       _turret_driver_think       2001d7e0 f   g_turret.obj
 0001:0001ca10       _turret_driver_link        2001da10 f   g_turret.obj
 0001:0001cbf0       _SP_turret_driver          2001dbf0 f   g_turret.obj
 0001:0001ce30       _G_ProjectSource           2001de30 f   g_utils.obj
 0001:0001cec0       _G_Find                    2001dec0 f   g_utils.obj
 0001:0001cf50       _findradius                2001df50 f   g_utils.obj
 0001:0001d040       _G_PickTarget              2001e040 f   g_utils.obj
 0001:0001d0f0       _Think_Delay               2001e0f0 f   g_utils.obj
 0001:0001d130       _G_UseTargets              2001e130 f   g_utils.obj
 0001:0001d3e0       _tv                        2001e3e0 f   g_utils.obj
 0001:0001d430       _vtos                      2001e430 f   g_utils.obj
 0001:0001d4a0       _G_SetMovedir              2001e4a0 f   g_utils.obj
 0001:0001d560       _vectoyaw                  2001e560 f   g_utils.obj
 0001:0001d620       _vectoangles               2001e620 f   g_utils.obj
 0001:0001d7b0       _G_CopyString              2001e7b0 f   g_utils.obj
 0001:0001d800       _G_InitEdict               2001e800 f   g_utils.obj
 0001:0001d850       _G_Spawn                   2001e850 f   g_utils.obj
 0001:0001d940       _G_FreeEdict               2001e940 f   g_utils.obj
 0001:0001d9d0       _G_TouchTriggers           2001e9d0 f   g_utils.obj
 0001:0001dab0       _G_TouchSolids             2001eab0 f   g_utils.obj
 0001:0001db70       _KillBox                   2001eb70 f   g_utils.obj
 0001:0001dc30       _fire_hit                  2001ec30 f   g_weapon.obj
 0001:0001df90       _fire_bullet               2001ef90 f   g_weapon.obj
 0001:0001e5f0       _fire_shotgun              2001f5f0 f   g_weapon.obj
 0001:0001e650       _blaster_touch             2001f650 f   g_weapon.obj
 0001:0001e7a0       _fire_blaster              2001f7a0 f   g_weapon.obj
 0001:0001eb50       _fire_grenade              2001fb50 f   g_weapon.obj
 0001:0001f1b0       _fire_grenade2             200201b0 f   g_weapon.obj
 0001:0001f480       _rocket_touch              20020480 f   g_weapon.obj
 0001:0001f670       _fire_rocket               20020670 f   g_weapon.obj
 0001:0001f860       _fire_rail                 20020860 f   g_weapon.obj
 0001:0001fa40       _bfg_explode               20020a40 f   g_weapon.obj
 0001:0001fc70       _bfg_touch                 20020c70 f   g_weapon.obj
 0001:0001fe80       _bfg_think                 20020e80 f   g_weapon.obj
 0001:00020170       _fire_bfg                  20021170 f   g_weapon.obj
 0001:00020390       _actor_stand               20021390 f   m_actor.obj
 0001:00020400       _actor_walk                20021400 f   m_actor.obj
 0001:00020420       _actor_run                 20021420 f   m_actor.obj
 0001:000204b0       _actor_pain                200214b0 f   m_actor.obj
 0001:00020670       _actorMachineGun           20021670 f   m_actor.obj
 0001:000207e0       _actor_dead                200217e0 f   m_actor.obj
 0001:00020880       _actor_die                 20021880 f   m_actor.obj
 0001:00020990       _actor_fire                20021990 f   m_actor.obj
 0001:000209f0       _actor_attack              200219f0 f   m_actor.obj
 0001:00020a40       _actor_use                 20021a40 f   m_actor.obj
 0001:00020b90       _SP_misc_actor             20021b90 f   m_actor.obj
 0001:00020db0       _target_actor_touch        20021db0 f   m_actor.obj
 0001:00021130       _SP_target_actor           20022130 f   m_actor.obj
 0001:00021290       _berserk_sight             20022290 f   m_berserk.obj
 0001:000212d0       _berserk_search            200222d0 f   m_berserk.obj
 0001:00021310       _berserk_stand             20022310 f   m_berserk.obj
 0001:00021330       _berserk_fidget            20022330 f   m_berserk.obj
 0001:000213b0       _berserk_walk              200223b0 f   m_berserk.obj
 0001:000213d0       _berserk_run               200223d0 f   m_berserk.obj
 0001:00021410       _berserk_attack_spike      20022410 f   m_berserk.obj
 0001:00021450       _berserk_swing             20022450 f   m_berserk.obj
 0001:00021490       _berserk_attack_club       20022490 f   m_berserk.obj
 0001:000214e0       _berserk_strike            200224e0 f   m_berserk.obj
 0001:000214f0       _berserk_melee             200224f0 f   m_berserk.obj
 0001:00021540       _berserk_pain              20022540 f   m_berserk.obj
 0001:00021630       _berserk_dead              20022630 f   m_berserk.obj
 0001:000216d0       _berserk_die               200226d0 f   m_berserk.obj
 0001:00021820       _SP_monster_berserk        20022820 f   m_berserk.obj
 0001:00021a20       _boss2_search              20022a20 f   m_boss2.obj
 0001:00021a80       _Boss2Rocket               20022a80 f   m_boss2.obj
 0001:00021d50       _boss2_firebullet_right    20022d50 f   m_boss2.obj
 0001:00021e30       _boss2_firebullet_left     20022e30 f   m_boss2.obj
 0001:00021f10       _Boss2MachineGun           20022f10 f   m_boss2.obj
 0001:00021f40       _boss2_stand               20022f40 f   m_boss2.obj
 0001:00021f60       _boss2_run                 20022f60 f   m_boss2.obj
 0001:00021fa0       _boss2_walk                20022fa0 f   m_boss2.obj
 0001:00021fc0       _boss2_attack              20022fc0 f   m_boss2.obj
 0001:00022080       _boss2_attack_mg           20023080 f   m_boss2.obj
 0001:000220a0       _boss2_reattack_mg         200230a0 f   m_boss2.obj
 0001:00022120       _boss2_pain                20023120 f   m_boss2.obj
 0001:00022220       _boss2_dead                20023220 f   m_boss2.obj
 0001:000222c0       _boss2_die                 200232c0 f   m_boss2.obj
 0001:00022330       _Boss2_CheckAttack         20023330 f   m_boss2.obj
 0001:00022620       _SP_monster_boss2          20023620 f   m_boss2.obj
 0001:00022820       _Use_Boss3                 20023820 f   m_boss3.obj
 0001:00022880       _Think_Boss3Stand          20023880 f   m_boss3.obj
 0001:000228d0       _SP_monster_boss3_stand    200238d0 f   m_boss3.obj
 0001:000229f0       _jorg_search               200239f0 f   m_boss31.obj
 0001:00022aa0       _jorg_idle                 20023aa0 f   m_boss31.obj
 0001:00022ae0       _jorg_death_hit            20023ae0 f   m_boss31.obj
 0001:00022b20       _jorg_step_left            20023b20 f   m_boss31.obj
 0001:00022b60       _jorg_step_right           20023b60 f   m_boss31.obj
 0001:00022ba0       _jorg_stand                20023ba0 f   m_boss31.obj
 0001:00022bc0       _jorg_walk                 20023bc0 f   m_boss31.obj
 0001:00022be0       _jorg_run                  20023be0 f   m_boss31.obj
 0001:00022c20       _jorg_reattack1            20023c20 f   m_boss31.obj
 0001:00022cb0       _jorg_attack1              20023cb0 f   m_boss31.obj
 0001:00022cd0       _jorg_pain                 20023cd0 f   m_boss31.obj
 0001:00022f00       _jorgBFG                   20023f00 f   m_boss31.obj
 0001:00023000       _jorg_firebullet_right     20024000 f   m_boss31.obj
 0001:000230e0       _jorg_firebullet_left      200240e0 f   m_boss31.obj
 0001:000231c0       _jorg_firebullet           200241c0 f   m_boss31.obj
 0001:000231f0       _jorg_attack               200241f0 f   m_boss31.obj
 0001:000232f0       _jorg_dead                 200242f0 f   m_boss31.obj
 0001:00023300       _jorg_die                  20024300 f   m_boss31.obj
 0001:00023370       _Jorg_CheckAttack          20024370 f   m_boss31.obj
 0001:00023660       _SP_monster_jorg           20024660 f   m_boss31.obj
 0001:00023920       _makron_taunt              20024920 f   m_boss32.obj
 0001:000239d0       _makron_stand              200249d0 f   m_boss32.obj
 0001:000239f0       _makron_hit                200249f0 f   m_boss32.obj
 0001:00023a20       _makron_popup              20024a20 f   m_boss32.obj
 0001:00023a50       _makron_step_left          20024a50 f   m_boss32.obj
 0001:00023a90       _makron_step_right         20024a90 f   m_boss32.obj
 0001:00023ad0       _makron_brainsplorch       20024ad0 f   m_boss32.obj
 0001:00023b10       _makron_prerailgun         20024b10 f   m_boss32.obj
 0001:00023b50       _makron_walk               20024b50 f   m_boss32.obj
 0001:00023b70       _makron_run                20024b70 f   m_boss32.obj
 0001:00023bb0       _makronBFG                 20024bb0 f   m_boss32.obj
 0001:00023cb0       _MakronSaveloc             20024cb0 f   m_boss32.obj
 0001:00023d20       _MakronRailgun             20024d20 f   m_boss32.obj
 0001:00023dc0       _MakronHyperblaster        20024dc0 f   m_boss32.obj
 0001:00023f30       _makron_pain               20024f30 f   m_boss32.obj
 0001:00024100       _makron_sight              20025100 f   m_boss32.obj
 0001:00024120       _makron_attack             20025120 f   m_boss32.obj
 0001:000241f0       _makron_torso_think        200251f0 f   m_boss32.obj
 0001:00024260       _makron_torso              20025260 f   m_boss32.obj
 0001:00024340       _makron_dead               20025340 f   m_boss32.obj
 0001:000243e0       _makron_die                200253e0 f   m_boss32.obj
 0001:00024590       _Makron_CheckAttack        20025590 f   m_boss32.obj
 0001:00024880       _MakronPrecache            20025880 f   m_boss32.obj
 0001:000249b0       _SP_monster_makron         200259b0 f   m_boss32.obj
 0001:00024b50       _MakronSpawn               20025b50 f   m_boss32.obj
 0001:00024c10       _MakronToss                20025c10 f   m_boss32.obj
 0001:00024c80       _brain_sight               20025c80 f   m_brain.obj
 0001:00024cc0       _brain_search              20025cc0 f   m_brain.obj
 0001:00024d00       _brain_stand               20025d00 f   m_brain.obj
 0001:00024d20       _brain_idle                20025d20 f   m_brain.obj
 0001:00024d60       _brain_walk                20025d60 f   m_brain.obj
 0001:00024d80       _brain_duck_down           20025d80 f   m_brain.obj
 0001:00024df0       _brain_duck_hold           20025df0 f   m_brain.obj
 0001:00024e50       _brain_duck_up             20025e50 f   m_brain.obj
 0001:00024eb0       _brain_dodge               20025eb0 f   m_brain.obj
 0001:00024f30       _brain_swing_right         20025f30 f   m_brain.obj
 0001:00024f70       _brain_hit_right           20025f70 f   m_brain.obj
 0001:00024ff0       _brain_swing_left          20025ff0 f   m_brain.obj
 0001:00025030       _brain_hit_left            20026030 f   m_brain.obj
 0001:000250b0       _brain_chest_open          200260b0 f   m_brain.obj
 0001:00025110       _brain_tentacle_attack     20026110 f   m_brain.obj
 0001:000251b0       _brain_chest_closed        200261b0 f   m_brain.obj
 0001:00025210       _brain_melee               20026210 f   m_brain.obj
 0001:00025260       _brain_run                 20026260 f   m_brain.obj
 0001:000252b0       _brain_pain                200262b0 f   m_brain.obj
 0001:00025400       _brain_dead                20026400 f   m_brain.obj
 0001:000254a0       _brain_die                 200264a0 f   m_brain.obj
 0001:00025620       _SP_monster_brain          20026620 f   m_brain.obj
 0001:000258e0       _ChickMoan                 200268e0 f   m_chick.obj
 0001:00025960       _chick_fidget              20026960 f   m_chick.obj
 0001:000259c0       _chick_stand               200269c0 f   m_chick.obj
 0001:000259e0       _chick_walk                200269e0 f   m_chick.obj
 0001:00025a00       _chick_run                 20026a00 f   m_chick.obj
 0001:00025a70       _chick_pain                20026a70 f   m_chick.obj
 0001:00025bd0       _chick_dead                20026bd0 f   m_chick.obj
 0001:00025c70       _chick_die                 20026c70 f   m_chick.obj
 0001:00025e00       _chick_duck_down           20026e00 f   m_chick.obj
 0001:00025e90       _chick_duck_hold           20026e90 f   m_chick.obj
 0001:00025ef0       _chick_duck_up             20026ef0 f   m_chick.obj
 0001:00025f50       _chick_dodge               20026f50 f   m_chick.obj
 0001:00025fb0       _ChickSlash                20026fb0 f   m_chick.obj
 0001:00026020       _ChickRocket               20027020 f   m_chick.obj
 0001:00026100       _Chick_PreAttack1          20027100 f   m_chick.obj
 0001:00026140       _ChickReload               20027140 f   m_chick.obj
 0001:00026180       _chick_rerocket            20027180 f   m_chick.obj
 0001:00026220       _chick_attack1             20027220 f   m_chick.obj
 0001:00026240       _chick_reslash             20027240 f   m_chick.obj
 0001:000262d0       _chick_slash               200272d0 f   m_chick.obj
 0001:000262f0       _chick_melee               200272f0 f   m_chick.obj
 0001:00026310       _chick_attack              20027310 f   m_chick.obj
 0001:00026330       _chick_sight               20027330 f   m_chick.obj
 0001:00026370       _SP_monster_chick          20027370 f   m_chick.obj
 0001:00026610       _flipper_stand             20027610 f   m_flipper.obj
 0001:00026630       _flipper_run_loop          20027630 f   m_flipper.obj
 0001:00026650       _flipper_run               20027650 f   m_flipper.obj
 0001:00026670       _flipper_walk              20027670 f   m_flipper.obj
 0001:00026690       _flipper_start_run         20027690 f   m_flipper.obj
 0001:000266b0       _flipper_bite              200276b0 f   m_flipper.obj
 0001:000266f0       _flipper_preattack         200276f0 f   m_flipper.obj
 0001:00026730       _flipper_melee             20027730 f   m_flipper.obj
 0001:00026750       _flipper_pain              20027750 f   m_flipper.obj
 0001:00026850       _flipper_dead              20027850 f   m_flipper.obj
 0001:000268f0       _flipper_sight             200278f0 f   m_flipper.obj
 0001:00026930       _flipper_die               20027930 f   m_flipper.obj
 0001:00026a70       _SP_monster_flipper        20027a70 f   m_flipper.obj
 0001:00026c70       _floater_sight             20027c70 f   m_float.obj
 0001:00026cb0       _floater_idle              20027cb0 f   m_float.obj
 0001:00026cf0       _floater_fire_blaster      20027cf0 f   m_float.obj
 0001:00026de0       _floater_stand             20027de0 f   m_float.obj
 0001:00026e30       _floater_run               20027e30 f   m_float.obj
 0001:00026e70       _floater_walk              20027e70 f   m_float.obj
 0001:00026e90       _floater_wham              20027e90 f   m_float.obj
 0001:00026ef0       _floater_zap               20027ef0 f   m_float.obj
 0001:00027050       _floater_attack            20028050 f   m_float.obj
 0001:00027070       _floater_melee             20028070 f   m_float.obj
 0001:000270c0       _floater_pain              200280c0 f   m_float.obj
 0001:000271c0       _floater_dead              200281c0 f   m_float.obj
 0001:00027260       _floater_die               20028260 f   m_float.obj
 0001:000272a0       _SP_monster_floater        200282a0 f   m_float.obj
 0001:00027500       _flyer_sight               20028500 f   m_flyer.obj
 0001:00027540       _flyer_idle                20028540 f   m_flyer.obj
 0001:00027580       _flyer_pop_blades          20028580 f   m_flyer.obj
 0001:000275c0       _flyer_run                 200285c0 f   m_flyer.obj
 0001:00027600       _flyer_walk                20028600 f   m_flyer.obj
 0001:00027620       _flyer_stand               20028620 f   m_flyer.obj
 0001:00027640       _flyer_stop                20028640 f   m_flyer.obj
 0001:00027660       _flyer_start               20028660 f   m_flyer.obj
 0001:00027680       _flyer_fire                20028680 f   m_flyer.obj
 0001:00027780       _flyer_fireleft            20028780 f   m_flyer.obj
 0001:000277a0       _flyer_fireright           200287a0 f   m_flyer.obj
 0001:000277c0       _flyer_slash_left          200287c0 f   m_flyer.obj
 0001:00027820       _flyer_slash_right         20028820 f   m_flyer.obj
 0001:00027880       _flyer_loop_melee          20028880 f   m_flyer.obj
 0001:000278a0       _flyer_attack              200288a0 f   m_flyer.obj
 0001:000278c0       _flyer_setstart            200288c0 f   m_flyer.obj
 0001:000278f0       _flyer_nextmove            200288f0 f   m_flyer.obj
 0001:00027950       _flyer_melee               20028950 f   m_flyer.obj
 0001:00027970       _flyer_check_melee         20028970 f   m_flyer.obj
 0001:000279f0       _flyer_pain                200289f0 f   m_flyer.obj
 0001:00027b20       _flyer_die                 20028b20 f   m_flyer.obj
 0001:00027b60       _SP_monster_flyer          20028b60 f   m_flyer.obj
 0001:00027dd0       _gladiator_idle            20028dd0 f   m_gladiator.obj
 0001:00027e10       _gladiator_sight           20028e10 f   m_gladiator.obj
 0001:00027e50       _gladiator_search          20028e50 f   m_gladiator.obj
 0001:00027e90       _gladiator_cleaver_swing   20028e90 f   m_gladiator.obj
 0001:00027ed0       _gladiator_stand           20028ed0 f   m_gladiator.obj
 0001:00027ef0       _gladiator_walk            20028ef0 f   m_gladiator.obj
 0001:00027f10       _gladiator_run             20028f10 f   m_gladiator.obj
 0001:00027f50       _GaldiatorMelee            20028f50 f   m_gladiator.obj
 0001:00027ff0       _gladiator_melee           20028ff0 f   m_gladiator.obj
 0001:00028010       _GladiatorGun              20029010 f   m_gladiator.obj
 0001:000280b0       _gladiator_attack          200290b0 f   m_gladiator.obj
 0001:000281b0       _gladiator_pain            200291b0 f   m_gladiator.obj
 0001:00028300       _gladiator_dead            20029300 f   m_gladiator.obj
 0001:000283a0       _gladiator_die             200293a0 f   m_gladiator.obj
 0001:000284e0       _SP_monster_gladiator      200294e0 f   m_gladiator.obj
 0001:00028740       _gunner_idlesound          20029740 f   m_gunner.obj
 0001:00028780       _gunner_sight              20029780 f   m_gunner.obj
 0001:000287c0       _gunner_search             200297c0 f   m_gunner.obj
 0001:00028800       _gunner_fidget             20029800 f   m_gunner.obj
 0001:00028860       _gunner_stand              20029860 f   m_gunner.obj
 0001:00028880       _gunner_walk               20029880 f   m_gunner.obj
 0001:000288a0       _gunner_run                200298a0 f   m_gunner.obj
 0001:000288e0       _gunner_runandshoot        200298e0 f   m_gunner.obj
 0001:00028900       _gunner_pain               20029900 f   m_gunner.obj
 0001:00028a10       _gunner_dead               20029a10 f   m_gunner.obj
 0001:00028ab0       _gunner_die                20029ab0 f   m_gunner.obj
 0001:00028bf0       _gunner_duck_down          20029bf0 f   m_gunner.obj
 0001:00028cc0       _gunner_duck_hold          20029cc0 f   m_gunner.obj
 0001:00028d20       _gunner_duck_up            20029d20 f   m_gunner.obj
 0001:00028d80       _gunner_dodge              20029d80 f   m_gunner.obj
 0001:00028de0       _gunner_opengun            20029de0 f   m_gunner.obj
 0001:00028e20       _GunnerFire                20029e20 f   m_gunner.obj
 0001:00028f40       _GunnerGrenade             20029f40 f   m_gunner.obj
 0001:00029000       _gunner_attack             2002a000 f   m_gunner.obj
 0001:00029080       _gunner_fire_chain         2002a080 f   m_gunner.obj
 0001:000290a0       _gunner_refire_chain       2002a0a0 f   m_gunner.obj
 0001:00029120       _SP_monster_gunner         2002a120 f   m_gunner.obj
 0001:00029350       _hover_sight               2002a350 f   m_hover.obj
 0001:00029390       _hover_search              2002a390 f   m_hover.obj
 0001:00029410       _hover_reattack            2002a410 f   m_hover.obj
 0001:00029490       _hover_fire_blaster        2002a490 f   m_hover.obj
 0001:00029580       _hover_stand               2002a580 f   m_hover.obj
 0001:000295a0       _hover_run                 2002a5a0 f   m_hover.obj
 0001:000295e0       _hover_walk                2002a5e0 f   m_hover.obj
 0001:00029600       _hover_start_attack        2002a600 f   m_hover.obj
 0001:00029620       _hover_attack              2002a620 f   m_hover.obj
 0001:00029640       _hover_pain                2002a640 f   m_hover.obj
 0001:00029780       _hover_deadthink           2002a780 f   m_hover.obj
 0001:000297e0       _hover_dead                2002a7e0 f   m_hover.obj
 0001:00029890       _hover_die                 2002a890 f   m_hover.obj
 0001:00029a10       _SP_monster_hover          2002aa10 f   m_hover.obj
 0001:00029c30       _infantry_stand            2002ac30 f   m_infantry.obj
 0001:00029c50       _infantry_fidget           2002ac50 f   m_infantry.obj
 0001:00029c90       _infantry_walk             2002ac90 f   m_infantry.obj
 0001:00029cb0       _infantry_run              2002acb0 f   m_infantry.obj
 0001:00029cf0       _infantry_pain             2002acf0 f   m_infantry.obj
 0001:00029df0       _InfantryMachineGun        2002adf0 f   m_infantry.obj
 0001:00029fd0       _infantry_sight            2002afd0 f   m_infantry.obj
 0001:0002a010       _infantry_dead             2002b010 f   m_infantry.obj
 0001:0002a0b0       _infantry_die              2002b0b0 f   m_infantry.obj
 0001:0002a270       _infantry_duck_down        2002b270 f   m_infantry.obj
 0001:0002a300       _infantry_duck_hold        2002b300 f   m_infantry.obj
 0001:0002a360       _infantry_duck_up          2002b360 f   m_infantry.obj
 0001:0002a3c0       _infantry_dodge            2002b3c0 f   m_infantry.obj
 0001:0002a420       _infantry_cock_gun         2002b420 f   m_infantry.obj
 0001:0002a480       _infantry_fire             2002b480 f   m_infantry.obj
 0001:0002a4e0       _infantry_swing            2002b4e0 f   m_infantry.obj
 0001:0002a520       _infantry_smack            2002b520 f   m_infantry.obj
 0001:0002a590       _infantry_attack           2002b590 f   m_infantry.obj
 0001:0002a5e0       _SP_monster_infantry       2002b5e0 f   m_infantry.obj
 0001:0002a840       _insane_fist               2002b840 f   m_insane.obj
 0001:0002a880       _insane_shake              2002b880 f   m_insane.obj
 0001:0002a8c0       _insane_moan               2002b8c0 f   m_insane.obj
 0001:0002a900       _insane_scream             2002b900 f   m_insane.obj
 0001:0002a950       _insane_cross              2002b950 f   m_insane.obj
 0001:0002a9a0       _insane_walk               2002b9a0 f   m_insane.obj
 0001:0002aa40       _insane_run                2002ba40 f   m_insane.obj
 0001:0002aae0       _insane_pain               2002bae0 f   m_insane.obj
 0001:0002ac30       _insane_onground           2002bc30 f   m_insane.obj
 0001:0002ac50       _insane_checkdown          2002bc50 f   m_insane.obj
 0001:0002ace0       _insane_checkup            2002bce0 f   m_insane.obj
 0001:0002ad50       _insane_stand              2002bd50 f   m_insane.obj
 0001:0002ae10       _insane_dead               2002be10 f   m_insane.obj
 0001:0002aed0       _insane_die                2002bed0 f   m_insane.obj
 0001:0002b090       _SP_misc_insane            2002c090 f   m_insane.obj
 0001:0002b3b0       _medic_FindDeadMonster     2002c3b0 f   m_medic.obj
 0001:0002b4b0       _medic_idle                2002c4b0 f   m_medic.obj
 0001:0002b540       _medic_search              2002c540 f   m_medic.obj
 0001:0002b5f0       _medic_sight               2002c5f0 f   m_medic.obj
 0001:0002b630       _medic_stand               2002c630 f   m_medic.obj
 0001:0002b650       _medic_walk                2002c650 f   m_medic.obj
 0001:0002b670       _medic_run                 2002c670 f   m_medic.obj
 0001:0002b730       _medic_pain                2002c730 f   m_medic.obj
 0001:0002b840       _medic_fire_blaster        2002c840 f   m_medic.obj
 0001:0002b970       _medic_dead                2002c970 f   m_medic.obj
 0001:0002ba10       _medic_die                 2002ca10 f   m_medic.obj
 0001:0002bb80       _medic_duck_down           2002cb80 f   m_medic.obj
 0001:0002bc10       _medic_duck_hold           2002cc10 f   m_medic.obj
 0001:0002bc70       _medic_duck_up             2002cc70 f   m_medic.obj
 0001:0002bcd0       _medic_dodge               2002ccd0 f   m_medic.obj
 0001:0002bd30       _medic_continue            2002cd30 f   m_medic.obj
 0001:0002bd90       _medic_hook_launch         2002cd90 f   m_medic.obj
 0001:0002bdd0       _medic_cable_attack        2002cdd0 f   m_medic.obj
 0001:0002c240       _medic_hook_retract        2002d240 f   m_medic.obj
 0001:0002c2a0       _medic_attack              2002d2a0 f   m_medic.obj
 0001:0002c2e0       _medic_checkattack         2002d2e0 f   m_medic.obj
 0001:0002c330       _SP_monster_medic          2002d330 f   m_medic.obj
 0001:0002c5b0       _M_CheckBottom             2002d5b0 f   m_move.obj
 0001:0002c8c0       _SV_movestep               2002d8c0 f   m_move.obj
 0001:0002cec0       _M_ChangeYaw               2002dec0 f   m_move.obj
 0001:0002cfb0       _SV_StepDirection          2002dfb0 f   m_move.obj
 0001:0002d0e0       _SV_FixCheckBottom         2002e0e0 f   m_move.obj
 0001:0002d110       _SV_NewChaseDir            2002e110 f   m_move.obj
 0001:0002d460       _SV_CloseEnough            2002e460 f   m_move.obj
 0001:0002d4e0       _M_MoveToGoal              2002e4e0 f   m_move.obj
 0001:0002d590       _M_walkmove                2002e590 f   m_move.obj
 0001:0002d620       _mutant_step               2002e620 f   m_mutant.obj
 0001:0002d6c0       _mutant_sight              2002e6c0 f   m_mutant.obj
 0001:0002d700       _mutant_search             2002e700 f   m_mutant.obj
 0001:0002d740       _mutant_swing              2002e740 f   m_mutant.obj
 0001:0002d780       _mutant_stand              2002e780 f   m_mutant.obj
 0001:0002d7a0       _mutant_idle_loop          2002e7a0 f   m_mutant.obj
 0001:0002d7e0       _mutant_idle               2002e7e0 f   m_mutant.obj
 0001:0002d820       _mutant_walk_loop          2002e820 f   m_mutant.obj
 0001:0002d840       _mutant_walk               2002e840 f   m_mutant.obj
 0001:0002d860       _mutant_run                2002e860 f   m_mutant.obj
 0001:0002d8a0       _mutant_hit_left           2002e8a0 f   m_mutant.obj
 0001:0002d940       _mutant_hit_right          2002e940 f   m_mutant.obj
 0001:0002d9e0       _mutant_check_refire       2002e9e0 f   m_mutant.obj
 0001:0002da80       _mutant_melee              2002ea80 f   m_mutant.obj
 0001:0002daa0       _mutant_jump_touch         2002eaa0 f   m_mutant.obj
 0001:0002dc00       _mutant_jump_takeoff       2002ec00 f   m_mutant.obj
 0001:0002dcd0       _mutant_check_landing      2002ecd0 f   m_mutant.obj
 0001:0002dd70       _mutant_jump               2002ed70 f   m_mutant.obj
 0001:0002dd90       _mutant_check_melee        2002ed90 f   m_mutant.obj
 0001:0002ddd0       _mutant_check_jump         2002edd0 f   m_mutant.obj
 0001:0002def0       _mutant_checkattack        2002eef0 f   m_mutant.obj
 0001:0002df70       _mutant_pain               2002ef70 f   m_mutant.obj
 0001:0002e0c0       _mutant_dead               2002f0c0 f   m_mutant.obj
 0001:0002e160       _mutant_die                2002f160 f   m_mutant.obj
 0001:0002e2e0       _SP_monster_mutant         2002f2e0 f   m_mutant.obj
 0001:0002e580       _parasite_launch           2002f580 f   m_parasite.obj
 0001:0002e5c0       _parasite_reel_in          2002f5c0 f   m_parasite.obj
 0001:0002e600       _parasite_sight            2002f600 f   m_parasite.obj
 0001:0002e640       _parasite_tap              2002f640 f   m_parasite.obj
 0001:0002e680       _parasite_scratch          2002f680 f   m_parasite.obj
 0001:0002e6c0       _parasite_search           2002f6c0 f   m_parasite.obj
 0001:0002e700       _parasite_end_fidget       2002f700 f   m_parasite.obj
 0001:0002e720       _parasite_do_fidget        2002f720 f   m_parasite.obj
 0001:0002e740       _parasite_refidget         2002f740 f   m_parasite.obj
 0001:0002e790       _parasite_idle             2002f790 f   m_parasite.obj
 0001:0002e7b0       _parasite_stand            2002f7b0 f   m_parasite.obj
 0001:0002e7d0       _parasite_start_run        2002f7d0 f   m_parasite.obj
 0001:0002e810       _parasite_run              2002f810 f   m_parasite.obj
 0001:0002e850       _parasite_start_walk       2002f850 f   m_parasite.obj
 0001:0002e870       _parasite_walk             2002f870 f   m_parasite.obj
 0001:0002e890       _parasite_pain             2002f890 f   m_parasite.obj
 0001:0002e980       _parasite_drain_attack     2002f980 f   m_parasite.obj
 0001:0002ece0       _parasite_attack           2002fce0 f   m_parasite.obj
 0001:0002ed00       _parasite_dead             2002fd00 f   m_parasite.obj
 0001:0002eda0       _parasite_die              2002fda0 f   m_parasite.obj
 0001:0002eee0       _SP_monster_parasite       2002fee0 f   m_parasite.obj
 0001:0002f130       _soldier_idle              20030130 f   m_soldier.obj
 0001:0002f190       _soldier_cock              20030190 f   m_soldier.obj
 0001:0002f200       _soldier_stand             20030200 f   m_soldier.obj
 0001:0002f260       _soldier_walk1_random      20030260 f   m_soldier.obj
 0001:0002f2a0       _soldier_walk              200302a0 f   m_soldier.obj
 0001:0002f2f0       _soldier_run               200302f0 f   m_soldier.obj
 0001:0002f370       _soldier_pain              20030370 f   m_soldier.obj
 0001:0002f550       _soldier_fire              20030550 f   m_soldier.obj
 0001:0002f860       _soldier_fire1             20030860 f   m_soldier.obj
 0001:0002f880       _soldier_attack1_refire1   20030880 f   m_soldier.obj
 0001:0002f920       _soldier_attack1_refire2   20030920 f   m_soldier.obj
 0001:0002f9b0       _soldier_fire2             200309b0 f   m_soldier.obj
 0001:0002f9d0       _soldier_attack2_refire1   200309d0 f   m_soldier.obj
 0001:0002fa70       _soldier_attack2_refire2   20030a70 f   m_soldier.obj
 0001:0002fb00       _soldier_duck_down         20030b00 f   m_soldier.obj
 0001:0002fb90       _soldier_duck_up           20030b90 f   m_soldier.obj
 0001:0002fbf0       _soldier_fire3             20030bf0 f   m_soldier.obj
 0001:0002fc20       _soldier_attack3_refire    20030c20 f   m_soldier.obj
 0001:0002fc60       _soldier_fire4             20030c60 f   m_soldier.obj
 0001:0002fc80       _soldier_fire8             20030c80 f   m_soldier.obj
 0001:0002fca0       _soldier_attack6_refire    20030ca0 f   m_soldier.obj
 0001:0002fd10       _soldier_attack            20030d10 f   m_soldier.obj
 0001:0002fd80       _soldier_sight             20030d80 f   m_soldier.obj
 0001:0002fe60       _soldier_duck_hold         20030e60 f   m_soldier.obj
 0001:0002fec0       _soldier_dodge             20030ec0 f   m_soldier.obj
 0001:00030000       _soldier_fire6             20031000 f   m_soldier.obj
 0001:00030020       _soldier_fire7             20031020 f   m_soldier.obj
 0001:00030040       _soldier_dead              20031040 f   m_soldier.obj
 0001:000300e0       _soldier_die               200310e0 f   m_soldier.obj
 0001:00030310       _SP_monster_soldier_x      20031310 f   m_soldier.obj
 0001:000304a0       _SP_monster_soldier_light  200314a0 f   m_soldier.obj
 0001:00030560       _SP_monster_soldier        20031560 f   m_soldier.obj
 0001:00030600       _SP_monster_soldier_ss     20031600 f   m_soldier.obj
 0001:000306a0       _TreadSound                200316a0 f   m_supertank.obj
 0001:000306e0       _supertank_search          200316e0 f   m_supertank.obj
 0001:00030760       _supertank_stand           20031760 f   m_supertank.obj
 0001:00030780       _supertank_forward         20031780 f   m_supertank.obj
 0001:000307a0       _supertank_walk            200317a0 f   m_supertank.obj
 0001:000307c0       _supertank_run             200317c0 f   m_supertank.obj
 0001:00030800       _supertank_reattack1       20031800 f   m_supertank.obj
 0001:00030880       _supertank_pain            20031880 f   m_supertank.obj
 0001:00030a00       _supertankRocket           20031a00 f   m_supertank.obj
 0001:00030b10       _supertankMachineGun       20031b10 f   m_supertank.obj
 0001:00030c50       _supertank_attack          20031c50 f   m_supertank.obj
 0001:00030d10       _supertank_dead            20031d10 f   m_supertank.obj
 0001:00030db0       _BossExplode               20031db0 f   m_supertank.obj
 0001:00031040       _supertank_die             20032040 f   m_supertank.obj
 0001:000310b0       _SP_monster_supertank      200320b0 f   m_supertank.obj
 0001:000312d0       _tank_sight                200322d0 f   m_tank.obj
 0001:00031310       _tank_footstep             20032310 f   m_tank.obj
 0001:00031350       _tank_thud                 20032350 f   m_tank.obj
 0001:00031390       _tank_windup               20032390 f   m_tank.obj
 0001:000313d0       _tank_idle                 200323d0 f   m_tank.obj
 0001:00031410       _tank_stand                20032410 f   m_tank.obj
 0001:00031430       _tank_walk                 20032430 f   m_tank.obj
 0001:00031450       _tank_run                  20032450 f   m_tank.obj
 0001:00031500       _tank_pain                 20032500 f   m_tank.obj
 0001:00031660       _TankBlaster               20032660 f   m_tank.obj
 0001:00031760       _TankStrike                20032760 f   m_tank.obj
 0001:000317a0       _TankRocket                200327a0 f   m_tank.obj
 0001:000318b0       _TankMachineGun            200328b0 f   m_tank.obj
 0001:00031a30       _tank_reattack_blaster     20032a30 f   m_tank.obj
 0001:00031ac0       _tank_poststrike           20032ac0 f   m_tank.obj
 0001:00031af0       _tank_refire_rocket        20032af0 f   m_tank.obj
 0001:00031b80       _tank_doattack_rocket      20032b80 f   m_tank.obj
 0001:00031ba0       _tank_attack               20032ba0 f   m_tank.obj
 0001:00031d30       _tank_dead                 20032d30 f   m_tank.obj
 0001:00031dd0       _tank_die                  20032dd0 f   m_tank.obj
 0001:00031f20       _SP_monster_tank           20032f20 f   m_tank.obj
 0001:00032210       _SP_info_player_start      20033210 f   p_client.obj
 0001:00032380       _SP_info_player_deathmatch 20033380 f   p_client.obj
 0001:000323c0       _SP_info_player_coop       200333c0 f   p_client.obj
 0001:00032660       _SP_info_player_intermission 20033660 f   p_client.obj
 0001:00032670       _player_pain               20033670 f   p_client.obj
 0001:00032680       _IsFemale                  20033680 f   p_client.obj
 0001:000326e0       _IsNeutral                 200336e0 f   p_client.obj
 0001:00032750       _ClientObituary            20033750 f   p_client.obj
 0001:00032ce0       _TossClientWeapon          20033ce0 f   p_client.obj
 0001:00032ef0       _LookAtKiller              20033ef0 f   p_client.obj
 0001:00033070       _player_die                20034070 f   p_client.obj
 0001:00033440       _InitClientPersistant      20034440 f   p_client.obj
 0001:00033530       _InitClientResp            20034530 f   p_client.obj
 0001:00033580       _SaveClientData            20034580 f   p_client.obj
 0001:00033670       _FetchClientEntData        20034670 f   p_client.obj
 0001:00033700       _PlayersRangeFromSpot      20034700 f   p_client.obj
 0001:000337c0       _SelectRandomDeathmatchSpawnPoint 200347c0 f   p_client.obj
 0001:000338f0       _SelectFarthestDeathmatchSpawnPoint 200348f0 f   p_client.obj
 0001:00033980       _SelectDeathmatchSpawnPoint 20034980 f   p_client.obj
 0001:000339c0       _SelectCoopSpawnPoint      200349c0 f   p_client.obj
 0001:00033a80       _SelectSpawnPoint          20034a80 f   p_client.obj
 0001:00033bf0       _InitBodyQue               20034bf0 f   p_client.obj
 0001:00033c40       _body_die                  20034c40 f   p_client.obj
 0001:00033cf0       _CopyToBodyQue             20034cf0 f   p_client.obj
 0001:00033f10       _respawn                   20034f10 f   p_client.obj
 0001:00033fd0       _spectator_respawn         20034fd0 f   p_client.obj
 0001:00034330       _PutClientInServer         20035330 f   p_client.obj
 0001:00034a00       _ClientBeginDeathmatch     20035a00 f   p_client.obj
 0001:00034ad0       _ClientBegin               20035ad0 f   p_client.obj
 0001:00034c50       _ClientUserinfoChanged     20035c50 f   p_client.obj
 0001:00034e80       _ClientConnect             20035e80 f   p_client.obj
 0001:00035160       _ClientDisconnect          20036160 f   p_client.obj
 0001:00035260       _PM_trace                  20036260 f   p_client.obj
 0001:00035300       _CheckBlock                20036300 f   p_client.obj
 0001:00035350       _PrintPmove                20036350 f   p_client.obj
 0001:000353b0       _ClientThink               200363b0 f   p_client.obj
 0001:00035ac0       _ClientBeginServerFrame    20036ac0 f   p_client.obj
 0001:00035c70       _MoveClientToIntermission  20036c70 f   p_hud.obj
 0001:00035ea0       _BeginIntermission         20036ea0 f   p_hud.obj
 0001:00036190       _DeathmatchScoreboardMessage 20037190 f   p_hud.obj
 0001:000365c0       _DeathmatchScoreboard      200375c0 f   p_hud.obj
 0001:00036600       _Cmd_Score_f               20037600 f   p_hud.obj
 0001:000366a0       _HelpComputer              200376a0 f   p_hud.obj
 0001:000367b0       _Cmd_Help_f                200377b0 f   p_hud.obj
 0001:00036870       _G_SetStats                20037870 f   p_hud.obj
 0001:00036eb0       _G_CheckChaseStats         20037eb0 f   p_hud.obj
 0001:00036f60       _G_SetSpectatorStats       20037f60 f   p_hud.obj
 0001:00037070       _PlayerTrail_Init          20038070 f   p_trail.obj
 0001:000370f0       _PlayerTrail_Add           200380f0 f   p_trail.obj
 0001:000371f0       _PlayerTrail_New           200381f0 f   p_trail.obj
 0001:00037220       _PlayerTrail_PickFirst     20038220 f   p_trail.obj
 0001:00037300       _PlayerTrail_PickNext      20038300 f   p_trail.obj
 0001:00037380       _PlayerTrail_LastSpot      20038380 f   p_trail.obj
 0001:000373b0       _SV_CalcRoll               200383b0 f   p_view.obj
 0001:00037460       _P_DamageFeedback          20038460 f   p_view.obj
 0001:000379e0       _SV_CalcViewOffset         200389e0 f   p_view.obj
 0001:00037e20       _SV_CalcGunOffset          20038e20 f   p_view.obj
 0001:00038080       _SV_AddBlend               20039080 f   p_view.obj
 0001:00038130       _SV_CalcBlend              20039130 f   p_view.obj
 0001:00038620       _P_FallingDamage           20039620 f   p_view.obj
 0001:000388a0       _P_WorldEffects            200398a0 f   p_view.obj
 0001:00039090       _G_SetClientEffects        2003a090 f   p_view.obj
 0001:00039210       _G_SetClientEvent          2003a210 f   p_view.obj
 0001:00039280       _G_SetClientSound          2003a280 f   p_view.obj
 0001:00039410       _G_SetClientFrame          2003a410 f   p_view.obj
 0001:00039660       _ClientEndServerFrame      2003a660 f   p_view.obj
 0001:00039ad0       _PlayerNoise               2003aad0 f   p_weapon.obj
 0001:00039d80       _Pickup_Weapon             2003ad80 f   p_weapon.obj
 0001:00039fb0       _ChangeWeapon              2003afb0 f   p_weapon.obj
 0001:0003a1e0       _NoAmmoWeaponChange        2003b1e0 f   p_weapon.obj
 0001:0003a4c0       _Think_Weapon              2003b4c0 f   p_weapon.obj
 0001:0003a580       _Use_Weapon                2003b580 f   p_weapon.obj
 0001:0003a690       _Drop_Weapon               2003b690 f   p_weapon.obj
 0001:0003a750       _Weapon_Generic            2003b750 f   p_weapon.obj
 0001:0003ac10       _weapon_grenade_fire       2003bc10 f   p_weapon.obj
 0001:0003ae80       _Weapon_Grenade            2003be80 f   p_weapon.obj
 0001:0003b260       _weapon_grenadelauncher_fire 2003c260 f   p_weapon.obj
 0001:0003b420       _Weapon_GrenadeLauncher    2003c420 f   p_weapon.obj
 0001:0003b460       _Weapon_RocketLauncher_Fire 2003c460 f   p_weapon.obj
 0001:0003b640       _Weapon_RocketLauncher     2003c640 f   p_weapon.obj
 0001:0003b680       _Blaster_Fire              2003c680 f   p_weapon.obj
 0001:0003b800       _Weapon_Blaster_Fire       2003c800 f   p_weapon.obj
 0001:0003b870       _Weapon_Blaster            2003c870 f   p_weapon.obj
 0001:0003b8b0       _Weapon_HyperBlaster_Fire  2003c8b0 f   p_weapon.obj
 0001:0003bb80       _Weapon_HyperBlaster       2003cb80 f   p_weapon.obj
 0001:0003bbc0       _Machinegun_Fire           2003cbc0 f   p_weapon.obj
 0001:0003c040       _Weapon_Machinegun         2003d040 f   p_weapon.obj
 0001:0003c080       _Chaingun_Fire             2003d080 f   p_weapon.obj
 0001:0003c5c0       _Weapon_Chaingun           2003d5c0 f   p_weapon.obj
 0001:0003c600       _weapon_shotgun_fire       2003d600 f   p_weapon.obj
 0001:0003c820       _Weapon_Shotgun            2003d820 f   p_weapon.obj
 0001:0003c860       _weapon_supershotgun_fire  2003d860 f   p_weapon.obj
 0001:0003cac0       _Weapon_SuperShotgun       2003dac0 f   p_weapon.obj
 0001:0003cb00       _weapon_railgun_fire       2003db00 f   p_weapon.obj
 0001:0003ccd0       _Weapon_Railgun            2003dcd0 f   p_weapon.obj
 0001:0003cd10       _weapon_bfg_fire           2003dd10 f   p_weapon.obj
 0001:0003cf90       _Weapon_BFG                2003df90 f   p_weapon.obj
 0001:0003cfd0       _RotatePointAroundVector   2003dfd0 f   q_shared.obj
 0001:0003d210       _AngleVectors              2003e210 f   q_shared.obj
 0001:0003d400       _ProjectPointOnPlane       2003e400 f   q_shared.obj
 0001:0003d4d0       _PerpendicularVector       2003e4d0 f   q_shared.obj
 0001:0003d590       _R_ConcatRotations         2003e590 f   q_shared.obj
 0001:0003d740       _R_ConcatTransforms        2003e740 f   q_shared.obj
 0001:0003d990       _Q_fabs                    2003e990 f   q_shared.obj
 0001:0003d9c0       _Q_ftol                    2003e9c0 f   q_shared.obj
 0001:0003d9d0       _LerpAngle                 2003e9d0 f   q_shared.obj
 0001:0003da30       _anglemod                  2003ea30 f   q_shared.obj
 0001:0003da70       _BoxOnPlaneSide2           2003ea70 f   q_shared.obj
 0001:0003db80       _BoxOnPlaneSide            2003eb80 f   q_shared.obj
 0001:0003de00       _ClearBounds               2003ee00 f   q_shared.obj
 0001:0003de50       _AddPointToBounds          2003ee50 f   q_shared.obj
 0001:0003ded0       _VectorCompare             2003eed0 f   q_shared.obj
 0001:0003df20       _VectorNormalize           2003ef20 f   q_shared.obj
 0001:0003dfc0       _VectorNormalize2          2003efc0 f   q_shared.obj
 0001:0003e060       _VectorMA                  2003f060 f   q_shared.obj
 0001:0003e0b0       __DotProduct               2003f0b0 f   q_shared.obj
 0001:0003e0f0       __VectorSubtract           2003f0f0 f   q_shared.obj
 0001:0003e140       __VectorAdd                2003f140 f   q_shared.obj
 0001:0003e190       __VectorCopy               2003f190 f   q_shared.obj
 0001:0003e1d0       _CrossProduct              2003f1d0 f   q_shared.obj
 0001:0003e240       _VectorLength              2003f240 f   q_shared.obj
 0001:0003e2a0       _VectorInverse             2003f2a0 f   q_shared.obj
 0001:0003e2e0       _VectorScale               2003f2e0 f   q_shared.obj
 0001:0003e320       _Q_log2                    2003f320 f   q_shared.obj
 0001:0003e360       _COM_SkipPath              2003f360 f   q_shared.obj
 0001:0003e3b0       _COM_StripExtension        2003f3b0 f   q_shared.obj
 0001:0003e400       _COM_FileExtension         2003f400 f   q_shared.obj
 0001:0003e4a0       _COM_FileBase              2003f4a0 f   q_shared.obj
 0001:0003e550       _COM_FilePath              2003f550 f   q_shared.obj
 0001:0003e5c0       _COM_DefaultExtension      2003f5c0 f   q_shared.obj
 0001:0003e630       _BigShort                  2003f630 f   q_shared.obj
 0001:0003e650       _LittleShort               2003f650 f   q_shared.obj
 0001:0003e670       _BigLong                   2003f670 f   q_shared.obj
 0001:0003e690       _LittleLong                2003f690 f   q_shared.obj
 0001:0003e6b0       _BigFloat                  2003f6b0 f   q_shared.obj
 0001:0003e6d0       _LittleFloat               2003f6d0 f   q_shared.obj
 0001:0003e6f0       _ShortSwap                 2003f6f0 f   q_shared.obj
 0001:0003e740       _ShortNoSwap               2003f740 f   q_shared.obj
 0001:0003e760       _LongSwap                  2003f760 f   q_shared.obj
 0001:0003e7e0       _LongNoSwap                2003f7e0 f   q_shared.obj
 0001:0003e800       _FloatSwap                 2003f800 f   q_shared.obj
 0001:0003e840       _FloatNoSwap               2003f840 f   q_shared.obj
 0001:0003e860       _Swap_Init                 2003f860 f   q_shared.obj
 0001:0003e910       _va                        2003f910 f   q_shared.obj
 0001:0003e950       _COM_Parse                 2003f950 f   q_shared.obj
 0001:0003ead0       _Com_PageInMemory          2003fad0 f   q_shared.obj
 0001:0003eb20       _Q_stricmp                 2003fb20 f   q_shared.obj
 0001:0003eb40       _Q_strncasecmp             2003fb40 f   q_shared.obj
 0001:0003ebd0       _Q_strcasecmp              2003fbd0 f   q_shared.obj
 0001:0003ec00       _Com_sprintf               2003fc00 f   q_shared.obj
 0001:0003ec80       _Info_ValueForKey          2003fc80 f   q_shared.obj
 0001:0003ede0       _Info_RemoveKey            2003fde0 f   q_shared.obj
 0001:0003ef30       _Info_Validate             2003ff30 f   q_shared.obj
 0001:0003ef80       _Info_SetValueForKey       2003ff80 f   q_shared.obj
 0001:0003f180       __fpmath                   20040180 f   LIBCMTD:fpinit.obj
 0001:0003f1b0       __fpclear                  200401b0 f   LIBCMTD:fpinit.obj
 0001:0003f1c0       __cfltcvt_init             200401c0 f   LIBCMTD:fpinit.obj
 0001:0003f210       ___setfflag                20040210 f   LIBCMTD:fpinit.obj
 0001:0003f230       _srand                     20040230 f   LIBCMTD:rand.obj
 0001:0003f240       _rand                      20040240 f   LIBCMTD:rand.obj
 0001:0003f278       __ftol                     20040278 f   LIBCMTD:ftol.obj
 0001:0003f2a0       _strcmp                    200402a0 f   LIBCMTD:strcmp.obj
 0001:0003f340       _strchr                    20040340 f   LIBCMTD:strchr.obj
 0001:0003f346       ___from_strstr_to_strchr   20040346 f   LIBCMTD:strchr.obj
 0001:0003f400       _strcpy                    20040400 f   LIBCMTD:strcat.obj
 0001:0003f410       _strcat                    20040410 f   LIBCMTD:strcat.obj
 0001:0003f4f0       _atol                      200404f0 f   LIBCMTD:atox.obj
 0001:0003f5f0       _atoi                      200405f0 f   LIBCMTD:atox.obj
 0001:0003f610       __atoi64                   20040610 f   LIBCMTD:atox.obj
 0001:0003f740       _strlen                    20040740 f   LIBCMTD:strlen.obj
 0001:0003f7c0       _qsort                     200407c0 f   LIBCMTD:qsort.obj
 0001:0003fac0       _sprintf                   20040ac0 f   LIBCMTD:sprintf.obj
 0001:0003fbc0       _ceil                      20040bc0 f   LIBCMTD:ceil.obj
 0001:0003fd00       _floor                     20040d00 f   LIBCMTD:floor.obj
 0001:0003fe40       __CIsqrt                   20040e40 f   LIBCMTD:sqrt.obj
 0001:0003fe54       _sqrt                      20040e54 f   LIBCMTD:sqrt.obj
 0001:0003ff00       _fabs                      20040f00 f   LIBCMTD:fabs.obj
 0001:00040000       _memcpy                    20041000 f   LIBCMTD:memcpy.obj
 0001:00040340       _vsprintf                  20041340 f   LIBCMTD:vsprintf.obj
 0001:00040440       _malloc                    20041440 f   LIBCMTD:dbgheap.obj
 0001:00040460       __malloc_dbg               20041460 f   LIBCMTD:dbgheap.obj
 0001:00040490       __nh_malloc                20041490 f   LIBCMTD:dbgheap.obj
 0001:000404b0       __nh_malloc_dbg            200414b0 f   LIBCMTD:dbgheap.obj
 0001:00040510       __heap_alloc               20041510 f   LIBCMTD:dbgheap.obj
 0001:00040530       __heap_alloc_dbg           20041530 f   LIBCMTD:dbgheap.obj
 0001:00040850       _calloc                    20041850 f   LIBCMTD:dbgheap.obj
 0001:00040870       __calloc_dbg               20041870 f   LIBCMTD:dbgheap.obj
 0001:000408d0       _realloc                   200418d0 f   LIBCMTD:dbgheap.obj
 0001:000408f0       __realloc_dbg              200418f0 f   LIBCMTD:dbgheap.obj
 0001:00040e50       __expand                   20041e50 f   LIBCMTD:dbgheap.obj
 0001:00040e70       __expand_dbg               20041e70 f   LIBCMTD:dbgheap.obj
 0001:00040eb0       _free                      20041eb0 f   LIBCMTD:dbgheap.obj
 0001:00040ed0       __free_lk                  20041ed0 f   LIBCMTD:dbgheap.obj
 0001:00040ef0       __free_dbg                 20041ef0 f   LIBCMTD:dbgheap.obj
 0001:00040f20       __free_dbg_lk              20041f20 f   LIBCMTD:dbgheap.obj
 0001:00041310       __msize                    20042310 f   LIBCMTD:dbgheap.obj
 0001:00041330       __msize_dbg                20042330 f   LIBCMTD:dbgheap.obj
 0001:00041490       __CrtSetBreakAlloc         20042490 f   LIBCMTD:dbgheap.obj
 0001:000414b0       __CrtSetDbgBlockType       200424b0 f   LIBCMTD:dbgheap.obj
 0001:00041550       __CrtSetAllocHook          20042550 f   LIBCMTD:dbgheap.obj
 0001:00041600       __CrtCheckMemory           20042600 f   LIBCMTD:dbgheap.obj
 0001:00041970       __CrtSetDbgFlag            20042970 f   LIBCMTD:dbgheap.obj
 0001:000419a0       __CrtDoForAllClientObjects 200429a0 f   LIBCMTD:dbgheap.obj
 0001:00041a10       __CrtIsValidPointer        20042a10 f   LIBCMTD:dbgheap.obj
 0001:00041a60       __CrtIsValidHeapPointer    20042a60 f   LIBCMTD:dbgheap.obj
 0001:00041af0       __CrtIsMemoryBlock         20042af0 f   LIBCMTD:dbgheap.obj
 0001:00041be0       __CrtSetDumpClient         20042be0 f   LIBCMTD:dbgheap.obj
 0001:00041c00       __CrtMemCheckpoint         20042c00 f   LIBCMTD:dbgheap.obj
[...]
 0001:000559a0       _ProcessCodePage           200569a0 f   LIBCMTD:getqloc.obj
 0001:00055a40       _TestDefaultCountry        20056a40 f   LIBCMTD:getqloc.obj
 0001:00055a90       _TestDefaultLanguage       20056a90 f   LIBCMTD:getqloc.obj
 0001:00055b20       _IsThisWindowsNT           20056b20 f   LIBCMTD:getqloc.obj
 0001:00055b70       _crtGetLocaleInfoA@16      20056b70 f   LIBCMTD:getqloc.obj
 0001:00055d00       _LcidFromHexString         20056d00 f   LIBCMTD:getqloc.obj
 0001:00055d80       _GetPrimaryLen             20056d80 f   LIBCMTD:getqloc.obj
 0001:00055024       listnext                   20056024 f   LIBCMTD:strpbrk.obj
 0001:00055031       listdone                   20056031 f   LIBCMTD:strpbrk.obj
 0001:00055034       dstnext                    20056034 f   LIBCMTD:strpbrk.obj
 0001:00055044       dstdone                    20056044 f   LIBCMTD:strpbrk.obj
 0001:00054fe4       listnext                   20055fe4 f   LIBCMTD:strcspn.obj
 0001:00054ff1       listdone                   20055ff1 f   LIBCMTD:strcspn.obj
 0001:00054ff8       dstnext                    20055ff8 f   LIBCMTD:strcspn.obj
 0001:00055006       dstdone                    20056006 f   LIBCMTD:strcspn.obj
 0001:000548f0       __get_lc_lconv             200558f0 f   LIBCMTD:initmon.obj
 0001:00054b00       _fix_grouping              20055b00 f   LIBCMTD:initmon.obj
 0001:00054b80       __free_lc_lconv            20055b80 f   LIBCMTD:initmon.obj
 0001:00054740       _fix_grouping              20055740 f   LIBCMTD:initnum.obj
 0001:00053bf0       __get_lc_time              20054bf0 f   LIBCMTD:inittime.obj
 0001:00054180       __free_lc_time             20055180 f   LIBCMTD:inittime.obj
 0001:00053950       MORE32                     20054950 f   LIBCMTD:llshl.obj
 0001:0005395a       RETZERO                    2005495a f   LIBCMTD:llshl.obj
 0001:00051350       _ctrlevent_capture@4       20052350 f   LIBCMTD:winsig.obj
 0001:00051630       _siglookup                 20052630 f   LIBCMTD:winsig.obj
 0001:00050c80       _xtoa                      20051c80 f   LIBCMTD:xtoa.obj
 0001:00050e00       _x64toa@20                 20051e00 f   LIBCMTD:xtoa.obj
 0001:00050bd1       L1                         20051bd1 f   LIBCMTD:ullrem.obj
 0001:00050bdf       L3                         20051bdf f   LIBCMTD:ullrem.obj
 0001:00050c0a       L4                         20051c0a f   LIBCMTD:ullrem.obj
 0001:00050c12       L5                         20051c12 f   LIBCMTD:ullrem.obj
 0001:00050c21       L2                         20051c21 f   LIBCMTD:ullrem.obj
 0001:00050b62       L1                         20051b62 f   LIBCMTD:ulldiv.obj
 0001:00050b70       L3                         20051b70 f   LIBCMTD:ulldiv.obj
 0001:00050b9e       L4                         20051b9e f   LIBCMTD:ulldiv.obj
 0001:00050b9f       L5                         20051b9f f   LIBCMTD:ulldiv.obj
 0001:00050ba3       L2                         20051ba3 f   LIBCMTD:ulldiv.obj
 0001:000505a0       _xcptlookup                200515a0 f   LIBCMTD:winxfltr.obj
 0001:00050100       LeadUp1                    20051100 f   LIBCMTD:memmove.obj
 0001:0005012c       LeadUp2                    2005112c f   LIBCMTD:memmove.obj
 0001:00050150       LeadUp3                    20051150 f   LIBCMTD:memmove.obj
 0001:000501cf       UnwindUp0                  200511cf f   LIBCMTD:memmove.obj
 0001:000501bc       UnwindUp1                  200511bc f   LIBCMTD:memmove.obj
 0001:000501b4       UnwindUp2                  200511b4 f   LIBCMTD:memmove.obj
 0001:000501ac       UnwindUp3                  200511ac f   LIBCMTD:memmove.obj
 0001:000501a4       UnwindUp4                  200511a4 f   LIBCMTD:memmove.obj
 0001:0005019c       UnwindUp5                  2005119c f   LIBCMTD:memmove.obj
 0001:00050194       UnwindUp6                  20051194 f   LIBCMTD:memmove.obj
 0001:0005018c       UnwindUp7                  2005118c f   LIBCMTD:memmove.obj
 0001:000501e8       TrailUp0                   200511e8 f   LIBCMTD:memmove.obj
 0001:000501f0       TrailUp1                   200511f0 f   LIBCMTD:memmove.obj
 0001:000501fc       TrailUp2                   200511fc f   LIBCMTD:memmove.obj
 0001:00050210       TrailUp3                   20051210 f   LIBCMTD:memmove.obj
 0001:00050288       LeadDown1                  20051288 f   LIBCMTD:memmove.obj
 0001:000502a8       LeadDown2                  200512a8 f   LIBCMTD:memmove.obj
 0001:000502d0       LeadDown3                  200512d0 f   LIBCMTD:memmove.obj
 0001:00050324       UnwindDown7                20051324 f   LIBCMTD:memmove.obj
 0001:0005032c       UnwindDown6                2005132c f   LIBCMTD:memmove.obj
 0001:00050334       UnwindDown5                20051334 f   LIBCMTD:memmove.obj
 0001:0005033c       UnwindDown4                2005133c f   LIBCMTD:memmove.obj
 0001:00050344       UnwindDown3                20051344 f   LIBCMTD:memmove.obj
 0001:0005034c       UnwindDown2                2005134c f   LIBCMTD:memmove.obj
 0001:00050354       UnwindDown1                20051354 f   LIBCMTD:memmove.obj
 0001:00050367       UnwindDown0                20051367 f   LIBCMTD:memmove.obj
 0001:00050380       TrailDown0                 20051380 f   LIBCMTD:memmove.obj
 0001:00050388       TrailDown1                 20051388 f   LIBCMTD:memmove.obj
 0001:00050398       TrailDown2                 20051398 f   LIBCMTD:memmove.obj
 0001:000503ac       TrailDown3                 200513ac f   LIBCMTD:memmove.obj
 0001:000500b0       CopyUp                     200510b0 f   LIBCMTD:memmove.obj
 0001:000500cc       CopyLeadUp                 200510cc f   LIBCMTD:memmove.obj
 0001:000500e4       ByteCopyUp                 200510e4 f   LIBCMTD:memmove.obj
 0001:000500ec       CopyUnwindUp               200510ec f   LIBCMTD:memmove.obj
 0001:00050228       CopyDown                   20051228 f   LIBCMTD:memmove.obj
 0001:00050250       CopyUnwindDown             20051250 f   LIBCMTD:memmove.obj
 0001:0005025c       CopyLeadDown               2005125c f   LIBCMTD:memmove.obj
 0001:00050274       ByteCopyDown               20051274 f   LIBCMTD:memmove.obj
 0001:0004f230       __abstract_cw              20050230 f   LIBCMTD:ieee87.obj
 0001:0004f3b0       __hw_cw                    200503b0 f   LIBCMTD:ieee87.obj
 0001:0004f510       __abstract_sw              20050510 f   LIBCMTD:ieee87.obj
 0001:0004e860       _parse_cmdline             2004f860 f   LIBCMTD:stdargv.obj
 0001:0004da20       __setlocale_set_cat        2004ea20 f   LIBCMTD:setlocal.obj
 0001:0004dbc0       __setlocale_get_all        2004ebc0 f   LIBCMTD:setlocal.obj
 0001:0004d32c       fFATN2                     2004e32c f   LIBCMTD:87triga.obj
 0001:0004d3a2       _rtforatnby0               2004e3a2 f   LIBCMTD:87triga.obj
 0001:0004d385       _rtforatn20                2004e385 f   LIBCMTD:87triga.obj
 0001:0004cff0       __hextodec                 2004dff0 f   LIBCMTD:input.obj
 0001:0004d050       __inc                      2004e050 f   LIBCMTD:input.obj
 0001:0004d0b0       __un_inc                   2004e0b0 f   LIBCMTD:input.obj
 0001:0004d0d0       __whiteout                 2004e0d0 f   LIBCMTD:input.obj
 0001:0004ac60       _flsall                    2004bc60 f   LIBCMTD:fflush.obj
 0001:000499e0       __tzset_lk                 2004a9e0 f   LIBCMTD:tzset.obj
 0001:00049dc0       __isindst_lk               2004adc0 f   LIBCMTD:tzset.obj
 0001:0004a0c0       _cvtdate                   2004b0c0 f   LIBCMTD:tzset.obj
 0001:00047ba0       _doexit                    20048ba0 f   LIBCMTD:crt0dat.obj
 0001:00047cb0       __initterm                 20048cb0 f   LIBCMTD:crt0dat.obj
 0001:00046af0       __get_fname                20047af0 f   LIBCMTD:fpexcept.obj
 0001:00045c30       _CrtMessageWindow          20046c30 f   LIBCMTD:dbgrpt.obj
 0001:00045620       _write_char                20046620 f   LIBCMTD:output.obj
 0001:000456a0       _write_multi_char          200466a0 f   LIBCMTD:output.obj
 0001:000456e0       _write_string              200466e0 f   LIBCMTD:output.obj
 0001:00045730       _get_int_arg               20046730 f   LIBCMTD:output.obj
 0001:00045750       _get_int64_arg             20046750 f   LIBCMTD:output.obj
 0001:00045770       _get_short_arg             20046770 f   LIBCMTD:output.obj
 0001:00044649       hard                       20045649 f   LIBCMTD:llmul.obj
 0001:00043e20       __cftoe2                   20044e20 f   LIBCMTD:cvt.obj
 0001:00044000       __cftof2                   20045000 f   LIBCMTD:cvt.obj
 0001:00044290       __shift                    20045290 f   LIBCMTD:cvt.obj
 0001:0004378c       chk_null                   2004478c f   LIBCMTD:stricmp.obj
 0001:000437be       done                       200447be f   LIBCMTD:stricmp.obj
 0001:000437c3       notclocale                 200447c3 f   LIBCMTD:stricmp.obj
 0001:000437d7       do_lock                    200447d7 f   LIBCMTD:stricmp.obj
 0001:000437ec       end_lock                   200447ec f   LIBCMTD:stricmp.obj
 0001:000437f4       chk_null2                  200447f4 f   LIBCMTD:stricmp.obj
 0001:0004381f       done2                      2004481f f   LIBCMTD:stricmp.obj
 0001:0004382f       do_unlock                  2004482f f   LIBCMTD:stricmp.obj
 0001:00043839       end_unlock                 20044839 f   LIBCMTD:stricmp.obj
 0001:0004383b       doret                      2004483b f   LIBCMTD:stricmp.obj
 0001:000436ed       main_loop                  200446ed f   LIBCMTD:memcmp.obj
 0001:0004370a       done                       2004470a f   LIBCMTD:memcmp.obj
 0001:0004370c       retnull                    2004470c f   LIBCMTD:memcmp.obj
 0001:0004370d       dwords                     2004470d f   LIBCMTD:memcmp.obj
 0001:00043735       difference_in_tail         20044735 f   LIBCMTD:memcmp.obj
 0001:0004373a       not_equal                  2004473a f   LIBCMTD:memcmp.obj
 0001:00043742       tail_loop_start            20044742 f   LIBCMTD:memcmp.obj
 0001:00043769       tail_done                  20044769 f   LIBCMTD:memcmp.obj
 0001:0004366a       okay                       2004466a f   LIBCMTD:strncmp.obj
 0001:0004367d       firstbig                   2004467d f   LIBCMTD:strncmp.obj
 0001:0004367f       lastbig                    2004467f f   LIBCMTD:strncmp.obj
 0001:00043681       toend                      20044681 f   LIBCMTD:strncmp.obj
 0001:00043620       _$$$00001                  20044620 f   LIBCMTD:chkstk.obj
 0001:0004362c       probepages                 2004462c f   LIBCMTD:chkstk.obj
 0001:00043640       lastpage                   20044640 f   LIBCMTD:chkstk.obj
 0001:00043378       findnext                   20044378 f   LIBCMTD:strstr.obj
 0001:00043389       loop_start                 20044389 f   LIBCMTD:strstr.obj
 0001:0004338c       in_loop                    2004438c f   LIBCMTD:strstr.obj
 0001:00043394       not_found                  20044394 f   LIBCMTD:strstr.obj
 0001:0004339a       first_char_found           2004439a f   LIBCMTD:strstr.obj
 0001:000433a1       two_first_chars_equal      200443a1 f   LIBCMTD:strstr.obj
 0001:000433a4       compare_loop               200443a4 f   LIBCMTD:strstr.obj
 0001:000433c7       strchr_call                200443c7 f   LIBCMTD:strstr.obj
 0001:000433d3       match                      200443d3 f   LIBCMTD:strstr.obj
 0001:000433da       empty_str2                 200443da f   LIBCMTD:strstr.obj
 0001:000431b4       src_misaligned             200441b4 f   LIBCMTD:strncpy.obj
 0001:000431d0       tail_loop_start            200441d0 f   LIBCMTD:strncpy.obj
 0001:000431d5       copy_tail_loop             200441d5 f   LIBCMTD:strncpy.obj
 0001:000431e2       fill_tail_end1             200441e2 f   LIBCMTD:strncpy.obj
 0001:000431ea       align_dest                 200441ea f   LIBCMTD:strncpy.obj
 0001:000431f2       dest_align_loop            200441f2 f   LIBCMTD:strncpy.obj
 0001:00043204       dest_align_loop_end        20044204 f   LIBCMTD:strncpy.obj
 0001:0004320b       finish_loop                2004420b f   LIBCMTD:strncpy.obj
 0001:0004320e       fill_tail_zero_bytes       2004420e f   LIBCMTD:strncpy.obj
 0001:00043213       finish                     20044213 f   LIBCMTD:strncpy.obj
 0001:00043219       main_loop                  20044219 f   LIBCMTD:strncpy.obj
 0001:00043221       main_loop_entrance         20044221 f   LIBCMTD:strncpy.obj
 0001:00043257       byte_2                     20044257 f   LIBCMTD:strncpy.obj
 0001:00043261       byte_1                     20044261 f   LIBCMTD:strncpy.obj
 0001:0004326b       byte_0                     2004426b f   LIBCMTD:strncpy.obj
 0001:0004326f       fill_with_EOS_dwords       2004426f f   LIBCMTD:strncpy.obj
 0001:00043277       fill_dwords_with_EOS       20044277 f   LIBCMTD:strncpy.obj
 0001:00043279       fill_with_EOS_loop         20044279 f   LIBCMTD:strncpy.obj
 0001:00043281       fill_tail                  20044281 f   LIBCMTD:strncpy.obj
 0001:00043286       fill_tail_end              20044286 f   LIBCMTD:strncpy.obj
 0001:00042ef3       adjust_loop                20043ef3 f   LIBCMTD:memset.obj
 0001:00042ef9       dwords                     20043ef9 f   LIBCMTD:memset.obj
 0001:00042f13       main_loop_tail             20043f13 f   LIBCMTD:memset.obj
 0001:00042f17       tail                       20043f17 f   LIBCMTD:memset.obj
 0001:00042f1d       finish                     20043f1d f   LIBCMTD:memset.obj
 0001:00042f23       toend                      20043f23 f   LIBCMTD:memset.obj
 0001:00040930       _realloc_help              20041930 f   LIBCMTD:dbgheap.obj
 0001:00041570       _CheckBytes                20042570 f   LIBCMTD:dbgheap.obj
 0001:00042160       __printMemBlockData        20043160 f   LIBCMTD:dbgheap.obj
 0001:00040070       LeadUp1                    20041070 f   LIBCMTD:memcpy.obj
 0001:0004009c       LeadUp2                    2004109c f   LIBCMTD:memcpy.obj
 0001:000400c0       LeadUp3                    200410c0 f   LIBCMTD:memcpy.obj
 0001:0004013f       UnwindUp0                  2004113f f   LIBCMTD:memcpy.obj
 0001:0004012c       UnwindUp1                  2004112c f   LIBCMTD:memcpy.obj
 0001:00040124       UnwindUp2                  20041124 f   LIBCMTD:memcpy.obj
 0001:0004011c       UnwindUp3                  2004111c f   LIBCMTD:memcpy.obj
 0001:00040114       UnwindUp4                  20041114 f   LIBCMTD:memcpy.obj
 0001:0004010c       UnwindUp5                  2004110c f   LIBCMTD:memcpy.obj
 0001:00040104       UnwindUp6                  20041104 f   LIBCMTD:memcpy.obj
 0001:000400fc       UnwindUp7                  200410fc f   LIBCMTD:memcpy.obj
 0001:00040158       TrailUp0                   20041158 f   LIBCMTD:memcpy.obj
 0001:00040160       TrailUp1                   20041160 f   LIBCMTD:memcpy.obj
 0001:0004016c       TrailUp2                   2004116c f   LIBCMTD:memcpy.obj
 0001:00040180       TrailUp3                   20041180 f   LIBCMTD:memcpy.obj
 0001:000401f8       LeadDown1                  200411f8 f   LIBCMTD:memcpy.obj
 0001:00040218       LeadDown2                  20041218 f   LIBCMTD:memcpy.obj
 0001:00040240       LeadDown3                  20041240 f   LIBCMTD:memcpy.obj
 0001:00040294       UnwindDown7                20041294 f   LIBCMTD:memcpy.obj
 0001:0004029c       UnwindDown6                2004129c f   LIBCMTD:memcpy.obj
 0001:000402a4       UnwindDown5                200412a4 f   LIBCMTD:memcpy.obj
 0001:000402ac       UnwindDown4                200412ac f   LIBCMTD:memcpy.obj
 0001:000402b4       UnwindDown3                200412b4 f   LIBCMTD:memcpy.obj
 0001:000402bc       UnwindDown2                200412bc f   LIBCMTD:memcpy.obj
 0001:000402c4       UnwindDown1                200412c4 f   LIBCMTD:memcpy.obj
 0001:000402d7       UnwindDown0                200412d7 f   LIBCMTD:memcpy.obj
 0001:000402f0       TrailDown0                 200412f0 f   LIBCMTD:memcpy.obj
 0001:000402f8       TrailDown1                 200412f8 f   LIBCMTD:memcpy.obj
 0001:00040308       TrailDown2                 20041308 f   LIBCMTD:memcpy.obj
 0001:0004031c       TrailDown3                 2004131c f   LIBCMTD:memcpy.obj
 0001:00040020       CopyUp                     20041020 f   LIBCMTD:memcpy.obj
 0001:0004003c       CopyLeadUp                 2004103c f   LIBCMTD:memcpy.obj
 0001:00040054       ByteCopyUp                 20041054 f   LIBCMTD:memcpy.obj
 0001:0004005c       CopyUnwindUp               2004105c f   LIBCMTD:memcpy.obj
 0001:00040198       CopyDown                   20041198 f   LIBCMTD:memcpy.obj
 0001:000401c0       CopyUnwindDown             200411c0 f   LIBCMTD:memcpy.obj
 0001:000401cc       CopyLeadDown               200411cc f   LIBCMTD:memcpy.obj
 0001:000401e4       ByteCopyDown               200411e4 f   LIBCMTD:memcpy.obj
 0001:0003fa00       _shortsort                 20040a00 f   LIBCMTD:qsort.obj
 0001:0003fa70       _swap                      20040a70 f   LIBCMTD:qsort.obj
 0001:0003f74c       str_misaligned             2004074c f   LIBCMTD:strlen.obj
 0001:0003f760       main_loop                  20040760 f   LIBCMTD:strlen.obj
 0001:0003f793       byte_3                     20040793 f   LIBCMTD:strlen.obj
 0001:0003f79d       byte_2                     2004079d f   LIBCMTD:strlen.obj
 0001:0003f7a7       byte_1                     200407a7 f   LIBCMTD:strlen.obj
 0001:0003f7b1       byte_0                     200407b1 f   LIBCMTD:strlen.obj
 0001:0003f41d       dest_misaligned            2004041d f   LIBCMTD:strcat.obj
 0001:0003f42c       find_end_of_dest_string_loop 2004042c f   LIBCMTD:strcat.obj
 0001:0003f45f       start_byte_3               2004045f f   LIBCMTD:strcat.obj
 0001:0003f464       start_byte_2               20040464 f   LIBCMTD:strcat.obj
 0001:0003f469       start_byte_1               20040469 f   LIBCMTD:strcat.obj
 0001:0003f46e       start_byte_0               2004046e f   LIBCMTD:strcat.obj
 0001:0003f47d       src_misaligned             2004047d f   LIBCMTD:strcat.obj
 0001:0003f491       main_loop                  20040491 f   LIBCMTD:strcat.obj
 0001:0003f496       main_loop_entrance         20040496 f   LIBCMTD:strcat.obj
 0001:0003f4ca       byte_3                     200404ca f   LIBCMTD:strcat.obj
 0001:0003f4d2       byte_2                     200404d2 f   LIBCMTD:strcat.obj
 0001:0003f4df       byte_1                     200404df f   LIBCMTD:strcat.obj
 0001:0003f4e8       byte_0                     200404e8 f   LIBCMTD:strcat.obj
 0001:0003f471       copy_start                 20040471 f   LIBCMTD:strcat.obj
 0001:0003f330       _$$$00001                  20040330 f   LIBCMTD:strchr.obj
 0001:0003f358       str_misaligned             20040358 f   LIBCMTD:strchr.obj
 0001:0003f36b       main_loop_start            2004036b f   LIBCMTD:strchr.obj
 0001:0003f376       main_loop                  20040376 f   LIBCMTD:strchr.obj
 0001:0003f3b2       retnull                    200403b2 f   LIBCMTD:strchr.obj
 0001:0003f3b4       retnull_bx                 200403b4 f   LIBCMTD:strchr.obj
 0001:0003f3b8       chr_is_found               200403b8 f   LIBCMTD:strchr.obj
 0001:0003f3e0       byte_3                     200403e0 f   LIBCMTD:strchr.obj
 0001:0003f3e7       byte_2                     200403e7 f   LIBCMTD:strchr.obj
 0001:0003f3ee       byte_1                     200403ee f   LIBCMTD:strchr.obj
 0001:0003f3f5       byte_0                     200403f5 f   LIBCMTD:strchr.obj
 0001:0003f330       found_bx                   20040330 f   LIBCMTD:strchr.obj
 0001:0003f2b0       dodwords                   200402b0 f   LIBCMTD:strcmp.obj
 0001:0003f2e0       doneeq                     200402e0 f   LIBCMTD:strcmp.obj
 0001:0003f2e4       donene                     200402e4 f   LIBCMTD:strcmp.obj
 0001:0003f2ec       dopartial                  200402ec f   LIBCMTD:strcmp.obj
 0001:0003f308       doword                     20040308 f   LIBCMTD:strcmp.obj
